Archive member included to satisfy reference by file (symbol)

/Applications/STM32CubeIDE.app/Contents/Eclipse/plugins/com.st.stm32cube.ide.mcu.externaltools.gnu-tools-for-stm32.12.3.rel1.macos64_1.1.0.202410301201/tools/bin/../lib/gcc/arm-none-eabi/12.3.1/../../../../arm-none-eabi/lib/thumb/v7-m/nofp/libstdc++_nano.a(del_ops.o)
                              ./Core/Src/L6474.o (operator delete(void*, unsigned int))
/Applications/STM32CubeIDE.app/Contents/Eclipse/plugins/com.st.stm32cube.ide.mcu.externaltools.gnu-tools-for-stm32.12.3.rel1.macos64_1.1.0.202410301201/tools/bin/../lib/gcc/arm-none-eabi/12.3.1/../../../../arm-none-eabi/lib/thumb/v7-m/nofp/libstdc++_nano.a(new_op.o)
                              ./Core/Src/file.o (operator new(unsigned int))
/Applications/STM32CubeIDE.app/Contents/Eclipse/plugins/com.st.stm32cube.ide.mcu.externaltools.gnu-tools-for-stm32.12.3.rel1.macos64_1.1.0.202410301201/tools/bin/../lib/gcc/arm-none-eabi/12.3.1/../../../../arm-none-eabi/lib/thumb/v7-m/nofp/libstdc++_nano.a(del_op.o)
                              /Applications/STM32CubeIDE.app/Contents/Eclipse/plugins/com.st.stm32cube.ide.mcu.externaltools.gnu-tools-for-stm32.12.3.rel1.macos64_1.1.0.202410301201/tools/bin/../lib/gcc/arm-none-eabi/12.3.1/../../../../arm-none-eabi/lib/thumb/v7-m/nofp/libstdc++_nano.a(del_ops.o) (operator delete(void*))
/Applications/STM32CubeIDE.app/Contents/Eclipse/plugins/com.st.stm32cube.ide.mcu.externaltools.gnu-tools-for-stm32.12.3.rel1.macos64_1.1.0.202410301201/tools/bin/../lib/gcc/arm-none-eabi/12.3.1/../../../../arm-none-eabi/lib/thumb/v7-m/nofp/libstdc++_nano.a(new_handler.o)
                              /Applications/STM32CubeIDE.app/Contents/Eclipse/plugins/com.st.stm32cube.ide.mcu.externaltools.gnu-tools-for-stm32.12.3.rel1.macos64_1.1.0.202410301201/tools/bin/../lib/gcc/arm-none-eabi/12.3.1/../../../../arm-none-eabi/lib/thumb/v7-m/nofp/libstdc++_nano.a(new_op.o) (std::get_new_handler())
/Applications/STM32CubeIDE.app/Contents/Eclipse/plugins/com.st.stm32cube.ide.mcu.externaltools.gnu-tools-for-stm32.12.3.rel1.macos64_1.1.0.202410301201/tools/bin/../lib/gcc/arm-none-eabi/12.3.1/../../../../arm-none-eabi/lib/thumb/v7-m/nofp/libc_nano.a(libc_a-abort.o)
                              /Applications/STM32CubeIDE.app/Contents/Eclipse/plugins/com.st.stm32cube.ide.mcu.externaltools.gnu-tools-for-stm32.12.3.rel1.macos64_1.1.0.202410301201/tools/bin/../lib/gcc/arm-none-eabi/12.3.1/../../../../arm-none-eabi/lib/thumb/v7-m/nofp/libstdc++_nano.a(new_op.o) (abort)
/Applications/STM32CubeIDE.app/Contents/Eclipse/plugins/com.st.stm32cube.ide.mcu.externaltools.gnu-tools-for-stm32.12.3.rel1.macos64_1.1.0.202410301201/tools/bin/../lib/gcc/arm-none-eabi/12.3.1/../../../../arm-none-eabi/lib/thumb/v7-m/nofp/libc_nano.a(libc_a-exit.o)
                              /Applications/STM32CubeIDE.app/Contents/Eclipse/plugins/com.st.stm32cube.ide.mcu.externaltools.gnu-tools-for-stm32.12.3.rel1.macos64_1.1.0.202410301201/tools/bin/../lib/gcc/arm-none-eabi/12.3.1/../../../../arm-none-eabi/lib/thumb/v7-m/nofp/crt0.o (exit)
/Applications/STM32CubeIDE.app/Contents/Eclipse/plugins/com.st.stm32cube.ide.mcu.externaltools.gnu-tools-for-stm32.12.3.rel1.macos64_1.1.0.202410301201/tools/bin/../lib/gcc/arm-none-eabi/12.3.1/../../../../arm-none-eabi/lib/thumb/v7-m/nofp/libc_nano.a(libc_a-nano-vfprintf_float.o)
                              (_printf_float)
/Applications/STM32CubeIDE.app/Contents/Eclipse/plugins/com.st.stm32cube.ide.mcu.externaltools.gnu-tools-for-stm32.12.3.rel1.macos64_1.1.0.202410301201/tools/bin/../lib/gcc/arm-none-eabi/12.3.1/../../../../arm-none-eabi/lib/thumb/v7-m/nofp/libc_nano.a(libc_a-malloc.o)
                              /Applications/STM32CubeIDE.app/Contents/Eclipse/plugins/com.st.stm32cube.ide.mcu.externaltools.gnu-tools-for-stm32.12.3.rel1.macos64_1.1.0.202410301201/tools/bin/../lib/gcc/arm-none-eabi/12.3.1/../../../../arm-none-eabi/lib/thumb/v7-m/nofp/libstdc++_nano.a(new_op.o) (malloc)
/Applications/STM32CubeIDE.app/Contents/Eclipse/plugins/com.st.stm32cube.ide.mcu.externaltools.gnu-tools-for-stm32.12.3.rel1.macos64_1.1.0.202410301201/tools/bin/../lib/gcc/arm-none-eabi/12.3.1/../../../../arm-none-eabi/lib/thumb/v7-m/nofp/libc_nano.a(libc_a-mallocr.o)
                              /Applications/STM32CubeIDE.app/Contents/Eclipse/plugins/com.st.stm32cube.ide.mcu.externaltools.gnu-tools-for-stm32.12.3.rel1.macos64_1.1.0.202410301201/tools/bin/../lib/gcc/arm-none-eabi/12.3.1/../../../../arm-none-eabi/lib/thumb/v7-m/nofp/libc_nano.a(libc_a-malloc.o) (_malloc_r)
/Applications/STM32CubeIDE.app/Contents/Eclipse/plugins/com.st.stm32cube.ide.mcu.externaltools.gnu-tools-for-stm32.12.3.rel1.macos64_1.1.0.202410301201/tools/bin/../lib/gcc/arm-none-eabi/12.3.1/../../../../arm-none-eabi/lib/thumb/v7-m/nofp/libc_nano.a(libc_a-nano-vfprintf_i.o)
[...]
Memory Configuration

Name             Origin             Length             Attributes
RAM              0x20000000         0x00005000         xrw
FLASH            0x08000000         0x00020000         xr
*default*        0x00000000         0xffffffff

Linker script and memory map

LOAD /Applications/STM32CubeIDE.app/Contents/Eclipse/plugins/com.st.stm32cube.ide.mcu.externaltools.gnu-tools-for-stm32.12.3.rel1.macos64_1.1.0.202410301201/tools/bin/../lib/gcc/arm-none-eabi/12.3.1/thumb/v7-m/nofp/crti.o
LOAD /Applications/STM32CubeIDE.app/Contents/Eclipse/plugins/com.st.stm32cube.ide.mcu.externaltools.gnu-tools-for-stm32.12.3.rel1.macos64_1.1.0.202410301201/tools/bin/../lib/gcc/arm-none-eabi/12.3.1/thumb/v7-m/nofp/crtbegin.o
LOAD /Applications/STM32CubeIDE.app/Contents/Eclipse/plugins/com.st.stm32cube.ide.mcu.externaltools.gnu-tools-for-stm32.12.3.rel1.macos64_1.1.0.202410301201/tools/bin/../lib/gcc/arm-none-eabi/12.3.1/../../../../arm-none-eabi/lib/thumb/v7-m/nofp/crt0.o
LOAD ./Core/Src/IrqHandlers.o
LOAD ./Core/Src/L6474.o
LOAD ./Core/Src/Pwm.o
LOAD ./Core/Src/file.o
LOAD ./Core/Src/main.o
LOAD ./Core/Src/stm32f1xx_hal_msp.o
LOAD ./Core/Src/stm32f1xx_it.o
LOAD ./Core/Src/syscalls.o
LOAD ./Core/Src/sysmem.o
LOAD ./Core/Src/system_stm32f1xx.o
LOAD ./Core/Startup/startup_stm32f103rbtx.o
LOAD ./Drivers/STM32F1xx_HAL_Driver/Src/stm32f1xx_hal.o
LOAD ./Drivers/STM32F1xx_HAL_Driver/Src/stm32f1xx_hal_cortex.o
LOAD ./Drivers/STM32F1xx_HAL_Driver/Src/stm32f1xx_hal_dma.o
LOAD ./Drivers/STM32F1xx_HAL_Driver/Src/stm32f1xx_hal_exti.o
LOAD ./Drivers/STM32F1xx_HAL_Driver/Src/stm32f1xx_hal_flash.o
LOAD ./Drivers/STM32F1xx_HAL_Driver/Src/stm32f1xx_hal_flash_ex.o
LOAD ./Drivers/STM32F1xx_HAL_Driver/Src/stm32f1xx_hal_gpio.o
LOAD ./Drivers/STM32F1xx_HAL_Driver/Src/stm32f1xx_hal_gpio_ex.o
LOAD ./Drivers/STM32F1xx_HAL_Driver/Src/stm32f1xx_hal_pwr.o
LOAD ./Drivers/STM32F1xx_HAL_Driver/Src/stm32f1xx_hal_rcc.o
LOAD ./Drivers/STM32F1xx_HAL_Driver/Src/stm32f1xx_hal_rcc_ex.o
LOAD ./Drivers/STM32F1xx_HAL_Driver/Src/stm32f1xx_hal_spi.o
LOAD ./Drivers/STM32F1xx_HAL_Driver/Src/stm32f1xx_hal_tim.o
LOAD ./Drivers/STM32F1xx_HAL_Driver/Src/stm32f1xx_hal_tim_ex.o
START GROUP
LOAD /Applications/STM32CubeIDE.app/Contents/Eclipse/plugins/com.st.stm32cube.ide.mcu.externaltools.gnu-tools-for-stm32.12.3.rel1.macos64_1.1.0.202410301201/tools/bin/../lib/gcc/arm-none-eabi/12.3.1/../../../../arm-none-eabi/lib/thumb/v7-m/nofp/libstdc++_nano.a
LOAD /Applications/STM32CubeIDE.app/Contents/Eclipse/plugins/com.st.stm32cube.ide.mcu.externaltools.gnu-tools-for-stm32.12.3.rel1.macos64_1.1.0.202410301201/tools/bin/../lib/gcc/arm-none-eabi/12.3.1/../../../../arm-none-eabi/lib/thumb/v7-m/nofp/libsupc++_nano.a
END GROUP
LOAD /Applications/STM32CubeIDE.app/Contents/Eclipse/plugins/com.st.stm32cube.ide.mcu.externaltools.gnu-tools-for-stm32.12.3.rel1.macos64_1.1.0.202410301201/tools/bin/../lib/gcc/arm-none-eabi/12.3.1/../../../../arm-none-eabi/lib/thumb/v7-m/nofp/libstdc++_nano.a
LOAD /Applications/STM32CubeIDE.app/Contents/Eclipse/plugins/com.st.stm32cube.ide.mcu.externaltools.gnu-tools-for-stm32.12.3.rel1.macos64_1.1.0.202410301201/tools/bin/../lib/gcc/arm-none-eabi/12.3.1/../../../../arm-none-eabi/lib/thumb/v7-m/nofp/libm.a
LOAD /Applications/STM32CubeIDE.app/Contents/Eclipse/plugins/com.st.stm32cube.ide.mcu.externaltools.gnu-tools-for-stm32.12.3.rel1.macos64_1.1.0.202410301201/tools/bin/../lib/gcc/arm-none-eabi/12.3.1/../../../../arm-none-eabi/lib/thumb/v7-m/nofp/libc_nano.a
START GROUP
LOAD /Applications/STM32CubeIDE.app/Contents/Eclipse/plugins/com.st.stm32cube.ide.mcu.externaltools.gnu-tools-for-stm32.12.3.rel1.macos64_1.1.0.202410301201/tools/bin/../lib/gcc/arm-none-eabi/12.3.1/thumb/v7-m/nofp/libgcc.a
LOAD /Applications/STM32CubeIDE.app/Contents/Eclipse/plugins/com.st.stm32cube.ide.mcu.externaltools.gnu-tools-for-stm32.12.3.rel1.macos64_1.1.0.202410301201/tools/bin/../lib/gcc/arm-none-eabi/12.3.1/../../../../arm-none-eabi/lib/thumb/v7-m/nofp/libc_nano.a
END GROUP
START GROUP
LOAD /Applications/STM32CubeIDE.app/Contents/Eclipse/plugins/com.st.stm32cube.ide.mcu.externaltools.gnu-tools-for-stm32.12.3.rel1.macos64_1.1.0.202410301201/tools/bin/../lib/gcc/arm-none-eabi/12.3.1/thumb/v7-m/nofp/libgcc.a
LOAD /Applications/STM32CubeIDE.app/Contents/Eclipse/plugins/com.st.stm32cube.ide.mcu.externaltools.gnu-tools-for-stm32.12.3.rel1.macos64_1.1.0.202410301201/tools/bin/../lib/gcc/arm-none-eabi/12.3.1/../../../../arm-none-eabi/lib/thumb/v7-m/nofp/libc_nano.a
LOAD /Applications/STM32CubeIDE.app/Contents/Eclipse/plugins/com.st.stm32cube.ide.mcu.externaltools.gnu-tools-for-stm32.12.3.rel1.macos64_1.1.0.202410301201/tools/bin/../lib/gcc/arm-none-eabi/12.3.1/../../../../arm-none-eabi/lib/thumb/v7-m/nofp/libnosys.a
END GROUP
START GROUP
LOAD /Applications/STM32CubeIDE.app/Contents/Eclipse/plugins/com.st.stm32cube.ide.mcu.externaltools.gnu-tools-for-stm32.12.3.rel1.macos64_1.1.0.202410301201/tools/bin/../lib/gcc/arm-none-eabi/12.3.1/thumb/v7-m/nofp/libgcc.a
LOAD /Applications/STM32CubeIDE.app/Contents/Eclipse/plugins/com.st.stm32cube.ide.mcu.externaltools.gnu-tools-for-stm32.12.3.rel1.macos64_1.1.0.202410301201/tools/bin/../lib/gcc/arm-none-eabi/12.3.1/../../../../arm-none-eabi/lib/thumb/v7-m/nofp/libc_nano.a
LOAD /Applications/STM32CubeIDE.app/Contents/Eclipse/plugins/com.st.stm32cube.ide.mcu.externaltools.gnu-tools-for-stm32.12.3.rel1.macos64_1.1.0.202410301201/tools/bin/../lib/gcc/arm-none-eabi/12.3.1/../../../../arm-none-eabi/lib/thumb/v7-m/nofp/libnosys.a
END GROUP
LOAD /Applications/STM32CubeIDE.app/Contents/Eclipse/plugins/com.st.stm32cube.ide.mcu.externaltools.gnu-tools-for-stm32.12.3.rel1.macos64_1.1.0.202410301201/tools/bin/../lib/gcc/arm-none-eabi/12.3.1/thumb/v7-m/nofp/crtend.o
LOAD /Applications/STM32CubeIDE.app/Contents/Eclipse/plugins/com.st.stm32cube.ide.mcu.externaltools.gnu-tools-for-stm32.12.3.rel1.macos64_1.1.0.202410301201/tools/bin/../lib/gcc/arm-none-eabi/12.3.1/thumb/v7-m/nofp/crtn.o
                0x20005000                        _estack = (ORIGIN (RAM) + LENGTH (RAM))
                0x00000200                        _Min_Heap_Size = 0x200
                0x00000400                        _Min_Stack_Size = 0x400

.isr_vector     0x08000000      0x10c
                0x08000000                        . = ALIGN (0x4)
 *(.isr_vector)
 .isr_vector    0x08000000      0x10c ./Core/Startup/startup_stm32f103rbtx.o
                0x08000000                g_pfnVectors
                0x0800010c                        . = ALIGN (0x4)

.text           0x08000110     0x88a8
                0x08000110                        . = ALIGN (0x4)
 *(.text)
 .text          0x08000110       0x40 /Applications/STM32CubeIDE.app/Contents/Eclipse/plugins/com.st.stm32cube.ide.mcu.externaltools.gnu-tools-for-stm32.12.3.rel1.macos64_1.1.0.202410301201/tools/bin/../lib/gcc/arm-none-eabi/12.3.1/thumb/v7-m/nofp/crtbegin.o
 .text          0x08000150       0x10 /Applications/STM32CubeIDE.app/Contents/Eclipse/plugins/com.st.stm32cube.ide.mcu.externaltools.gnu-tools-for-stm32.12.3.rel1.macos64_1.1.0.202410301201/tools/bin/../lib/gcc/arm-none-eabi/12.3.1/../../../../arm-none-eabi/lib/thumb/v7-m/nofp/libc_nano.a(libc_a-strlen.o)
                0x08000150                strlen
 .text          0x08000160      0x378 /Applications/STM32CubeIDE.app/Contents/Eclipse/plugins/com.st.stm32cube.ide.mcu.externaltools.gnu-tools-for-stm32.12.3.rel1.macos64_1.1.0.202410301201/tools/bin/../lib/gcc/arm-none-eabi/12.3.1/thumb/v7-m/nofp/libgcc.a(_arm_addsubdf3.o)
                0x08000160                __aeabi_drsub
                0x08000168                __subdf3
                0x08000168                __aeabi_dsub
                0x0800016c                __aeabi_dadd
                0x0800016c                __adddf3
                0x080003e4                __aeabi_ui2d
                0x080003e4                __floatunsidf
                0x08000404                __floatsidf
                0x08000404                __aeabi_i2d
                0x08000428                __extendsfdf2
                0x08000428                __aeabi_f2d
                0x0800046c                __aeabi_ul2d
                0x0800046c                __floatundidf
                0x0800047c                __aeabi_l2d
                0x0800047c                __floatdidf
 .text          0x080004d8      0x424 /Applications/STM32CubeIDE.app/Contents/Eclipse/plugins/com.st.stm32cube.ide.mcu.externaltools.gnu-tools-for-stm32.12.3.rel1.macos64_1.1.0.202410301201/tools/bin/../lib/gcc/arm-none-eabi/12.3.1/thumb/v7-m/nofp/libgcc.a(_arm_muldivdf3.o)
                0x080004d8                __aeabi_dmul
                0x080004d8                __muldf3
                0x0800072c                __aeabi_ddiv
                0x0800072c                __divdf3
 .text          0x080008fc      0x110 /Applications/STM32CubeIDE.app/Contents/Eclipse/plugins/com.st.stm32cube.ide.mcu.externaltools.gnu-tools-for-stm32.12.3.rel1.macos64_1.1.0.202410301201/tools/bin/../lib/gcc/arm-none-eabi/12.3.1/thumb/v7-m/nofp/libgcc.a(_arm_cmpdf2.o)
                0x080008fc                __gedf2
                0x080008fc                __gtdf2
                0x08000904                __ledf2
                0x08000904                __ltdf2
                0x0800090c                __cmpdf2
                0x0800090c                __eqdf2
                0x0800090c                __nedf2
                0x08000988                __aeabi_cdrcmple
                0x08000998                __aeabi_cdcmple
                0x08000998                __aeabi_cdcmpeq
                0x080009a8                __aeabi_dcmpeq
                0x080009bc                __aeabi_dcmplt
                0x080009d0                __aeabi_dcmple
                0x080009e4                __aeabi_dcmpge
                0x080009f8                __aeabi_dcmpgt
 .text          0x08000a0c       0x2c /Applications/STM32CubeIDE.app/Contents/Eclipse/plugins/com.st.stm32cube.ide.mcu.externaltools.gnu-tools-for-stm32.12.3.rel1.macos64_1.1.0.202410301201/tools/bin/../lib/gcc/arm-none-eabi/12.3.1/thumb/v7-m/nofp/libgcc.a(_arm_unorddf2.o)
                0x08000a0c                __aeabi_dcmpun
                0x08000a0c                __unorddf2
 .text          0x08000a38       0x50 /Applications/STM32CubeIDE.app/Contents/Eclipse/plugins/com.st.stm32cube.ide.mcu.externaltools.gnu-tools-for-stm32.12.3.rel1.macos64_1.1.0.202410301201/tools/bin/../lib/gcc/arm-none-eabi/12.3.1/thumb/v7-m/nofp/libgcc.a(_arm_fixdfsi.o)
                0x08000a38                __fixdfsi
                0x08000a38                __aeabi_d2iz
 .text          0x08000a88       0xa0 /Applications/STM32CubeIDE.app/Contents/Eclipse/plugins/com.st.stm32cube.ide.mcu.externaltools.gnu-tools-for-stm32.12.3.rel1.macos64_1.1.0.202410301201/tools/bin/../lib/gcc/arm-none-eabi/12.3.1/thumb/v7-m/nofp/libgcc.a(_arm_truncdfsf2.o)
                0x08000a88                __aeabi_d2f
                0x08000a88                __truncdfsf2
 .text          0x08000b28      0x21c /Applications/STM32CubeIDE.app/Contents/Eclipse/plugins/com.st.stm32cube.ide.mcu.externaltools.gnu-tools-for-stm32.12.3.rel1.macos64_1.1.0.202410301201/tools/bin/../lib/gcc/arm-none-eabi/12.3.1/thumb/v7-m/nofp/libgcc.a(_arm_addsubsf3.o)
                0x08000b28                __aeabi_frsub
                0x08000b30                __aeabi_fsub
                0x08000b30                __subsf3
                0x08000b34                __aeabi_fadd
                0x08000b34                __addsf3
                0x08000c94                __aeabi_ui2f
                0x08000c94                __floatunsisf
                0x08000c9c                __floatsisf
                0x08000c9c                __aeabi_i2f
                0x08000cb8                __aeabi_ul2f
                0x08000cb8                __floatundisf
                0x08000cc8                __aeabi_l2f
                0x08000cc8                __floatdisf
 .text          0x08000d44      0x2a0 /Applications/STM32CubeIDE.app/Contents/Eclipse/plugins/com.st.stm32cube.ide.mcu.externaltools.gnu-tools-for-stm32.12.3.rel1.macos64_1.1.0.202410301201/tools/bin/../lib/gcc/arm-none-eabi/12.3.1/thumb/v7-m/nofp/libgcc.a(_arm_muldivsf3.o)
                0x08000d44                __mulsf3
                0x08000d44                __aeabi_fmul
                0x08000eac                __divsf3
                0x08000eac                __aeabi_fdiv
 .text          0x08000fe4       0x40 /Applications/STM32CubeIDE.app/Contents/Eclipse/plugins/com.st.stm32cube.ide.mcu.externaltools.gnu-tools-for-stm32.12.3.rel1.macos64_1.1.0.202410301201/tools/bin/../lib/gcc/arm-none-eabi/12.3.1/thumb/v7-m/nofp/libgcc.a(_arm_fixunssfsi.o)
                0x08000fe4                __aeabi_f2uiz
                0x08000fe4                __fixunssfsi
 *(.text*)
 .text._ZN9ComponentD2Ev
                0x08001024       0x20 ./Core/Src/L6474.o
                0x08001024                Component::~Component()
                0x08001024                Component::~Component()
 .text._ZN9ComponentD0Ev
                0x08001044       0x20 ./Core/Src/L6474.o
                0x08001044                Component::~Component()
 .text._ZN12StepperMotorD2Ev
                0x08001064       0x24 ./Core/Src/L6474.o
                0x08001064                StepperMotor::~StepperMotor()
                0x08001064                StepperMotor::~StepperMotor()
 .text._ZN12StepperMotorD0Ev
                0x08001088       0x20 ./Core/Src/L6474.o
                0x08001088                StepperMotor::~StepperMotor()
 .text._ZN5L6474D2Ev
                0x080010a8       0x24 ./Core/Src/L6474.o
                0x080010a8                L6474::~L6474()
                0x080010a8                L6474::~L6474()
 .text._ZN5L6474D0Ev
                0x080010cc       0x20 ./Core/Src/L6474.o
                0x080010cc                L6474::~L6474()
 .text._ZN5L64744initEPv
                0x080010ec       0x1c ./Core/Src/L6474.o
                0x080010ec                L6474::init(void*)
 .text._ZN5L64747read_idEPh
                0x08001108       0x1c ./Core/Src/L6474.o
                0x08001108                L6474::read_id(unsigned char*)
 .text._ZN5L647410get_statusEv
                0x08001124       0x18 ./Core/Src/L6474.o
                0x08001124                L6474::get_status()
 .text._ZN5L647413get_parameterEj
                0x0800113c       0x6a ./Core/Src/L6474.o
                0x0800113c                L6474::get_parameter(unsigned int)
 .text._ZN5L647412get_positionEv
                0x080011a6       0x18 ./Core/Src/L6474.o
                0x080011a6                L6474::get_position()
 .text._ZN5L64748get_markEv
                0x080011be       0x18 ./Core/Src/L6474.o
                0x080011be                L6474::get_mark()
 .text._ZN5L64749get_speedEv
                0x080011d6       0x18 ./Core/Src/L6474.o
                0x080011d6                L6474::get_speed()
 .text._ZN5L647413get_max_speedEv
                0x080011ee       0x18 ./Core/Src/L6474.o
                0x080011ee                L6474::get_max_speed()
 .text._ZN5L647413get_min_speedEv
                0x08001206       0x18 ./Core/Src/L6474.o
                0x08001206                L6474::get_min_speed()
 .text._ZN5L647416get_accelerationEv
                0x0800121e       0x18 ./Core/Src/L6474.o
                0x0800121e                L6474::get_acceleration()
 .text._ZN5L647416get_decelerationEv
                0x08001236       0x18 ./Core/Src/L6474.o
                0x08001236                L6474::get_deceleration()
 .text._ZN5L647413get_directionEv
                0x0800124e       0x22 ./Core/Src/L6474.o
                0x0800124e                L6474::get_direction()
 .text._ZN5L647413set_parameterEjf
                0x08001270       0x5c ./Core/Src/L6474.o
                0x08001270                L6474::set_parameter(unsigned int, float)
 .text._ZN5L64748set_homeEv
                0x080012cc       0x16 ./Core/Src/L6474.o
                0x080012cc                L6474::set_home()
 .text._ZN5L64748set_markEv
                0x080012e2       0x16 ./Core/Src/L6474.o
                0x080012e2                L6474::set_mark()
 .text._ZN5L647413set_max_speedEj
                0x080012f8       0x20 ./Core/Src/L6474.o
                0x080012f8                L6474::set_max_speed(unsigned int)
 .text._ZN5L647413set_min_speedEj
                0x08001318       0x20 ./Core/Src/L6474.o
                0x08001318                L6474::set_min_speed(unsigned int)
 .text._ZN5L647416set_accelerationEj
                0x08001338       0x20 ./Core/Src/L6474.o
                0x08001338                L6474::set_acceleration(unsigned int)
 .text._ZN5L647416set_decelerationEj
                0x08001358       0x20 ./Core/Src/L6474.o
                0x08001358                L6474::set_deceleration(unsigned int)
 .text._ZN5L64745go_toEi
                0x08001378       0x1a ./Core/Src/L6474.o
                0x08001378                L6474::go_to(int)
 .text._ZN5L64747go_homeEv
                0x08001392       0x16 ./Core/Src/L6474.o
                0x08001392                L6474::go_home()
 .text._ZN5L64747go_markEv
                0x080013a8       0x16 ./Core/Src/L6474.o
                0x080013a8                L6474::go_mark()
 .text._ZN5L64743runEN12StepperMotor11direction_tE
                0x080013be       0x28 ./Core/Src/L6474.o
                0x080013be                L6474::run(StepperMotor::direction_t)
 .text._ZN5L64744moveEN12StepperMotor11direction_tEj
                0x080013e6       0x2c ./Core/Src/L6474.o
                0x080013e6                L6474::move(StepperMotor::direction_t, unsigned int)
 .text._ZN5L64749soft_stopEv
                0x08001412       0x16 ./Core/Src/L6474.o
                0x08001412                L6474::soft_stop()
 .text._ZN5L64749hard_stopEv
                0x08001428       0x16 ./Core/Src/L6474.o
                0x08001428                L6474::hard_stop()
 .text._ZN5L64748soft_hizEv
                0x0800143e       0x1c ./Core/Src/L6474.o
                0x0800143e                L6474::soft_hiz()
 .text._ZN5L64748hard_hizEv
                0x0800145a       0x1c ./Core/Src/L6474.o
                0x0800145a                L6474::hard_hiz()
 .text._ZN5L647417wait_while_activeEv
                0x08001476       0x16 ./Core/Src/L6474.o
                0x08001476                L6474::wait_while_active()
 .text._ZN5L647416get_device_stateEv
                0x0800148c       0x18 ./Core/Src/L6474.o
                0x0800148c                L6474::get_device_state()
 .text._ZN5L647420read_status_registerEv
                0x080014a4       0x18 ./Core/Src/L6474.o
                0x080014a4                L6474::read_status_register()
 .text._ZN5L647413set_step_modeEN12StepperMotor11step_mode_tE
                0x080014bc       0x36 ./Core/Src/L6474.o
                0x080014bc                L6474::set_step_mode(StepperMotor::step_mode_t)
 .text._ZN5L647420attach_error_handlerEPFvtE
                0x080014f2       0x1a ./Core/Src/L6474.o
                0x080014f2                L6474::attach_error_handler(void (*)(unsigned short))
 .text._ZN5L64746enableEv
                0x0800150c       0x16 ./Core/Src/L6474.o
                0x0800150c                L6474::enable()
 .text._ZN5L64747disableEv
                0x08001522       0x16 ./Core/Src/L6474.o
                0x08001522                L6474::disable()
 .text._ZN5L647414get_fw_versionEv
                0x08001538       0x18 ./Core/Src/L6474.o
                0x08001538                L6474::get_fw_version()
 .text._ZN5L647411L6474_DelayEm
                0x08001550       0x18 ./Core/Src/L6474.o
                0x08001550                L6474::L6474_Delay(unsigned long)
 .text._ZN5L647415L6474_EnableIrqEv
                0x08001568       0x16 ./Core/Src/L6474.o
                0x08001568                L6474::L6474_EnableIrq()
 .text._ZN5L647416L6474_DisableIrqEv
                0x0800157e       0x16 ./Core/Src/L6474.o
                0x0800157e                L6474::L6474_DisableIrq()
 .text._ZN5L647413L6474_PwmInitEv
                0x08001594       0x12 ./Core/Src/L6474.o
                0x08001594                L6474::L6474_PwmInit()
 *fill*         0x080015a6        0x2 
 .text._ZN5L647418L6474_ReleaseResetEv
                0x080015a8       0x20 ./Core/Src/L6474.o
                0x080015a8                L6474::L6474_ReleaseReset()
 .text._ZN5L647422L6474_SetDirectionGpioEh
                0x080015c8       0x28 ./Core/Src/L6474.o
                0x080015c8                L6474::L6474_SetDirectionGpio(unsigned char)
 .text._ZN5L647419L6474_SpiWriteBytesEPhS0_
                0x080015f0       0x34 ./Core/Src/L6474.o
                0x080015f0                L6474::L6474_SpiWriteBytes(unsigned char*, unsigned char*)
 .text._ZN9ComponentC2Ev
                0x08001624       0x20 ./Core/Src/L6474.o
                0x08001624                Component::Component()
                0x08001624                Component::Component()
 .text._ZN12StepperMotorC2Ev
                0x08001644       0x24 ./Core/Src/L6474.o
                0x08001644                StepperMotor::StepperMotor()
                0x08001644                StepperMotor::StepperMotor()
 .text._ZN5L6474C2Ev
                0x08001668       0x80 ./Core/Src/L6474.o
                0x08001668                L6474::L6474()
                0x08001668                L6474::L6474()
 .text._ZN5L647415attach_flag_irqEPFvvE
                0x080016e8       0x20 ./Core/Src/L6474.o
                0x080016e8                L6474::attach_flag_irq(void (*)())
 .text._ZN5L647415enable_flag_irqEv
                0x08001708       0x1c ./Core/Src/L6474.o
                0x08001708                L6474::enable_flag_irq()
 .text._ZN5L647424L6474_AttachErrorHandlerEPFvtE
                0x08001724       0x1a ./Core/Src/L6474.o
                0x08001724                L6474::L6474_AttachErrorHandler(void (*)(unsigned short))
 .text._ZN5L647410L6474_InitEPv
                0x0800173e       0x4a ./Core/Src/L6474.o
                0x0800173e                L6474::L6474_Init(void*)
 .text._ZN5L647412L6474_ReadIDEPh
                0x08001788       0x20 ./Core/Src/L6474.o
                0x08001788                L6474::L6474_ReadID(unsigned char*)
 .text._ZN5L647421L6474_GetAccelerationEv
                0x080017a8       0x1a ./Core/Src/L6474.o
                0x080017a8                L6474::L6474_GetAcceleration()
 .text._ZN5L647421L6474_GetCurrentSpeedEv
                0x080017c2       0x1a ./Core/Src/L6474.o
                0x080017c2                L6474::L6474_GetCurrentSpeed()
 .text._ZN5L647421L6474_GetDecelerationEv
                0x080017dc       0x1a ./Core/Src/L6474.o
                0x080017dc                L6474::L6474_GetDeceleration()
 .text._ZN5L647420L6474_GetDeviceStateEv
                0x080017f6       0x1a ./Core/Src/L6474.o
                0x080017f6                L6474::L6474_GetDeviceState()
 .text._ZN5L647418L6474_GetFwVersionEv
                0x08001810       0x14 ./Core/Src/L6474.o
                0x08001810                L6474::L6474_GetFwVersion()
 .text._ZN5L647413L6474_GetMarkEv
                0x08001824       0x24 ./Core/Src/L6474.o
                0x08001824                L6474::L6474_GetMark()
 .text._ZN5L647417L6474_GetMaxSpeedEv
                0x08001848       0x1a ./Core/Src/L6474.o
                0x08001848                L6474::L6474_GetMaxSpeed()
 .text._ZN5L647417L6474_GetMinSpeedEv
                0x08001862       0x1a ./Core/Src/L6474.o
                0x08001862                L6474::L6474_GetMinSpeed()
 .text._ZN5L647417L6474_GetPositionEv
                0x0800187c       0x24 ./Core/Src/L6474.o
                0x0800187c                L6474::L6474_GetPosition()
 .text._ZN5L647412L6474_GoHomeEv
                0x080018a0       0x18 ./Core/Src/L6474.o
                0x080018a0                L6474::L6474_GoHome()
 .text._ZN5L647412L6474_GoMarkEv
                0x080018b8       0x30 ./Core/Src/L6474.o
                0x080018b8                L6474::L6474_GoMark()
 .text._ZN5L647410L6474_GoToEl
                0x080018e8       0x9a ./Core/Src/L6474.o
                0x080018e8                L6474::L6474_GoTo(long)
 .text._ZN5L647414L6474_HardStopEv
                0x08001982       0x2e ./Core/Src/L6474.o
                0x08001982                L6474::L6474_HardStop()
 .text._ZN5L647410L6474_MoveE10motorDir_tm
                0x080019b0       0x76 ./Core/Src/L6474.o
                0x080019b0                L6474::L6474_Move(motorDir_t, unsigned long)
 .text._ZN5L64749L6474_RunE10motorDir_t
                0x08001a26       0x48 ./Core/Src/L6474.o
                0x08001a26                L6474::L6474_Run(motorDir_t)
 .text._ZN5L647421L6474_SetAccelerationEt
                0x08001a6e       0x50 ./Core/Src/L6474.o
                0x08001a6e                L6474::L6474_SetAcceleration(unsigned short)
 .text._ZN5L647421L6474_SetDecelerationEt
                0x08001abe       0x50 ./Core/Src/L6474.o
                0x08001abe                L6474::L6474_SetDeceleration(unsigned short)
 .text._ZN5L647413L6474_SetHomeEv
                0x08001b0e       0x1a ./Core/Src/L6474.o
                0x08001b0e                L6474::L6474_SetHome()
 .text._ZN5L647413L6474_SetMarkEv
                0x08001b28       0x24 ./Core/Src/L6474.o
                0x08001b28                L6474::L6474_SetMark()
 .text._ZN5L647417L6474_SetMaxSpeedEt
                0x08001b4c       0x68 ./Core/Src/L6474.o
                0x08001b4c                L6474::L6474_SetMaxSpeed(unsigned short)
 .text._ZN5L647417L6474_SetMinSpeedEt
                0x08001bb4       0x68 ./Core/Src/L6474.o
                0x08001bb4                L6474::L6474_SetMinSpeed(unsigned short)
 .text._ZN5L647414L6474_SoftStopEv
                0x08001c1c       0x3a ./Core/Src/L6474.o
                0x08001c1c                L6474::L6474_SoftStop()
 .text._ZN5L647421L6474_WaitWhileActiveEv
                0x08001c56       0x2a ./Core/Src/L6474.o
                0x08001c56                L6474::L6474_WaitWhileActive()
 .text._ZN5L647416L6474_CmdDisableEv
                0x08001c80       0x18 ./Core/Src/L6474.o
                0x08001c80                L6474::L6474_CmdDisable()
 .text._ZN5L647415L6474_CmdEnableEv
                0x08001c98       0x18 ./Core/Src/L6474.o
                0x08001c98                L6474::L6474_CmdEnable()
 .text._ZN5L647417L6474_CmdGetParamE17L6474_Registers_t
                0x08001cb0      0x1e8 ./Core/Src/L6474.o
                0x08001cb0                L6474::L6474_CmdGetParam(L6474_Registers_t)
 .text._ZN5L647418L6474_CmdGetStatusEv
                0x08001e98      0x110 ./Core/Src/L6474.o
                0x08001e98                L6474::L6474_CmdGetStatus()
 .text._ZN5L647417L6474_CmdSetParamE17L6474_Registers_tm
                0x08001fa8      0x1c8 ./Core/Src/L6474.o
                0x08001fa8                L6474::L6474_CmdSetParam(L6474_Registers_t, unsigned long)
 .text._ZN5L647424L6474_ReadStatusRegisterEv
                0x08002170       0x1c ./Core/Src/L6474.o
                0x08002170                L6474::L6474_ReadStatusRegister()
 .text._ZN5L647420L6474_SelectStepModeE15motorStepMode_t
                0x0800218c       0x94 ./Core/Src/L6474.o
                0x0800218c                L6474::L6474_SelectStepMode(motorStepMode_t)
 .text._ZN5L647418L6474_GetDirectionEv
                0x08002220       0x1a ./Core/Src/L6474.o
                0x08002220                L6474::L6474_GetDirection()
 .text._ZN5L647418L6474_SetDirectionE10motorDir_t
                0x0800223a       0x3c ./Core/Src/L6474.o
                0x0800223a                L6474::L6474_SetDirection(motorDir_t)
 .text._ZN5L647416L6474_ApplySpeedEt
                0x08002276       0x40 ./Core/Src/L6474.o
                0x08002276                L6474::L6474_ApplySpeed(unsigned short)
 .text._ZN5L647425L6474_ComputeSpeedProfileEm
                0x080022b6       0xe8 ./Core/Src/L6474.o
                0x080022b6                L6474::L6474_ComputeSpeedProfile(unsigned long)
 .text._ZN5L647421L6474_ConvertPositionEm
                0x0800239e       0x40 ./Core/Src/L6474.o
                0x0800239e                L6474::L6474_ConvertPosition(unsigned long)
 .text._ZN5L647418L6474_ErrorHandlerEt
                0x080023de       0x2c ./Core/Src/L6474.o
                0x080023de                L6474::L6474_ErrorHandler(unsigned short)
 *fill*         0x0800240a        0x2 
 .text._ZN5L647417L6474_SendCommandEh
                0x0800240c       0xa4 ./Core/Src/L6474.o
                0x0800240c                L6474::L6474_SendCommand(unsigned char)
 .text._ZN5L647435L6474_SetRegisterToPredefinedValuesEv
                0x080024b0      0x1f4 ./Core/Src/L6474.o
                0x080024b0                L6474::L6474_SetRegisterToPredefinedValues()
 .text._ZN5L647439L6474_SetRegisterToInitializationValuesEP12L6474_init_t
                0x080026a4      0x13e ./Core/Src/L6474.o
                0x080026a4                L6474::L6474_SetRegisterToInitializationValues(L6474_init_t*)
 *fill*         0x080027e2        0x2 
 .text._ZN5L647416L6474_WriteBytesEPhS0_
                0x080027e4       0x50 ./Core/Src/L6474.o
                0x080027e4                L6474::L6474_WriteBytes(unsigned char*, unsigned char*)
 .text._ZN5L647419L6474_StartMovementEv
                0x08002834       0x56 ./Core/Src/L6474.o
                0x08002834                L6474::L6474_StartMovement()
 *fill*         0x0800288a        0x2 
 .text._ZN5L647422L6474_StepClockHandlerEv
                0x0800288c      0x35c ./Core/Src/L6474.o
                0x0800288c                L6474::L6474_StepClockHandler()
 .text._ZN5L647425L6474_Tval_Current_to_ParEf
                0x08002be8       0x38 ./Core/Src/L6474.o
                0x08002be8                L6474::L6474_Tval_Current_to_Par(float)
 .text._ZN5L647425L6474_Par_to_Tval_CurrentEf
                0x08002c20       0x38 ./Core/Src/L6474.o
                0x08002c20                L6474::L6474_Par_to_Tval_Current(float)
 .text._ZN5L647422L6474_Tmin_Time_to_ParEf
                0x08002c58       0x34 ./Core/Src/L6474.o
                0x08002c58                L6474::L6474_Tmin_Time_to_Par(float)
 .text._ZN5L647422L6474_Par_to_Tmin_TimeEf
                0x08002c8c       0x36 ./Core/Src/L6474.o
                0x08002c8c                L6474::L6474_Par_to_Tmin_Time(float)
 *fill*         0x08002cc2        0x2 
 .text._ZN5L64749ReadWriteEPhS0_t
                0x08002cc4       0x58 ./Core/Src/L6474.o
                0x08002cc4                L6474::ReadWrite(unsigned char*, unsigned char*, unsigned short)
 .text._ZZN5L647416L6474_PwmSetFreqEtENKUlPvE_clES0_
                0x08002d1c       0x18 ./Core/Src/L6474.o
 .text._ZZN5L647416L6474_PwmSetFreqEtENUlPvE_4_FUNES0_
                0x08002d34       0x16 ./Core/Src/L6474.o
 *fill*         0x08002d4a        0x2 
 .text._ZZN5L647416L6474_PwmSetFreqEtENKUlPvE_cvPFvS0_EEv
                0x08002d4c       0x18 ./Core/Src/L6474.o
 .text._ZN5L647416L6474_PwmSetFreqEt
                0x08002d64       0x88 ./Core/Src/L6474.o
                0x08002d64                L6474::L6474_PwmSetFreq(unsigned short)
 .text._ZN5L647413L6474_PwmStopEv
                0x08002dec       0x30 ./Core/Src/L6474.o
                0x08002dec                L6474::L6474_PwmStop()
 .text._ZN3PwmC2Ev
                0x08002e1c       0x80 ./Core/Src/Pwm.o
                0x08002e1c                Pwm::Pwm()
                0x08002e1c                Pwm::Pwm()
 .text._ZN3Pwm5writeEf
                0x08002e9c       0x50 ./Core/Src/Pwm.o
                0x08002e9c                Pwm::write(float)
 .text._ZN3Pwm6periodEf
                0x08002eec       0x68 ./Core/Src/Pwm.o
                0x08002eec                Pwm::period(float)
 .text.L6474_create
                0x08002f54       0x5c ./Core/Src/file.o
                0x08002f54                L6474_create
 .text._Z16flag_irq_handlerv
                0x08002fb0       0x4c ./Core/Src/file.o
                0x08002fb0                flag_irq_handler()
 .text.L6474_move
                0x08002ffc       0xe8 ./Core/Src/file.o
                0x08002ffc                L6474_move
 .text.L6474_run
                0x080030e4       0x34 ./Core/Src/file.o
                0x080030e4                L6474_run
 .text.main     0x08003118       0x58 ./Core/Src/main.o
                0x08003118                main
 .text.SystemClock_Config
                0x08003170       0x80 ./Core/Src/main.o
                0x08003170                SystemClock_Config
 .text.MX_SPI1_Init
                0x080031f0       0x6c ./Core/Src/main.o
 .text.MX_TIM3_Init
                0x0800325c       0xb4 ./Core/Src/main.o
 .text.MX_DMA_Init
                0x08003310       0x4c ./Core/Src/main.o
 .text.MX_GPIO_Init
                0x0800335c       0xf0 ./Core/Src/main.o
 .text.HAL_SPI_ErrorCallback
                0x0800344c       0x1c ./Core/Src/main.o
                0x0800344c                HAL_SPI_ErrorCallback
 .text.Error_Handler
                0x08003468        0xc ./Core/Src/main.o
                0x08003468                Error_Handler
 .text.HAL_MspInit
                0x08003474       0x64 ./Core/Src/stm32f1xx_hal_msp.o
                0x08003474                HAL_MspInit
 .text.HAL_SPI_MspInit
                0x080034d8      0x154 ./Core/Src/stm32f1xx_hal_msp.o
                0x080034d8                HAL_SPI_MspInit
 .text.HAL_TIM_PWM_MspInit
                0x0800362c       0x4c ./Core/Src/stm32f1xx_hal_msp.o
                0x0800362c                HAL_TIM_PWM_MspInit
 .text.HAL_TIM_MspPostInit
                0x08003678       0x8c ./Core/Src/stm32f1xx_hal_msp.o
                0x08003678                HAL_TIM_MspPostInit
 .text.NMI_Handler
                0x08003704        0x8 ./Core/Src/stm32f1xx_it.o
                0x08003704                NMI_Handler
 .text.HardFault_Handler
                0x0800370c        0x8 ./Core/Src/stm32f1xx_it.o
                0x0800370c                HardFault_Handler
 .text.MemManage_Handler
                0x08003714        0x8 ./Core/Src/stm32f1xx_it.o
                0x08003714                MemManage_Handler
 .text.BusFault_Handler
                0x0800371c        0x8 ./Core/Src/stm32f1xx_it.o
                0x0800371c                BusFault_Handler
 .text.UsageFault_Handler
                0x08003724        0x8 ./Core/Src/stm32f1xx_it.o
                0x08003724                UsageFault_Handler
 .text.SVC_Handler
                0x0800372c        0xc ./Core/Src/stm32f1xx_it.o
                0x0800372c                SVC_Handler
 .text.DebugMon_Handler
                0x08003738        0xc ./Core/Src/stm32f1xx_it.o
                0x08003738                DebugMon_Handler
 .text.PendSV_Handler
                0x08003744        0xc ./Core/Src/stm32f1xx_it.o
                0x08003744                PendSV_Handler
 .text.SysTick_Handler
                0x08003750        0xc ./Core/Src/stm32f1xx_it.o
                0x08003750                SysTick_Handler
 .text.DMA1_Channel2_IRQHandler
                0x0800375c       0x14 ./Core/Src/stm32f1xx_it.o
                0x0800375c                DMA1_Channel2_IRQHandler
 .text.DMA1_Channel3_IRQHandler
                0x08003770       0x14 ./Core/Src/stm32f1xx_it.o
                0x08003770                DMA1_Channel3_IRQHandler
 .text.TIM3_IRQHandler
                0x08003784       0x2c ./Core/Src/stm32f1xx_it.o
                0x08003784                TIM3_IRQHandler
 .text.SPI1_IRQHandler
                0x080037b0       0x14 ./Core/Src/stm32f1xx_it.o
                0x080037b0                SPI1_IRQHandler
 .text.EXTI15_10_IRQHandler
                0x080037c4       0x2c ./Core/Src/stm32f1xx_it.o
                0x080037c4                EXTI15_10_IRQHandler
 .text.ITM_SendChar
                0x080037f0       0x4c ./Core/Src/syscalls.o
                0x080037f0                ITM_SendChar
 .text._getpid  0x0800383c        0xe ./Core/Src/syscalls.o
                0x0800383c                _getpid
 .text._kill    0x0800384a       0x20 ./Core/Src/syscalls.o
                0x0800384a                _kill
 .text._exit    0x0800386a       0x16 ./Core/Src/syscalls.o
                0x0800386a                _exit
 .text._read    0x08003880       0x3a ./Core/Src/syscalls.o
                0x08003880                _read
 .text._write   0x080038ba       0x38 ./Core/Src/syscalls.o
                0x080038ba                _write
 .text._close   0x080038f2       0x16 ./Core/Src/syscalls.o
                0x080038f2                _close
 .text._fstat   0x08003908       0x1e ./Core/Src/syscalls.o
                0x08003908                _fstat
 .text._isatty  0x08003926       0x14 ./Core/Src/syscalls.o
                0x08003926                _isatty
 .text._lseek   0x0800393a       0x18 ./Core/Src/syscalls.o
                0x0800393a                _lseek
 *fill*         0x08003952        0x2 
 .text._sbrk    0x08003954       0x6c ./Core/Src/sysmem.o
                0x08003954                _sbrk
 .text.SystemInit
                0x080039c0        0xc ./Core/Src/system_stm32f1xx.o
                0x080039c0                SystemInit
 .text.Reset_Handler
                0x080039cc       0x48 ./Core/Startup/startup_stm32f103rbtx.o
                0x080039cc                Reset_Handler
 .text.Default_Handler
                0x08003a14        0x2 ./Core/Startup/startup_stm32f103rbtx.o
                0x08003a14                USBWakeUp_IRQHandler
                0x08003a14                EXTI2_IRQHandler
                0x08003a14                TIM1_CC_IRQHandler
                0x08003a14                PVD_IRQHandler
                0x08003a14                EXTI3_IRQHandler
                0x08003a14                EXTI0_IRQHandler
                0x08003a14                I2C2_EV_IRQHandler
                0x08003a14                ADC1_2_IRQHandler
                0x08003a14                TAMPER_IRQHandler
                0x08003a14                DMA1_Channel4_IRQHandler
                0x08003a14                USART3_IRQHandler
                0x08003a14                RTC_IRQHandler
                0x08003a14                DMA1_Channel7_IRQHandler
                0x08003a14                CAN1_RX1_IRQHandler
                0x08003a14                TIM4_IRQHandler
                0x08003a14                I2C1_EV_IRQHandler
                0x08003a14                DMA1_Channel6_IRQHandler
                0x08003a14                RCC_IRQHandler
                0x08003a14                TIM1_TRG_COM_IRQHandler
                0x08003a14                DMA1_Channel1_IRQHandler
                0x08003a14                Default_Handler
                0x08003a14                EXTI9_5_IRQHandler
                0x08003a14                SPI2_IRQHandler
                0x08003a14                DMA1_Channel5_IRQHandler
                0x08003a14                EXTI4_IRQHandler
                0x08003a14                USB_LP_CAN1_RX0_IRQHandler
                0x08003a14                USB_HP_CAN1_TX_IRQHandler
                0x08003a14                TIM1_UP_IRQHandler
                0x08003a14                WWDG_IRQHandler
                0x08003a14                TIM2_IRQHandler
                0x08003a14                TIM1_BRK_IRQHandler
                0x08003a14                EXTI1_IRQHandler
                0x08003a14                USART2_IRQHandler
                0x08003a14                I2C2_ER_IRQHandler
                0x08003a14                CAN1_SCE_IRQHandler
                0x08003a14                FLASH_IRQHandler
                0x08003a14                USART1_IRQHandler
                0x08003a14                I2C1_ER_IRQHandler
                0x08003a14                RTC_Alarm_IRQHandler
 *fill*         0x08003a16        0x2 
 .text.HAL_Init
                0x08003a18       0x2c ./Drivers/STM32F1xx_HAL_Driver/Src/stm32f1xx_hal.o
                0x08003a18                HAL_Init
 .text.HAL_InitTick
                0x08003a44       0x60 ./Drivers/STM32F1xx_HAL_Driver/Src/stm32f1xx_hal.o
                0x08003a44                HAL_InitTick
 .text.HAL_IncTick
                0x08003aa4       0x24 ./Drivers/STM32F1xx_HAL_Driver/Src/stm32f1xx_hal.o
                0x08003aa4                HAL_IncTick
 .text.HAL_GetTick
                0x08003ac8       0x14 ./Drivers/STM32F1xx_HAL_Driver/Src/stm32f1xx_hal.o
                0x08003ac8                HAL_GetTick
 .text.HAL_Delay
                0x08003adc       0x48 ./Drivers/STM32F1xx_HAL_Driver/Src/stm32f1xx_hal.o
                0x08003adc                HAL_Delay
 .text.__NVIC_SetPriorityGrouping
                0x08003b24       0x48 ./Drivers/STM32F1xx_HAL_Driver/Src/stm32f1xx_hal_cortex.o
 .text.__NVIC_GetPriorityGrouping
                0x08003b6c       0x1c ./Drivers/STM32F1xx_HAL_Driver/Src/stm32f1xx_hal_cortex.o
 .text.__NVIC_EnableIRQ
                0x08003b88       0x38 ./Drivers/STM32F1xx_HAL_Driver/Src/stm32f1xx_hal_cortex.o
 .text.__NVIC_SetPriority
                0x08003bc0       0x54 ./Drivers/STM32F1xx_HAL_Driver/Src/stm32f1xx_hal_cortex.o
 .text.NVIC_EncodePriority
                0x08003c14       0x64 ./Drivers/STM32F1xx_HAL_Driver/Src/stm32f1xx_hal_cortex.o
 .text.SysTick_Config
                0x08003c78       0x44 ./Drivers/STM32F1xx_HAL_Driver/Src/stm32f1xx_hal_cortex.o
 .text.HAL_NVIC_SetPriorityGrouping
                0x08003cbc       0x16 ./Drivers/STM32F1xx_HAL_Driver/Src/stm32f1xx_hal_cortex.o
                0x08003cbc                HAL_NVIC_SetPriorityGrouping
 .text.HAL_NVIC_SetPriority
                0x08003cd2       0x38 ./Drivers/STM32F1xx_HAL_Driver/Src/stm32f1xx_hal_cortex.o
                0x08003cd2                HAL_NVIC_SetPriority
 .text.HAL_NVIC_EnableIRQ
                0x08003d0a       0x1c ./Drivers/STM32F1xx_HAL_Driver/Src/stm32f1xx_hal_cortex.o
                0x08003d0a                HAL_NVIC_EnableIRQ
 .text.HAL_SYSTICK_Config
                0x08003d26       0x18 ./Drivers/STM32F1xx_HAL_Driver/Src/stm32f1xx_hal_cortex.o
                0x08003d26                HAL_SYSTICK_Config
 *fill*         0x08003d3e        0x2 
 .text.HAL_DMA_Init
                0x08003d40       0xb4 ./Drivers/STM32F1xx_HAL_Driver/Src/stm32f1xx_hal_dma.o
                0x08003d40                HAL_DMA_Init
 .text.HAL_DMA_Abort_IT
                0x08003df4       0xf0 ./Drivers/STM32F1xx_HAL_Driver/Src/stm32f1xx_hal_dma.o
                0x08003df4                HAL_DMA_Abort_IT
 .text.HAL_DMA_IRQHandler
                0x08003ee4      0x20c ./Drivers/STM32F1xx_HAL_Driver/Src/stm32f1xx_hal_dma.o
                0x08003ee4                HAL_DMA_IRQHandler
 .text.HAL_GPIO_Init
                0x080040f0      0x308 ./Drivers/STM32F1xx_HAL_Driver/Src/stm32f1xx_hal_gpio.o
                0x080040f0                HAL_GPIO_Init
 .text.HAL_GPIO_WritePin
                0x080043f8       0x30 ./Drivers/STM32F1xx_HAL_Driver/Src/stm32f1xx_hal_gpio.o
                0x080043f8                HAL_GPIO_WritePin
 .text.HAL_GPIO_EXTI_IRQHandler
                0x08004428       0x30 ./Drivers/STM32F1xx_HAL_Driver/Src/stm32f1xx_hal_gpio.o
                0x08004428                HAL_GPIO_EXTI_IRQHandler
 .text.HAL_GPIO_EXTI_Callback
                0x08004458       0x14 ./Drivers/STM32F1xx_HAL_Driver/Src/stm32f1xx_hal_gpio.o
                0x08004458                HAL_GPIO_EXTI_Callback
 .text.HAL_RCC_OscConfig
                0x0800446c      0x504 ./Drivers/STM32F1xx_HAL_Driver/Src/stm32f1xx_hal_rcc.o
                0x0800446c                HAL_RCC_OscConfig
 .text.HAL_RCC_ClockConfig
                0x08004970      0x1d4 ./Drivers/STM32F1xx_HAL_Driver/Src/stm32f1xx_hal_rcc.o
                0x08004970                HAL_RCC_ClockConfig
 .text.HAL_RCC_GetSysClockFreq
                0x08004b44       0xa8 ./Drivers/STM32F1xx_HAL_Driver/Src/stm32f1xx_hal_rcc.o
                0x08004b44                HAL_RCC_GetSysClockFreq
 .text.RCC_Delay
                0x08004bec       0x3c ./Drivers/STM32F1xx_HAL_Driver/Src/stm32f1xx_hal_rcc.o
 .text.HAL_SPI_Init
                0x08004c28      0x108 ./Drivers/STM32F1xx_HAL_Driver/Src/stm32f1xx_hal_spi.o
                0x08004c28                HAL_SPI_Init
 .text.HAL_SPI_TransmitReceive
                0x08004d30      0x352 ./Drivers/STM32F1xx_HAL_Driver/Src/stm32f1xx_hal_spi.o
                0x08004d30                HAL_SPI_TransmitReceive
 *fill*         0x08005082        0x2 
 .text.HAL_SPI_IRQHandler
                0x08005084      0x1bc ./Drivers/STM32F1xx_HAL_Driver/Src/stm32f1xx_hal_spi.o
                0x08005084                HAL_SPI_IRQHandler
 .text.SPI_DMAAbortOnError
                0x08005240       0x28 ./Drivers/STM32F1xx_HAL_Driver/Src/stm32f1xx_hal_spi.o
 .text.SPI_WaitFlagStateUntilTimeout
                0x08005268      0x110 ./Drivers/STM32F1xx_HAL_Driver/Src/stm32f1xx_hal_spi.o
 .text.SPI_EndRxTxTransaction
                0x08005378       0x62 ./Drivers/STM32F1xx_HAL_Driver/Src/stm32f1xx_hal_spi.o
 *fill*         0x080053da        0x2 
 .text.HAL_TIM_Base_Start_IT
                0x080053dc       0xa4 ./Drivers/STM32F1xx_HAL_Driver/Src/stm32f1xx_hal_tim.o
                0x080053dc                HAL_TIM_Base_Start_IT
 .text.HAL_TIM_PWM_Init
                0x08005480       0x9e ./Drivers/STM32F1xx_HAL_Driver/Src/stm32f1xx_hal_tim.o
                0x08005480                HAL_TIM_PWM_Init
 *fill*         0x0800551e        0x2 
 .text.HAL_TIM_PWM_Start
                0x08005520      0x144 ./Drivers/STM32F1xx_HAL_Driver/Src/stm32f1xx_hal_tim.o
                0x08005520                HAL_TIM_PWM_Start
 .text.HAL_TIM_IRQHandler
                0x08005664      0x1e0 ./Drivers/STM32F1xx_HAL_Driver/Src/stm32f1xx_hal_tim.o
                0x08005664                HAL_TIM_IRQHandler
 .text.HAL_TIM_PWM_ConfigChannel
                0x08005844      0x184 ./Drivers/STM32F1xx_HAL_Driver/Src/stm32f1xx_hal_tim.o
                0x08005844                HAL_TIM_PWM_ConfigChannel
 .text.HAL_TIM_PeriodElapsedCallback
                0x080059c8       0x12 ./Drivers/STM32F1xx_HAL_Driver/Src/stm32f1xx_hal_tim.o
                0x080059c8                HAL_TIM_PeriodElapsedCallback
 .text.HAL_TIM_OC_DelayElapsedCallback
                0x080059da       0x12 ./Drivers/STM32F1xx_HAL_Driver/Src/stm32f1xx_hal_tim.o
                0x080059da                HAL_TIM_OC_DelayElapsedCallback
 .text.HAL_TIM_IC_CaptureCallback
                0x080059ec       0x12 ./Drivers/STM32F1xx_HAL_Driver/Src/stm32f1xx_hal_tim.o
                0x080059ec                HAL_TIM_IC_CaptureCallback
 .text.HAL_TIM_PWM_PulseFinishedCallback
                0x080059fe       0x12 ./Drivers/STM32F1xx_HAL_Driver/Src/stm32f1xx_hal_tim.o
                0x080059fe                HAL_TIM_PWM_PulseFinishedCallback
 .text.HAL_TIM_TriggerCallback
                0x08005a10       0x12 ./Drivers/STM32F1xx_HAL_Driver/Src/stm32f1xx_hal_tim.o
                0x08005a10                HAL_TIM_TriggerCallback
 *fill*         0x08005a22        0x2 
 .text.TIM_Base_SetConfig
                0x08005a24       0xdc ./Drivers/STM32F1xx_HAL_Driver/Src/stm32f1xx_hal_tim.o
                0x08005a24                TIM_Base_SetConfig
 .text.TIM_OC1_SetConfig
                0x08005b00       0xcc ./Drivers/STM32F1xx_HAL_Driver/Src/stm32f1xx_hal_tim.o
 .text.TIM_OC2_SetConfig
                0x08005bcc       0xd4 ./Drivers/STM32F1xx_HAL_Driver/Src/stm32f1xx_hal_tim.o
                0x08005bcc                TIM_OC2_SetConfig
 .text.TIM_OC3_SetConfig
                0x08005ca0       0xd4 ./Drivers/STM32F1xx_HAL_Driver/Src/stm32f1xx_hal_tim.o
 .text.TIM_OC4_SetConfig
                0x08005d74       0x9c ./Drivers/STM32F1xx_HAL_Driver/Src/stm32f1xx_hal_tim.o
 .text.TIM_CCxChannelCmd
                0x08005e10       0x48 ./Drivers/STM32F1xx_HAL_Driver/Src/stm32f1xx_hal_tim.o
                0x08005e10                TIM_CCxChannelCmd
 .text.HAL_TIMEx_MasterConfigSynchronization
                0x08005e58       0xbc ./Drivers/STM32F1xx_HAL_Driver/Src/stm32f1xx_hal_tim_ex.o
                0x08005e58                HAL_TIMEx_MasterConfigSynchronization
 .text.HAL_TIMEx_CommutCallback
                0x08005f14       0x12 ./Drivers/STM32F1xx_HAL_Driver/Src/stm32f1xx_hal_tim_ex.o
                0x08005f14                HAL_TIMEx_CommutCallback
 .text.HAL_TIMEx_BreakCallback
                0x08005f26       0x12 ./Drivers/STM32F1xx_HAL_Driver/Src/stm32f1xx_hal_tim_ex.o
                0x08005f26                HAL_TIMEx_BreakCallback
 .text._ZdlPvj  0x08005f38        0x4 /Applications/STM32CubeIDE.app/Contents/Eclipse/plugins/com.st.stm32cube.ide.mcu.externaltools.gnu-tools-for-stm32.12.3.rel1.macos64_1.1.0.202410301201/tools/bin/../lib/gcc/arm-none-eabi/12.3.1/../../../../arm-none-eabi/lib/thumb/v7-m/nofp/libstdc++_nano.a(del_ops.o)
                0x08005f38                operator delete(void*, unsigned int)
 .text._Znwj    0x08005f3c       0x22 /Applications/STM32CubeIDE.app/Contents/Eclipse/plugins/com.st.stm32cube.ide.mcu.externaltools.gnu-tools-for-stm32.12.3.rel1.macos64_1.1.0.202410301201/tools/bin/../lib/gcc/arm-none-eabi/12.3.1/../../../../arm-none-eabi/lib/thumb/v7-m/nofp/libstdc++_nano.a(new_op.o)
                0x08005f3c                operator new(unsigned int)
 .text._ZdlPv   0x08005f5e        0x4 /Applications/STM32CubeIDE.app/Contents/Eclipse/plugins/com.st.stm32cube.ide.mcu.externaltools.gnu-tools-for-stm32.12.3.rel1.macos64_1.1.0.202410301201/tools/bin/../lib/gcc/arm-none-eabi/12.3.1/../../../../arm-none-eabi/lib/thumb/v7-m/nofp/libstdc++_nano.a(del_op.o)
                0x08005f5e                operator delete(void*)
 *fill*         0x08005f62        0x2 
 .text._ZSt15get_new_handlerv
                0x08005f64       0x10 /Applications/STM32CubeIDE.app/Contents/Eclipse/plugins/com.st.stm32cube.ide.mcu.externaltools.gnu-tools-for-stm32.12.3.rel1.macos64_1.1.0.202410301201/tools/bin/../lib/gcc/arm-none-eabi/12.3.1/../../../../arm-none-eabi/lib/thumb/v7-m/nofp/libstdc++_nano.a(new_handler.o)
                0x08005f64                std::get_new_handler()
 .text.abort    0x08005f74        0xe /Applications/STM32CubeIDE.app/Contents/Eclipse/plugins/com.st.stm32cube.ide.mcu.externaltools.gnu-tools-for-stm32.12.3.rel1.macos64_1.1.0.202410301201/tools/bin/../lib/gcc/arm-none-eabi/12.3.1/../../../../arm-none-eabi/lib/thumb/v7-m/nofp/libc_nano.a(libc_a-abort.o)
                0x08005f74                abort
 *fill*         0x08005f82        0x2 
 .text.exit     0x08005f84       0x24 /Applications/STM32CubeIDE.app/Contents/Eclipse/plugins/com.st.stm32cube.ide.mcu.externaltools.gnu-tools-for-stm32.12.3.rel1.macos64_1.1.0.202410301201/tools/bin/../lib/gcc/arm-none-eabi/12.3.1/../../../../arm-none-eabi/lib/thumb/v7-m/nofp/libc_nano.a(libc_a-exit.o)
                0x08005f84                exit
 .text.__cvt    0x08005fa8       0xc8 /Applications/STM32CubeIDE.app/Contents/Eclipse/plugins/com.st.stm32cube.ide.mcu.externaltools.gnu-tools-for-stm32.12.3.rel1.macos64_1.1.0.202410301201/tools/bin/../lib/gcc/arm-none-eabi/12.3.1/../../../../arm-none-eabi/lib/thumb/v7-m/nofp/libc_nano.a(libc_a-nano-vfprintf_float.o)
                0x08005fa8                __cvt
 .text.__exponent
                0x08006070       0x74 /Applications/STM32CubeIDE.app/Contents/Eclipse/plugins/com.st.stm32cube.ide.mcu.externaltools.gnu-tools-for-stm32.12.3.rel1.macos64_1.1.0.202410301201/tools/bin/../lib/gcc/arm-none-eabi/12.3.1/../../../../arm-none-eabi/lib/thumb/v7-m/nofp/libc_nano.a(libc_a-nano-vfprintf_float.o)
                0x08006070                __exponent
 .text._printf_float
                0x080060e4      0x458 /Applications/STM32CubeIDE.app/Contents/Eclipse/plugins/com.st.stm32cube.ide.mcu.externaltools.gnu-tools-for-stm32.12.3.rel1.macos64_1.1.0.202410301201/tools/bin/../lib/gcc/arm-none-eabi/12.3.1/../../../../arm-none-eabi/lib/thumb/v7-m/nofp/libc_nano.a(libc_a-nano-vfprintf_float.o)
                0x080060e4                _printf_float
 .text.malloc   0x0800653c       0x10 /Applications/STM32CubeIDE.app/Contents/Eclipse/plugins/com.st.stm32cube.ide.mcu.externaltools.gnu-tools-for-stm32.12.3.rel1.macos64_1.1.0.202410301201/tools/bin/../lib/gcc/arm-none-eabi/12.3.1/../../../../arm-none-eabi/lib/thumb/v7-m/nofp/libc_nano.a(libc_a-malloc.o)
                0x0800653c                malloc
 .text.free     0x0800654c       0x10 /Applications/STM32CubeIDE.app/Contents/Eclipse/plugins/com.st.stm32cube.ide.mcu.externaltools.gnu-tools-for-stm32.12.3.rel1.macos64_1.1.0.202410301201/tools/bin/../lib/gcc/arm-none-eabi/12.3.1/../../../../arm-none-eabi/lib/thumb/v7-m/nofp/libc_nano.a(libc_a-malloc.o)
                0x0800654c                free
 .text.sbrk_aligned
                0x0800655c       0x44 /Applications/STM32CubeIDE.app/Contents/Eclipse/plugins/com.st.stm32cube.ide.mcu.externaltools.gnu-tools-for-stm32.12.3.rel1.macos64_1.1.0.202410301201/tools/bin/../lib/gcc/arm-none-eabi/12.3.1/../../../../arm-none-eabi/lib/thumb/v7-m/nofp/libc_nano.a(libc_a-mallocr.o)
 .text._malloc_r
                0x080065a0      0x100 /Applications/STM32CubeIDE.app/Contents/Eclipse/plugins/com.st.stm32cube.ide.mcu.externaltools.gnu-tools-for-stm32.12.3.rel1.macos64_1.1.0.202410301201/tools/bin/../lib/gcc/arm-none-eabi/12.3.1/../../../../arm-none-eabi/lib/thumb/v7-m/nofp/libc_nano.a(libc_a-mallocr.o)
                0x080065a0                _malloc_r
 .text._printf_common
                0x080066a0       0xe4 /Applications/STM32CubeIDE.app/Contents/Eclipse/plugins/com.st.stm32cube.ide.mcu.externaltools.gnu-tools-for-stm32.12.3.rel1.macos64_1.1.0.202410301201/tools/bin/../lib/gcc/arm-none-eabi/12.3.1/../../../../arm-none-eabi/lib/thumb/v7-m/nofp/libc_nano.a(libc_a-nano-vfprintf_i.o)
                0x080066a0                _printf_common
 .text._printf_i
                0x08006784      0x240 /Applications/STM32CubeIDE.app/Contents/Eclipse/plugins/com.st.stm32cube.ide.mcu.externaltools.gnu-tools-for-stm32.12.3.rel1.macos64_1.1.0.202410301201/tools/bin/../lib/gcc/arm-none-eabi/12.3.1/../../../../arm-none-eabi/lib/thumb/v7-m/nofp/libc_nano.a(libc_a-nano-vfprintf_i.o)
                0x08006784                _printf_i
 .text.__malloc_lock
                0x080069c4        0xc /Applications/STM32CubeIDE.app/Contents/Eclipse/plugins/com.st.stm32cube.ide.mcu.externaltools.gnu-tools-for-stm32.12.3.rel1.macos64_1.1.0.202410301201/tools/bin/../lib/gcc/arm-none-eabi/12.3.1/../../../../arm-none-eabi/lib/thumb/v7-m/nofp/libc_nano.a(libc_a-mlock.o)
                0x080069c4                __malloc_lock
 .text.__malloc_unlock
                0x080069d0        0xc /Applications/STM32CubeIDE.app/Contents/Eclipse/plugins/com.st.stm32cube.ide.mcu.externaltools.gnu-tools-for-stm32.12.3.rel1.macos64_1.1.0.202410301201/tools/bin/../lib/gcc/arm-none-eabi/12.3.1/../../../../arm-none-eabi/lib/thumb/v7-m/nofp/libc_nano.a(libc_a-mlock.o)
                0x080069d0                __malloc_unlock
 .text.std      0x080069dc       0x6c /Applications/STM32CubeIDE.app/Contents/Eclipse/plugins/com.st.stm32cube.ide.mcu.externaltools.gnu-tools-for-stm32.12.3.rel1.macos64_1.1.0.202410301201/tools/bin/../lib/gcc/arm-none-eabi/12.3.1/../../../../arm-none-eabi/lib/thumb/v7-m/nofp/libc_nano.a(libc_a-findfp.o)
 .text.stdio_exit_handler
                0x08006a48       0x18 /Applications/STM32CubeIDE.app/Contents/Eclipse/plugins/com.st.stm32cube.ide.mcu.externaltools.gnu-tools-for-stm32.12.3.rel1.macos64_1.1.0.202410301201/tools/bin/../lib/gcc/arm-none-eabi/12.3.1/../../../../arm-none-eabi/lib/thumb/v7-m/nofp/libc_nano.a(libc_a-findfp.o)
 .text.cleanup_stdio
                0x08006a60       0x40 /Applications/STM32CubeIDE.app/Contents/Eclipse/plugins/com.st.stm32cube.ide.mcu.externaltools.gnu-tools-for-stm32.12.3.rel1.macos64_1.1.0.202410301201/tools/bin/../lib/gcc/arm-none-eabi/12.3.1/../../../../arm-none-eabi/lib/thumb/v7-m/nofp/libc_nano.a(libc_a-findfp.o)
 .text.global_stdio_init.part.0
                0x08006aa0       0x3c /Applications/STM32CubeIDE.app/Contents/Eclipse/plugins/com.st.stm32cube.ide.mcu.externaltools.gnu-tools-for-stm32.12.3.rel1.macos64_1.1.0.202410301201/tools/bin/../lib/gcc/arm-none-eabi/12.3.1/../../../../arm-none-eabi/lib/thumb/v7-m/nofp/libc_nano.a(libc_a-findfp.o)
 .text.__sfp_lock_acquire
                0x08006adc        0xc /Applications/STM32CubeIDE.app/Contents/Eclipse/plugins/com.st.stm32cube.ide.mcu.externaltools.gnu-tools-for-stm32.12.3.rel1.macos64_1.1.0.202410301201/tools/bin/../lib/gcc/arm-none-eabi/12.3.1/../../../../arm-none-eabi/lib/thumb/v7-m/nofp/libc_nano.a(libc_a-findfp.o)
                0x08006adc                __sfp_lock_acquire
 .text.__sfp_lock_release
                0x08006ae8        0xc /Applications/STM32CubeIDE.app/Contents/Eclipse/plugins/com.st.stm32cube.ide.mcu.externaltools.gnu-tools-for-stm32.12.3.rel1.macos64_1.1.0.202410301201/tools/bin/../lib/gcc/arm-none-eabi/12.3.1/../../../../arm-none-eabi/lib/thumb/v7-m/nofp/libc_nano.a(libc_a-findfp.o)
                0x08006ae8                __sfp_lock_release
 .text.__sinit  0x08006af4       0x30 /Applications/STM32CubeIDE.app/Contents/Eclipse/plugins/com.st.stm32cube.ide.mcu.externaltools.gnu-tools-for-stm32.12.3.rel1.macos64_1.1.0.202410301201/tools/bin/../lib/gcc/arm-none-eabi/12.3.1/../../../../arm-none-eabi/lib/thumb/v7-m/nofp/libc_nano.a(libc_a-findfp.o)
                0x08006af4                __sinit
 .text._fwalk_sglue
                0x08006b24       0x3c /Applications/STM32CubeIDE.app/Contents/Eclipse/plugins/com.st.stm32cube.ide.mcu.externaltools.gnu-tools-for-stm32.12.3.rel1.macos64_1.1.0.202410301201/tools/bin/../lib/gcc/arm-none-eabi/12.3.1/../../../../arm-none-eabi/lib/thumb/v7-m/nofp/libc_nano.a(libc_a-fwalk.o)
                0x08006b24                _fwalk_sglue
 .text.printf   0x08006b60       0x24 /Applications/STM32CubeIDE.app/Contents/Eclipse/plugins/com.st.stm32cube.ide.mcu.externaltools.gnu-tools-for-stm32.12.3.rel1.macos64_1.1.0.202410301201/tools/bin/../lib/gcc/arm-none-eabi/12.3.1/../../../../arm-none-eabi/lib/thumb/v7-m/nofp/libc_nano.a(libc_a-printf.o)
                0x08006b60                printf
                0x08006b60                iprintf
 .text._puts_r  0x08006b84       0xaa /Applications/STM32CubeIDE.app/Contents/Eclipse/plugins/com.st.stm32cube.ide.mcu.externaltools.gnu-tools-for-stm32.12.3.rel1.macos64_1.1.0.202410301201/tools/bin/../lib/gcc/arm-none-eabi/12.3.1/../../../../arm-none-eabi/lib/thumb/v7-m/nofp/libc_nano.a(libc_a-puts.o)
                0x08006b84                _puts_r
 *fill*         0x08006c2e        0x2 
 .text.puts     0x08006c30       0x10 /Applications/STM32CubeIDE.app/Contents/Eclipse/plugins/com.st.stm32cube.ide.mcu.externaltools.gnu-tools-for-stm32.12.3.rel1.macos64_1.1.0.202410301201/tools/bin/../lib/gcc/arm-none-eabi/12.3.1/../../../../arm-none-eabi/lib/thumb/v7-m/nofp/libc_nano.a(libc_a-puts.o)
                0x08006c30                puts
 .text.memset   0x08006c40       0x10 /Applications/STM32CubeIDE.app/Contents/Eclipse/plugins/com.st.stm32cube.ide.mcu.externaltools.gnu-tools-for-stm32.12.3.rel1.macos64_1.1.0.202410301201/tools/bin/../lib/gcc/arm-none-eabi/12.3.1/../../../../arm-none-eabi/lib/thumb/v7-m/nofp/libc_nano.a(libc_a-memset.o)
                0x08006c40                memset
 .text._localeconv_r
                0x08006c50        0x8 /Applications/STM32CubeIDE.app/Contents/Eclipse/plugins/com.st.stm32cube.ide.mcu.externaltools.gnu-tools-for-stm32.12.3.rel1.macos64_1.1.0.202410301201/tools/bin/../lib/gcc/arm-none-eabi/12.3.1/../../../../arm-none-eabi/lib/thumb/v7-m/nofp/libc_nano.a(libc_a-localeconv.o)
                0x08006c50                _localeconv_r
 .text._raise_r
                0x08006c58       0x50 /Applications/STM32CubeIDE.app/Contents/Eclipse/plugins/com.st.stm32cube.ide.mcu.externaltools.gnu-tools-for-stm32.12.3.rel1.macos64_1.1.0.202410301201/tools/bin/../lib/gcc/arm-none-eabi/12.3.1/../../../../arm-none-eabi/lib/thumb/v7-m/nofp/libc_nano.a(libc_a-signal.o)
                0x08006c58                _raise_r
 .text.raise    0x08006ca8       0x10 /Applications/STM32CubeIDE.app/Contents/Eclipse/plugins/com.st.stm32cube.ide.mcu.externaltools.gnu-tools-for-stm32.12.3.rel1.macos64_1.1.0.202410301201/tools/bin/../lib/gcc/arm-none-eabi/12.3.1/../../../../arm-none-eabi/lib/thumb/v7-m/nofp/libc_nano.a(libc_a-signal.o)
                0x08006ca8                raise
 .text._kill_r  0x08006cb8       0x24 /Applications/STM32CubeIDE.app/Contents/Eclipse/plugins/com.st.stm32cube.ide.mcu.externaltools.gnu-tools-for-stm32.12.3.rel1.macos64_1.1.0.202410301201/tools/bin/../lib/gcc/arm-none-eabi/12.3.1/../../../../arm-none-eabi/lib/thumb/v7-m/nofp/libc_nano.a(libc_a-signalr.o)
                0x08006cb8                _kill_r
 .text._getpid_r
                0x08006cdc        0x4 /Applications/STM32CubeIDE.app/Contents/Eclipse/plugins/com.st.stm32cube.ide.mcu.externaltools.gnu-tools-for-stm32.12.3.rel1.macos64_1.1.0.202410301201/tools/bin/../lib/gcc/arm-none-eabi/12.3.1/../../../../arm-none-eabi/lib/thumb/v7-m/nofp/libc_nano.a(libc_a-signalr.o)
                0x08006cdc                _getpid_r
 .text._sbrk_r  0x08006ce0       0x20 /Applications/STM32CubeIDE.app/Contents/Eclipse/plugins/com.st.stm32cube.ide.mcu.externaltools.gnu-tools-for-stm32.12.3.rel1.macos64_1.1.0.202410301201/tools/bin/../lib/gcc/arm-none-eabi/12.3.1/../../../../arm-none-eabi/lib/thumb/v7-m/nofp/libc_nano.a(libc_a-sbrkr.o)
                0x08006ce0                _sbrk_r
 .text.__errno  0x08006d00        0xc /Applications/STM32CubeIDE.app/Contents/Eclipse/plugins/com.st.stm32cube.ide.mcu.externaltools.gnu-tools-for-stm32.12.3.rel1.macos64_1.1.0.202410301201/tools/bin/../lib/gcc/arm-none-eabi/12.3.1/../../../../arm-none-eabi/lib/thumb/v7-m/nofp/libc_nano.a(libc_a-errno.o)
                0x08006d00                __errno
 .text.__libc_init_array
                0x08006d0c       0x48 /Applications/STM32CubeIDE.app/Contents/Eclipse/plugins/com.st.stm32cube.ide.mcu.externaltools.gnu-tools-for-stm32.12.3.rel1.macos64_1.1.0.202410301201/tools/bin/../lib/gcc/arm-none-eabi/12.3.1/../../../../arm-none-eabi/lib/thumb/v7-m/nofp/libc_nano.a(libc_a-init.o)
                0x08006d0c                __libc_init_array
 .text.__retarget_lock_init_recursive
                0x08006d54        0x2 /Applications/STM32CubeIDE.app/Contents/Eclipse/plugins/com.st.stm32cube.ide.mcu.externaltools.gnu-tools-for-stm32.12.3.rel1.macos64_1.1.0.202410301201/tools/bin/../lib/gcc/arm-none-eabi/12.3.1/../../../../arm-none-eabi/lib/thumb/v7-m/nofp/libc_nano.a(libc_a-lock.o)
                0x08006d54                __retarget_lock_init_recursive
 .text.__retarget_lock_acquire_recursive
                0x08006d56        0x2 /Applications/STM32CubeIDE.app/Contents/Eclipse/plugins/com.st.stm32cube.ide.mcu.externaltools.gnu-tools-for-stm32.12.3.rel1.macos64_1.1.0.202410301201/tools/bin/../lib/gcc/arm-none-eabi/12.3.1/../../../../arm-none-eabi/lib/thumb/v7-m/nofp/libc_nano.a(libc_a-lock.o)
                0x08006d56                __retarget_lock_acquire_recursive
 .text.__retarget_lock_release_recursive
                0x08006d58        0x2 /Applications/STM32CubeIDE.app/Contents/Eclipse/plugins/com.st.stm32cube.ide.mcu.externaltools.gnu-tools-for-stm32.12.3.rel1.macos64_1.1.0.202410301201/tools/bin/../lib/gcc/arm-none-eabi/12.3.1/../../../../arm-none-eabi/lib/thumb/v7-m/nofp/libc_nano.a(libc_a-lock.o)
                0x08006d58                __retarget_lock_release_recursive
 .text.memchr   0x08006d5a       0x1c /Applications/STM32CubeIDE.app/Contents/Eclipse/plugins/com.st.stm32cube.ide.mcu.externaltools.gnu-tools-for-stm32.12.3.rel1.macos64_1.1.0.202410301201/tools/bin/../lib/gcc/arm-none-eabi/12.3.1/../../../../arm-none-eabi/lib/thumb/v7-m/nofp/libc_nano.a(libc_a-memchr-stub.o)
                0x08006d5a                memchr
 .text.quorem   0x08006d76      0x110 /Applications/STM32CubeIDE.app/Contents/Eclipse/plugins/com.st.stm32cube.ide.mcu.externaltools.gnu-tools-for-stm32.12.3.rel1.macos64_1.1.0.202410301201/tools/bin/../lib/gcc/arm-none-eabi/12.3.1/../../../../arm-none-eabi/lib/thumb/v7-m/nofp/libc_nano.a(libc_a-dtoa.o)
 *fill*         0x08006e86        0x2 
 .text._dtoa_r  0x08006e88      0xb90 /Applications/STM32CubeIDE.app/Contents/Eclipse/plugins/com.st.stm32cube.ide.mcu.externaltools.gnu-tools-for-stm32.12.3.rel1.macos64_1.1.0.202410301201/tools/bin/../lib/gcc/arm-none-eabi/12.3.1/../../../../arm-none-eabi/lib/thumb/v7-m/nofp/libc_nano.a(libc_a-dtoa.o)
                0x08006e88                _dtoa_r
 .text._free_r  0x08007a18       0x90 /Applications/STM32CubeIDE.app/Contents/Eclipse/plugins/com.st.stm32cube.ide.mcu.externaltools.gnu-tools-for-stm32.12.3.rel1.macos64_1.1.0.202410301201/tools/bin/../lib/gcc/arm-none-eabi/12.3.1/../../../../arm-none-eabi/lib/thumb/v7-m/nofp/libc_nano.a(libc_a-freer.o)
                0x08007a18                _free_r
 .text.__sfputc_r
                0x08007aa8       0x2a /Applications/STM32CubeIDE.app/Contents/Eclipse/plugins/com.st.stm32cube.ide.mcu.externaltools.gnu-tools-for-stm32.12.3.rel1.macos64_1.1.0.202410301201/tools/bin/../lib/gcc/arm-none-eabi/12.3.1/../../../../arm-none-eabi/lib/thumb/v7-m/nofp/libc_nano.a(libc_a-nano-vfprintf.o)
 .text.__sfputs_r
                0x08007ad2       0x24 /Applications/STM32CubeIDE.app/Contents/Eclipse/plugins/com.st.stm32cube.ide.mcu.externaltools.gnu-tools-for-stm32.12.3.rel1.macos64_1.1.0.202410301201/tools/bin/../lib/gcc/arm-none-eabi/12.3.1/../../../../arm-none-eabi/lib/thumb/v7-m/nofp/libc_nano.a(libc_a-nano-vfprintf.o)
                0x08007ad2                __sfputs_r
 *fill*         0x08007af6        0x2 
 .text._vfprintf_r
                0x08007af8      0x230 /Applications/STM32CubeIDE.app/Contents/Eclipse/plugins/com.st.stm32cube.ide.mcu.externaltools.gnu-tools-for-stm32.12.3.rel1.macos64_1.1.0.202410301201/tools/bin/../lib/gcc/arm-none-eabi/12.3.1/../../../../arm-none-eabi/lib/thumb/v7-m/nofp/libc_nano.a(libc_a-nano-vfprintf.o)
                0x08007af8                _vfiprintf_r
                0x08007af8                _vfprintf_r
 .text.__sflush_r
                0x08007d28      0x100 /Applications/STM32CubeIDE.app/Contents/Eclipse/plugins/com.st.stm32cube.ide.mcu.externaltools.gnu-tools-for-stm32.12.3.rel1.macos64_1.1.0.202410301201/tools/bin/../lib/gcc/arm-none-eabi/12.3.1/../../../../arm-none-eabi/lib/thumb/v7-m/nofp/libc_nano.a(libc_a-fflush.o)
                0x08007d28                __sflush_r
 .text._fflush_r
                0x08007e28       0x50 /Applications/STM32CubeIDE.app/Contents/Eclipse/plugins/com.st.stm32cube.ide.mcu.externaltools.gnu-tools-for-stm32.12.3.rel1.macos64_1.1.0.202410301201/tools/bin/../lib/gcc/arm-none-eabi/12.3.1/../../../../arm-none-eabi/lib/thumb/v7-m/nofp/libc_nano.a(libc_a-fflush.o)
                0x08007e28                _fflush_r
 .text._Balloc  0x08007e78       0x80 /Applications/STM32CubeIDE.app/Contents/Eclipse/plugins/com.st.stm32cube.ide.mcu.externaltools.gnu-tools-for-stm32.12.3.rel1.macos64_1.1.0.202410301201/tools/bin/../lib/gcc/arm-none-eabi/12.3.1/../../../../arm-none-eabi/lib/thumb/v7-m/nofp/libc_nano.a(libc_a-mprec.o)
                0x08007e78                _Balloc
 .text._Bfree   0x08007ef8       0x44 /Applications/STM32CubeIDE.app/Contents/Eclipse/plugins/com.st.stm32cube.ide.mcu.externaltools.gnu-tools-for-stm32.12.3.rel1.macos64_1.1.0.202410301201/tools/bin/../lib/gcc/arm-none-eabi/12.3.1/../../../../arm-none-eabi/lib/thumb/v7-m/nofp/libc_nano.a(libc_a-mprec.o)
                0x08007ef8                _Bfree
 .text.__multadd
                0x08007f3c       0x8c /Applications/STM32CubeIDE.app/Contents/Eclipse/plugins/com.st.stm32cube.ide.mcu.externaltools.gnu-tools-for-stm32.12.3.rel1.macos64_1.1.0.202410301201/tools/bin/../lib/gcc/arm-none-eabi/12.3.1/../../../../arm-none-eabi/lib/thumb/v7-m/nofp/libc_nano.a(libc_a-mprec.o)
                0x08007f3c                __multadd
 .text.__hi0bits
                0x08007fc8       0x3e /Applications/STM32CubeIDE.app/Contents/Eclipse/plugins/com.st.stm32cube.ide.mcu.externaltools.gnu-tools-for-stm32.12.3.rel1.macos64_1.1.0.202410301201/tools/bin/../lib/gcc/arm-none-eabi/12.3.1/../../../../arm-none-eabi/lib/thumb/v7-m/nofp/libc_nano.a(libc_a-mprec.o)
                0x08007fc8                __hi0bits
 .text.__lo0bits
                0x08008006       0x5a /Applications/STM32CubeIDE.app/Contents/Eclipse/plugins/com.st.stm32cube.ide.mcu.externaltools.gnu-tools-for-stm32.12.3.rel1.macos64_1.1.0.202410301201/tools/bin/../lib/gcc/arm-none-eabi/12.3.1/../../../../arm-none-eabi/lib/thumb/v7-m/nofp/libc_nano.a(libc_a-mprec.o)
                0x08008006                __lo0bits
 .text.__i2b    0x08008060       0x2c /Applications/STM32CubeIDE.app/Contents/Eclipse/plugins/com.st.stm32cube.ide.mcu.externaltools.gnu-tools-for-stm32.12.3.rel1.macos64_1.1.0.202410301201/tools/bin/../lib/gcc/arm-none-eabi/12.3.1/../../../../arm-none-eabi/lib/thumb/v7-m/nofp/libc_nano.a(libc_a-mprec.o)
                0x08008060                __i2b
 .text.__multiply
                0x0800808c      0x150 /Applications/STM32CubeIDE.app/Contents/Eclipse/plugins/com.st.stm32cube.ide.mcu.externaltools.gnu-tools-for-stm32.12.3.rel1.macos64_1.1.0.202410301201/tools/bin/../lib/gcc/arm-none-eabi/12.3.1/../../../../arm-none-eabi/lib/thumb/v7-m/nofp/libc_nano.a(libc_a-mprec.o)
                0x0800808c                __multiply
 .text.__pow5mult
                0x080081dc       0xb4 /Applications/STM32CubeIDE.app/Contents/Eclipse/plugins/com.st.stm32cube.ide.mcu.externaltools.gnu-tools-for-stm32.12.3.rel1.macos64_1.1.0.202410301201/tools/bin/../lib/gcc/arm-none-eabi/12.3.1/../../../../arm-none-eabi/lib/thumb/v7-m/nofp/libc_nano.a(libc_a-mprec.o)
                0x080081dc                __pow5mult
 .text.__lshift
                0x08008290       0xd8 /Applications/STM32CubeIDE.app/Contents/Eclipse/plugins/com.st.stm32cube.ide.mcu.externaltools.gnu-tools-for-stm32.12.3.rel1.macos64_1.1.0.202410301201/tools/bin/../lib/gcc/arm-none-eabi/12.3.1/../../../../arm-none-eabi/lib/thumb/v7-m/nofp/libc_nano.a(libc_a-mprec.o)
                0x08008290                __lshift
 .text.__mcmp   0x08008368       0x36 /Applications/STM32CubeIDE.app/Contents/Eclipse/plugins/com.st.stm32cube.ide.mcu.externaltools.gnu-tools-for-stm32.12.3.rel1.macos64_1.1.0.202410301201/tools/bin/../lib/gcc/arm-none-eabi/12.3.1/../../../../arm-none-eabi/lib/thumb/v7-m/nofp/libc_nano.a(libc_a-mprec.o)
                0x08008368                __mcmp
 *fill*         0x0800839e        0x2 
 .text.__mdiff  0x080083a0      0x128 /Applications/STM32CubeIDE.app/Contents/Eclipse/plugins/com.st.stm32cube.ide.mcu.externaltools.gnu-tools-for-stm32.12.3.rel1.macos64_1.1.0.202410301201/tools/bin/../lib/gcc/arm-none-eabi/12.3.1/../../../../arm-none-eabi/lib/thumb/v7-m/nofp/libc_nano.a(libc_a-mprec.o)
                0x080083a0                __mdiff
 .text.__d2b    0x080084c8       0xb0 /Applications/STM32CubeIDE.app/Contents/Eclipse/plugins/com.st.stm32cube.ide.mcu.externaltools.gnu-tools-for-stm32.12.3.rel1.macos64_1.1.0.202410301201/tools/bin/../lib/gcc/arm-none-eabi/12.3.1/../../../../arm-none-eabi/lib/thumb/v7-m/nofp/libc_nano.a(libc_a-mprec.o)
                0x080084c8                __d2b
 .text.__sread  0x08008578       0x22 /Applications/STM32CubeIDE.app/Contents/Eclipse/plugins/com.st.stm32cube.ide.mcu.externaltools.gnu-tools-for-stm32.12.3.rel1.macos64_1.1.0.202410301201/tools/bin/../lib/gcc/arm-none-eabi/12.3.1/../../../../arm-none-eabi/lib/thumb/v7-m/nofp/libc_nano.a(libc_a-stdio.o)
                0x08008578                __sread
 .text.__swrite
                0x0800859a       0x38 /Applications/STM32CubeIDE.app/Contents/Eclipse/plugins/com.st.stm32cube.ide.mcu.externaltools.gnu-tools-for-stm32.12.3.rel1.macos64_1.1.0.202410301201/tools/bin/../lib/gcc/arm-none-eabi/12.3.1/../../../../arm-none-eabi/lib/thumb/v7-m/nofp/libc_nano.a(libc_a-stdio.o)
                0x0800859a                __swrite
 .text.__sseek  0x080085d2       0x24 /Applications/STM32CubeIDE.app/Contents/Eclipse/plugins/com.st.stm32cube.ide.mcu.externaltools.gnu-tools-for-stm32.12.3.rel1.macos64_1.1.0.202410301201/tools/bin/../lib/gcc/arm-none-eabi/12.3.1/../../../../arm-none-eabi/lib/thumb/v7-m/nofp/libc_nano.a(libc_a-stdio.o)
                0x080085d2                __sseek
 .text.__sclose
                0x080085f6        0x8 /Applications/STM32CubeIDE.app/Contents/Eclipse/plugins/com.st.stm32cube.ide.mcu.externaltools.gnu-tools-for-stm32.12.3.rel1.macos64_1.1.0.202410301201/tools/bin/../lib/gcc/arm-none-eabi/12.3.1/../../../../arm-none-eabi/lib/thumb/v7-m/nofp/libc_nano.a(libc_a-stdio.o)
                0x080085f6                __sclose
 .text.__swbuf_r
                0x080085fe       0x7c /Applications/STM32CubeIDE.app/Contents/Eclipse/plugins/com.st.stm32cube.ide.mcu.externaltools.gnu-tools-for-stm32.12.3.rel1.macos64_1.1.0.202410301201/tools/bin/../lib/gcc/arm-none-eabi/12.3.1/../../../../arm-none-eabi/lib/thumb/v7-m/nofp/libc_nano.a(libc_a-wbuf.o)
                0x080085fe                __swbuf_r
 *fill*         0x0800867a        0x2 
 .text.__swsetup_r
                0x0800867c       0xac /Applications/STM32CubeIDE.app/Contents/Eclipse/plugins/com.st.stm32cube.ide.mcu.externaltools.gnu-tools-for-stm32.12.3.rel1.macos64_1.1.0.202410301201/tools/bin/../lib/gcc/arm-none-eabi/12.3.1/../../../../arm-none-eabi/lib/thumb/v7-m/nofp/libc_nano.a(libc_a-wsetup.o)
                0x0800867c                __swsetup_r
 .text.__swhatbuf_r
                0x08008728       0x4a /Applications/STM32CubeIDE.app/Contents/Eclipse/plugins/com.st.stm32cube.ide.mcu.externaltools.gnu-tools-for-stm32.12.3.rel1.macos64_1.1.0.202410301201/tools/bin/../lib/gcc/arm-none-eabi/12.3.1/../../../../arm-none-eabi/lib/thumb/v7-m/nofp/libc_nano.a(libc_a-makebuf.o)
                0x08008728                __swhatbuf_r
 .text.__smakebuf_r
                0x08008772       0x78 /Applications/STM32CubeIDE.app/Contents/Eclipse/plugins/com.st.stm32cube.ide.mcu.externaltools.gnu-tools-for-stm32.12.3.rel1.macos64_1.1.0.202410301201/tools/bin/../lib/gcc/arm-none-eabi/12.3.1/../../../../arm-none-eabi/lib/thumb/v7-m/nofp/libc_nano.a(libc_a-makebuf.o)
                0x08008772                __smakebuf_r
 *fill*         0x080087ea        0x2 
 .text._close_r
                0x080087ec       0x20 /Applications/STM32CubeIDE.app/Contents/Eclipse/plugins/com.st.stm32cube.ide.mcu.externaltools.gnu-tools-for-stm32.12.3.rel1.macos64_1.1.0.202410301201/tools/bin/../lib/gcc/arm-none-eabi/12.3.1/../../../../arm-none-eabi/lib/thumb/v7-m/nofp/libc_nano.a(libc_a-closer.o)
                0x080087ec                _close_r
 .text._fstat_r
                0x0800880c       0x24 /Applications/STM32CubeIDE.app/Contents/Eclipse/plugins/com.st.stm32cube.ide.mcu.externaltools.gnu-tools-for-stm32.12.3.rel1.macos64_1.1.0.202410301201/tools/bin/../lib/gcc/arm-none-eabi/12.3.1/../../../../arm-none-eabi/lib/thumb/v7-m/nofp/libc_nano.a(libc_a-fstatr.o)
                0x0800880c                _fstat_r
 .text._isatty_r
                0x08008830       0x20 /Applications/STM32CubeIDE.app/Contents/Eclipse/plugins/com.st.stm32cube.ide.mcu.externaltools.gnu-tools-for-stm32.12.3.rel1.macos64_1.1.0.202410301201/tools/bin/../lib/gcc/arm-none-eabi/12.3.1/../../../../arm-none-eabi/lib/thumb/v7-m/nofp/libc_nano.a(libc_a-isattyr.o)
                0x08008830                _isatty_r
 .text._lseek_r
                0x08008850       0x24 /Applications/STM32CubeIDE.app/Contents/Eclipse/plugins/com.st.stm32cube.ide.mcu.externaltools.gnu-tools-for-stm32.12.3.rel1.macos64_1.1.0.202410301201/tools/bin/../lib/gcc/arm-none-eabi/12.3.1/../../../../arm-none-eabi/lib/thumb/v7-m/nofp/libc_nano.a(libc_a-lseekr.o)
                0x08008850                _lseek_r
 .text._read_r  0x08008874       0x24 /Applications/STM32CubeIDE.app/Contents/Eclipse/plugins/com.st.stm32cube.ide.mcu.externaltools.gnu-tools-for-stm32.12.3.rel1.macos64_1.1.0.202410301201/tools/bin/../lib/gcc/arm-none-eabi/12.3.1/../../../../arm-none-eabi/lib/thumb/v7-m/nofp/libc_nano.a(libc_a-readr.o)
                0x08008874                _read_r
 .text._write_r
                0x08008898       0x24 /Applications/STM32CubeIDE.app/Contents/Eclipse/plugins/com.st.stm32cube.ide.mcu.externaltools.gnu-tools-for-stm32.12.3.rel1.macos64_1.1.0.202410301201/tools/bin/../lib/gcc/arm-none-eabi/12.3.1/../../../../arm-none-eabi/lib/thumb/v7-m/nofp/libc_nano.a(libc_a-writer.o)
                0x08008898                _write_r
 .text.memcpy   0x080088bc       0x1c /Applications/STM32CubeIDE.app/Contents/Eclipse/plugins/com.st.stm32cube.ide.mcu.externaltools.gnu-tools-for-stm32.12.3.rel1.macos64_1.1.0.202410301201/tools/bin/../lib/gcc/arm-none-eabi/12.3.1/../../../../arm-none-eabi/lib/thumb/v7-m/nofp/libc_nano.a(libc_a-memcpy-stub.o)
                0x080088bc                memcpy
 .text.__assert_func
                0x080088d8       0x3c /Applications/STM32CubeIDE.app/Contents/Eclipse/plugins/com.st.stm32cube.ide.mcu.externaltools.gnu-tools-for-stm32.12.3.rel1.macos64_1.1.0.202410301201/tools/bin/../lib/gcc/arm-none-eabi/12.3.1/../../../../arm-none-eabi/lib/thumb/v7-m/nofp/libc_nano.a(libc_a-assert.o)
                0x080088d8                __assert_func
 .text._calloc_r
                0x08008914       0x28 /Applications/STM32CubeIDE.app/Contents/Eclipse/plugins/com.st.stm32cube.ide.mcu.externaltools.gnu-tools-for-stm32.12.3.rel1.macos64_1.1.0.202410301201/tools/bin/../lib/gcc/arm-none-eabi/12.3.1/../../../../arm-none-eabi/lib/thumb/v7-m/nofp/libc_nano.a(libc_a-callocr.o)
                0x08008914                _calloc_r
 .text.__ascii_mbtowc
                0x0800893c       0x24 /Applications/STM32CubeIDE.app/Contents/Eclipse/plugins/com.st.stm32cube.ide.mcu.externaltools.gnu-tools-for-stm32.12.3.rel1.macos64_1.1.0.202410301201/tools/bin/../lib/gcc/arm-none-eabi/12.3.1/../../../../arm-none-eabi/lib/thumb/v7-m/nofp/libc_nano.a(libc_a-mbtowc_r.o)
                0x0800893c                __ascii_mbtowc
 .text.fprintf  0x08008960       0x24 /Applications/STM32CubeIDE.app/Contents/Eclipse/plugins/com.st.stm32cube.ide.mcu.externaltools.gnu-tools-for-stm32.12.3.rel1.macos64_1.1.0.202410301201/tools/bin/../lib/gcc/arm-none-eabi/12.3.1/../../../../arm-none-eabi/lib/thumb/v7-m/nofp/libc_nano.a(libc_a-fprintf.o)
                0x08008960                fprintf
                0x08008960                fiprintf
 .text.__ascii_wctomb
                0x08008984       0x1a /Applications/STM32CubeIDE.app/Contents/Eclipse/plugins/com.st.stm32cube.ide.mcu.externaltools.gnu-tools-for-stm32.12.3.rel1.macos64_1.1.0.202410301201/tools/bin/../lib/gcc/arm-none-eabi/12.3.1/../../../../arm-none-eabi/lib/thumb/v7-m/nofp/libc_nano.a(libc_a-wctomb_r.o)
                0x08008984                __ascii_wctomb
 *(.glue_7)
 .glue_7        0x0800899e        0x0 linker stubs
 *(.glue_7t)
 .glue_7t       0x0800899e        0x0 linker stubs
 *(.eh_frame)
 *fill*         0x0800899e        0x2 
 .eh_frame      0x080089a0        0x0 /Applications/STM32CubeIDE.app/Contents/Eclipse/plugins/com.st.stm32cube.ide.mcu.externaltools.gnu-tools-for-stm32.12.3.rel1.macos64_1.1.0.202410301201/tools/bin/../lib/gcc/arm-none-eabi/12.3.1/thumb/v7-m/nofp/crtbegin.o
 *(.init)
 .init          0x080089a0        0x4 /Applications/STM32CubeIDE.app/Contents/Eclipse/plugins/com.st.stm32cube.ide.mcu.externaltools.gnu-tools-for-stm32.12.3.rel1.macos64_1.1.0.202410301201/tools/bin/../lib/gcc/arm-none-eabi/12.3.1/thumb/v7-m/nofp/crti.o
                0x080089a0                _init
 .init          0x080089a4        0x8 /Applications/STM32CubeIDE.app/Contents/Eclipse/plugins/com.st.stm32cube.ide.mcu.externaltools.gnu-tools-for-stm32.12.3.rel1.macos64_1.1.0.202410301201/tools/bin/../lib/gcc/arm-none-eabi/12.3.1/thumb/v7-m/nofp/crtn.o
 *(.fini)
 .fini          0x080089ac        0x4 /Applications/STM32CubeIDE.app/Contents/Eclipse/plugins/com.st.stm32cube.ide.mcu.externaltools.gnu-tools-for-stm32.12.3.rel1.macos64_1.1.0.202410301201/tools/bin/../lib/gcc/arm-none-eabi/12.3.1/thumb/v7-m/nofp/crti.o
                0x080089ac                _fini
 .fini          0x080089b0        0x8 /Applications/STM32CubeIDE.app/Contents/Eclipse/plugins/com.st.stm32cube.ide.mcu.externaltools.gnu-tools-for-stm32.12.3.rel1.macos64_1.1.0.202410301201/tools/bin/../lib/gcc/arm-none-eabi/12.3.1/thumb/v7-m/nofp/crtn.o
                0x080089b8                        . = ALIGN (0x4)
                0x080089b8                        _etext = .

.vfp11_veneer   0x080089b8        0x0
 .vfp11_veneer  0x080089b8        0x0 linker stubs

.v4_bx          0x080089b8        0x0
 .v4_bx         0x080089b8        0x0 linker stubs

.iplt           0x080089b8        0x0
 .iplt          0x080089b8        0x0 /Applications/STM32CubeIDE.app/Contents/Eclipse/plugins/com.st.stm32cube.ide.mcu.externaltools.gnu-tools-for-stm32.12.3.rel1.macos64_1.1.0.202410301201/tools/bin/../lib/gcc/arm-none-eabi/12.3.1/thumb/v7-m/nofp/crtbegin.o

.rodata         0x080089b8      0x5e0
                0x080089b8                        . = ALIGN (0x4)
 *(.rodata)
 .rodata        0x080089b8       0x6f ./Core/Src/L6474.o
 *fill*         0x08008a27        0x1 
 .rodata        0x08008a28       0x9f ./Core/Src/file.o
 *(.rodata*)
 *fill*         0x08008ac7        0x1 
 .rodata._ZTV5L6474
                0x08008ac8       0xa0 ./Core/Src/L6474.o
                0x08008ac8                vtable for L6474
 .rodata._ZTV12StepperMotor
                0x08008b68       0x80 ./Core/Src/L6474.o
                0x08008b68                vtable for StepperMotor
 .rodata._ZTV9Component
                0x08008be8       0x18 ./Core/Src/L6474.o
                0x08008be8                vtable for Component
 .rodata.AHBPrescTable
                0x08008c00       0x10 ./Core/Src/system_stm32f1xx.o
                0x08008c00                AHBPrescTable
 .rodata.aPLLMULFactorTable.1
                0x08008c10       0x10 ./Drivers/STM32F1xx_HAL_Driver/Src/stm32f1xx_hal_rcc.o
 .rodata.aPredivFactorTable.0
                0x08008c20        0x2 ./Drivers/STM32F1xx_HAL_Driver/Src/stm32f1xx_hal_rcc.o
 .rodata._printf_float.str1.1
                0x08008c22       0x12 /Applications/STM32CubeIDE.app/Contents/Eclipse/plugins/com.st.stm32cube.ide.mcu.externaltools.gnu-tools-for-stm32.12.3.rel1.macos64_1.1.0.202410301201/tools/bin/../lib/gcc/arm-none-eabi/12.3.1/../../../../arm-none-eabi/lib/thumb/v7-m/nofp/libc_nano.a(libc_a-nano-vfprintf_float.o)
 .rodata._printf_i.str1.1
                0x08008c34       0x22 /Applications/STM32CubeIDE.app/Contents/Eclipse/plugins/com.st.stm32cube.ide.mcu.externaltools.gnu-tools-for-stm32.12.3.rel1.macos64_1.1.0.202410301201/tools/bin/../lib/gcc/arm-none-eabi/12.3.1/../../../../arm-none-eabi/lib/thumb/v7-m/nofp/libc_nano.a(libc_a-nano-vfprintf_i.o)
 .rodata._dtoa_r.str1.1
                0x08008c56       0x8d /Applications/STM32CubeIDE.app/Contents/Eclipse/plugins/com.st.stm32cube.ide.mcu.externaltools.gnu-tools-for-stm32.12.3.rel1.macos64_1.1.0.202410301201/tools/bin/../lib/gcc/arm-none-eabi/12.3.1/../../../../arm-none-eabi/lib/thumb/v7-m/nofp/libc_nano.a(libc_a-dtoa.o)
                                 0x8f (size before relaxing)
 .rodata._vfprintf_r.str1.1
                0x08008ce3       0x11 /Applications/STM32CubeIDE.app/Contents/Eclipse/plugins/com.st.stm32cube.ide.mcu.externaltools.gnu-tools-for-stm32.12.3.rel1.macos64_1.1.0.202410301201/tools/bin/../lib/gcc/arm-none-eabi/12.3.1/../../../../arm-none-eabi/lib/thumb/v7-m/nofp/libc_nano.a(libc_a-nano-vfprintf.o)
 .rodata._Balloc.str1.1
                0x08008cf4       0x59 /Applications/STM32CubeIDE.app/Contents/Eclipse/plugins/com.st.stm32cube.ide.mcu.externaltools.gnu-tools-for-stm32.12.3.rel1.macos64_1.1.0.202410301201/tools/bin/../lib/gcc/arm-none-eabi/12.3.1/../../../../arm-none-eabi/lib/thumb/v7-m/nofp/libc_nano.a(libc_a-mprec.o)
                                 0x70 (size before relaxing)
 .rodata.__multadd.str1.1
                0x08008d4d       0x11 /Applications/STM32CubeIDE.app/Contents/Eclipse/plugins/com.st.stm32cube.ide.mcu.externaltools.gnu-tools-for-stm32.12.3.rel1.macos64_1.1.0.202410301201/tools/bin/../lib/gcc/arm-none-eabi/12.3.1/../../../../arm-none-eabi/lib/thumb/v7-m/nofp/libc_nano.a(libc_a-mprec.o)
 *fill*         0x08008d4d        0x3 
 .rodata.p05.0  0x08008d50        0xc /Applications/STM32CubeIDE.app/Contents/Eclipse/plugins/com.st.stm32cube.ide.mcu.externaltools.gnu-tools-for-stm32.12.3.rel1.macos64_1.1.0.202410301201/tools/bin/../lib/gcc/arm-none-eabi/12.3.1/../../../../arm-none-eabi/lib/thumb/v7-m/nofp/libc_nano.a(libc_a-mprec.o)
 *fill*         0x08008d5c        0x4 
 .rodata.__mprec_bigtens
                0x08008d60       0x28 /Applications/STM32CubeIDE.app/Contents/Eclipse/plugins/com.st.stm32cube.ide.mcu.externaltools.gnu-tools-for-stm32.12.3.rel1.macos64_1.1.0.202410301201/tools/bin/../lib/gcc/arm-none-eabi/12.3.1/../../../../arm-none-eabi/lib/thumb/v7-m/nofp/libc_nano.a(libc_a-mprec.o)
                0x08008d60                __mprec_bigtens
 .rodata.__mprec_tens
                0x08008d88       0xc8 /Applications/STM32CubeIDE.app/Contents/Eclipse/plugins/com.st.stm32cube.ide.mcu.externaltools.gnu-tools-for-stm32.12.3.rel1.macos64_1.1.0.202410301201/tools/bin/../lib/gcc/arm-none-eabi/12.3.1/../../../../arm-none-eabi/lib/thumb/v7-m/nofp/libc_nano.a(libc_a-mprec.o)
                0x08008d88                __mprec_tens
 .rodata._setlocale_r.str1.1
                0x08008e50        0x8 /Applications/STM32CubeIDE.app/Contents/Eclipse/plugins/com.st.stm32cube.ide.mcu.externaltools.gnu-tools-for-stm32.12.3.rel1.macos64_1.1.0.202410301201/tools/bin/../lib/gcc/arm-none-eabi/12.3.1/../../../../arm-none-eabi/lib/thumb/v7-m/nofp/libc_nano.a(libc_a-locale.o)
                                  0x9 (size before relaxing)
 .rodata.str1.1
                0x08008e58        0x2 /Applications/STM32CubeIDE.app/Contents/Eclipse/plugins/com.st.stm32cube.ide.mcu.externaltools.gnu-tools-for-stm32.12.3.rel1.macos64_1.1.0.202410301201/tools/bin/../lib/gcc/arm-none-eabi/12.3.1/../../../../arm-none-eabi/lib/thumb/v7-m/nofp/libc_nano.a(libc_a-locale.o)
 .rodata._ctype_
                0x08008e5a      0x101 /Applications/STM32CubeIDE.app/Contents/Eclipse/plugins/com.st.stm32cube.ide.mcu.externaltools.gnu-tools-for-stm32.12.3.rel1.macos64_1.1.0.202410301201/tools/bin/../lib/gcc/arm-none-eabi/12.3.1/../../../../arm-none-eabi/lib/thumb/v7-m/nofp/libc_nano.a(libc_a-ctype_.o)
                0x08008e5a                _ctype_
 .rodata.__assert_func.str1.1
                0x08008f5b       0x3c /Applications/STM32CubeIDE.app/Contents/Eclipse/plugins/com.st.stm32cube.ide.mcu.externaltools.gnu-tools-for-stm32.12.3.rel1.macos64_1.1.0.202410301201/tools/bin/../lib/gcc/arm-none-eabi/12.3.1/../../../../arm-none-eabi/lib/thumb/v7-m/nofp/libc_nano.a(libc_a-assert.o)
                                 0x3d (size before relaxing)
                0x08008f98                        . = ALIGN (0x4)
 *fill*         0x08008f97        0x1 

.ARM.extab      0x08008f98        0x0
                0x08008f98                        . = ALIGN (0x4)
 *(.ARM.extab* .gnu.linkonce.armextab.*)
                0x08008f98                        . = ALIGN (0x4)

.ARM            0x08008f98        0x8
                0x08008f98                        . = ALIGN (0x4)
                0x08008f98                        __exidx_start = .
 *(.ARM.exidx*)
 .ARM.exidx     0x08008f98        0x8 /Applications/STM32CubeIDE.app/Contents/Eclipse/plugins/com.st.stm32cube.ide.mcu.externaltools.gnu-tools-for-stm32.12.3.rel1.macos64_1.1.0.202410301201/tools/bin/../lib/gcc/arm-none-eabi/12.3.1/../../../../arm-none-eabi/lib/thumb/v7-m/nofp/libc_nano.a(libc_a-strlen.o)
                0x08008fa0                        __exidx_end = .
                0x08008fa0                        . = ALIGN (0x4)

.preinit_array  0x08008fa0        0x0
                0x08008fa0                        . = ALIGN (0x4)
                0x08008fa0                        PROVIDE (__preinit_array_start = .)
 *(.preinit_array*)
                0x08008fa0                        PROVIDE (__preinit_array_end = .)
                0x08008fa0                        . = ALIGN (0x4)

.init_array     0x08008fa0        0x4
                0x08008fa0                        . = ALIGN (0x4)
                0x08008fa0                        PROVIDE (__init_array_start = .)
 *(SORT_BY_NAME(.init_array.*))
 *(.init_array*)
 .init_array    0x08008fa0        0x4 /Applications/STM32CubeIDE.app/Contents/Eclipse/plugins/com.st.stm32cube.ide.mcu.externaltools.gnu-tools-for-stm32.12.3.rel1.macos64_1.1.0.202410301201/tools/bin/../lib/gcc/arm-none-eabi/12.3.1/thumb/v7-m/nofp/crtbegin.o
                0x08008fa4                        PROVIDE (__init_array_end = .)
                0x08008fa4                        . = ALIGN (0x4)

.fini_array     0x08008fa4        0x4
                0x08008fa4                        . = ALIGN (0x4)
                [!provide]                        PROVIDE (__fini_array_start = .)
 *(SORT_BY_NAME(.fini_array.*))
 *(.fini_array*)
 .fini_array    0x08008fa4        0x4 /Applications/STM32CubeIDE.app/Contents/Eclipse/plugins/com.st.stm32cube.ide.mcu.externaltools.gnu-tools-for-stm32.12.3.rel1.macos64_1.1.0.202410301201/tools/bin/../lib/gcc/arm-none-eabi/12.3.1/thumb/v7-m/nofp/crtbegin.o
                [!provide]                        PROVIDE (__fini_array_end = .)
                0x08008fa8                        . = ALIGN (0x4)
                0x08008fa8                        _sidata = LOADADDR (.data)

.rel.dyn        0x08008fa8        0x0
 .rel.iplt      0x08008fa8        0x0 /Applications/STM32CubeIDE.app/Contents/Eclipse/plugins/com.st.stm32cube.ide.mcu.externaltools.gnu-tools-for-stm32.12.3.rel1.macos64_1.1.0.202410301201/tools/bin/../lib/gcc/arm-none-eabi/12.3.1/thumb/v7-m/nofp/crtbegin.o

.data           0x20000000      0x208 load address 0x08008fa8
                0x20000000                        . = ALIGN (0x4)
                0x20000000                        _sdata = .
 *(.data)
 *(.data*)
 .data.init     0x20000000       0x30 ./Core/Src/file.o
                0x20000000                init
 .data.wTransferState
                0x20000030        0x4 ./Core/Src/main.o
                0x20000030                wTransferState
 .data.SystemCoreClock
                0x20000034        0x4 ./Core/Src/system_stm32f1xx.o
                0x20000034                SystemCoreClock
 .data.uwTickPrio
                0x20000038        0x4 ./Drivers/STM32F1xx_HAL_Driver/Src/stm32f1xx_hal.o
                0x20000038                uwTickPrio
 .data.uwTickFreq
                0x2000003c        0x1 ./Drivers/STM32F1xx_HAL_Driver/Src/stm32f1xx_hal.o
                0x2000003c                uwTickFreq
 *fill*         0x2000003d        0x3 
 .data.__sglue  0x20000040        0xc /Applications/STM32CubeIDE.app/Contents/Eclipse/plugins/com.st.stm32cube.ide.mcu.externaltools.gnu-tools-for-stm32.12.3.rel1.macos64_1.1.0.202410301201/tools/bin/../lib/gcc/arm-none-eabi/12.3.1/../../../../arm-none-eabi/lib/thumb/v7-m/nofp/libc_nano.a(libc_a-findfp.o)
                0x20000040                __sglue
 .data._impure_ptr
                0x2000004c        0x4 /Applications/STM32CubeIDE.app/Contents/Eclipse/plugins/com.st.stm32cube.ide.mcu.externaltools.gnu-tools-for-stm32.12.3.rel1.macos64_1.1.0.202410301201/tools/bin/../lib/gcc/arm-none-eabi/12.3.1/../../../../arm-none-eabi/lib/thumb/v7-m/nofp/libc_nano.a(libc_a-impure.o)
                0x2000004c                _impure_ptr
 .data._impure_data
                0x20000050       0x4c /Applications/STM32CubeIDE.app/Contents/Eclipse/plugins/com.st.stm32cube.ide.mcu.externaltools.gnu-tools-for-stm32.12.3.rel1.macos64_1.1.0.202410301201/tools/bin/../lib/gcc/arm-none-eabi/12.3.1/../../../../arm-none-eabi/lib/thumb/v7-m/nofp/libc_nano.a(libc_a-impure.o)
                0x20000050                _impure_data
 .data.__global_locale
                0x2000009c      0x16c /Applications/STM32CubeIDE.app/Contents/Eclipse/plugins/com.st.stm32cube.ide.mcu.externaltools.gnu-tools-for-stm32.12.3.rel1.macos64_1.1.0.202410301201/tools/bin/../lib/gcc/arm-none-eabi/12.3.1/../../../../arm-none-eabi/lib/thumb/v7-m/nofp/libc_nano.a(libc_a-locale.o)
                0x2000009c                __global_locale
 *(.RamFunc)
 *(.RamFunc*)
                0x20000208                        . = ALIGN (0x4)
                0x20000208                        _edata = .

.igot.plt       0x20000208        0x0 load address 0x080091b0
 .igot.plt      0x20000208        0x0 /Applications/STM32CubeIDE.app/Contents/Eclipse/plugins/com.st.stm32cube.ide.mcu.externaltools.gnu-tools-for-stm32.12.3.rel1.macos64_1.1.0.202410301201/tools/bin/../lib/gcc/arm-none-eabi/12.3.1/thumb/v7-m/nofp/crtbegin.o
                0x20000208                        . = ALIGN (0x4)

.bss            0x20000208      0x2d4 load address 0x080091b0
                0x20000208                        _sbss = .
                0x20000208                        __bss_start__ = _sbss
 *(.bss)
 .bss           0x20000208       0x1c /Applications/STM32CubeIDE.app/Contents/Eclipse/plugins/com.st.stm32cube.ide.mcu.externaltools.gnu-tools-for-stm32.12.3.rel1.macos64_1.1.0.202410301201/tools/bin/../lib/gcc/arm-none-eabi/12.3.1/thumb/v7-m/nofp/crtbegin.o
 *(.bss*)
 .bss._ZN5L647417number_of_devicesE
                0x20000224        0x1 ./Core/Src/L6474.o
                0x20000224                L6474::number_of_devices
 .bss._ZN5L647420spi_preemtion_by_isrE
                0x20000225        0x1 ./Core/Src/L6474.o
                0x20000225                L6474::spi_preemtion_by_isr
 .bss._ZN5L64748isr_flagE
                0x20000226        0x1 ./Core/Src/L6474.o
                0x20000226                L6474::isr_flag
 *fill*         0x20000227        0x1 
 .bss._ZN5L647413spi_tx_burstsE
                0x20000228        0xc ./Core/Src/L6474.o
                0x20000228                L6474::spi_tx_bursts
 .bss._ZN5L647413spi_rx_burstsE
                0x20000234        0xc ./Core/Src/L6474.o
                0x20000234                L6474::spi_rx_bursts
 .bss.motor     0x20000240        0x4 ./Core/Src/file.o
                0x20000240                motor
 .bss.position  0x20000244        0x4 ./Core/Src/file.o
                0x20000244                position
 .bss.diff      0x20000248        0x4 ./Core/Src/file.o