Archive member included to satisfy reference by file (symbol)

/Applications/STM32CubeIDE.app/Contents/Eclipse/plugins/com.st.stm32cube.ide.mcu.externaltools.gnu-tools-for-stm32.13.3.rel1.macos64_1.0.0.202411102158/tools/bin/../lib/gcc/arm-none-eabi/13.3.1/../../../../arm-none-eabi/lib/thumb/v7-m/nofp/libstdc++_nano.a(del_ops.o)
                              ./Core/Src/L6474.o (operator delete(void*, unsigned int))
/Applications/STM32CubeIDE.app/Contents/Eclipse/plugins/com.st.stm32cube.ide.mcu.externaltools.gnu-tools-for-stm32.13.3.rel1.macos64_1.0.0.202411102158/tools/bin/../lib/gcc/arm-none-eabi/13.3.1/../../../../arm-none-eabi/lib/thumb/v7-m/nofp/libstdc++_nano.a(new_op.o)
                              ./Core/Src/driver.o (operator new(unsigned int))
/Applications/STM32CubeIDE.app/Contents/Eclipse/plugins/com.st.stm32cube.ide.mcu.externaltools.gnu-tools-for-stm32.13.3.rel1.macos64_1.0.0.202411102158/tools/bin/../lib/gcc/arm-none-eabi/13.3.1/../../../../arm-none-eabi/lib/thumb/v7-m/nofp/libstdc++_nano.a(del_op.o)
                              /Applications/STM32CubeIDE.app/Contents/Eclipse/plugins/com.st.stm32cube.ide.mcu.externaltools.gnu-tools-for-stm32.13.3.rel1.macos64_1.0.0.202411102158/tools/bin/../lib/gcc/arm-none-eabi/13.3.1/../../../../arm-none-eabi/lib/thumb/v7-m/nofp/libstdc++_nano.a(del_ops.o) (operator delete(void*))
/Applications/STM32CubeIDE.app/Contents/Eclipse/plugins/com.st.stm32cube.ide.mcu.externaltools.gnu-tools-for-stm32.13.3.rel1.macos64_1.0.0.202411102158/tools/bin/../lib/gcc/arm-none-eabi/13.3.1/../../../../arm-none-eabi/lib/thumb/v7-m/nofp/libstdc++_nano.a(new_handler.o)
                              /Applications/STM32CubeIDE.app/Contents/Eclipse/plugins/com.st.stm32cube.ide.mcu.externaltools.gnu-tools-for-stm32.13.3.rel1.macos64_1.0.0.202411102158/tools/bin/../lib/gcc/arm-none-eabi/13.3.1/../../../../arm-none-eabi/lib/thumb/v7-m/nofp/libstdc++_nano.a(new_op.o) (std::get_new_handler())
/Applications/STM32CubeIDE.app/Contents/Eclipse/plugins/com.st.stm32cube.ide.mcu.externaltools.gnu-tools-for-stm32.13.3.rel1.macos64_1.0.0.202411102158/tools/bin/../lib/gcc/arm-none-eabi/13.3.1/../../../../arm-none-eabi/lib/thumb/v7-m/nofp/libc_nano.a(libc_a-abort.o)
                              /Applications/STM32CubeIDE.app/Contents/Eclipse/plugins/com.st.stm32cube.ide.mcu.externaltools.gnu-tools-for-stm32.13.3.rel1.macos64_1.0.0.202411102158/tools/bin/../lib/gcc/arm-none-eabi/13.3.1/../../../../arm-none-eabi/lib/thumb/v7-m/nofp/libstdc++_nano.a(new_op.o) (abort)
/Applications/STM32CubeIDE.app/Contents/Eclipse/plugins/com.st.stm32cube.ide.mcu.externaltools.gnu-tools-for-stm32.13.3.rel1.macos64_1.0.0.202411102158/tools/bin/../lib/gcc/arm-none-eabi/13.3.1/../../../../arm-none-eabi/lib/thumb/v7-m/nofp/libc_nano.a(libc_a-exit.o)
                              /Applications/STM32CubeIDE.app/Contents/Eclipse/plugins/com.st.stm32cube.ide.mcu.externaltools.gnu-tools-for-stm32.13.3.rel1.macos64_1.0.0.202411102158/tools/bin/../lib/gcc/arm-none-eabi/13.3.1/../../../../arm-none-eabi/lib/thumb/v7-m/nofp/crt0.o (exit)
/Applications/STM32CubeIDE.app/Contents/Eclipse/plugins/com.st.stm32cube.ide.mcu.externaltools.gnu-tools-for-stm32.13.3.rel1.macos64_1.0.0.202411102158/tools/bin/../lib/gcc/arm-none-eabi/13.3.1/../../../../arm-none-eabi/lib/thumb/v7-m/nofp/libc_nano.a(libc_a-malloc.o)
                              /Applications/STM32CubeIDE.app/Contents/Eclipse/plugins/com.st.stm32cube.ide.mcu.externaltools.gnu-tools-for-stm32.13.3.rel1.macos64_1.0.0.202411102158/tools/bin/../lib/gcc/arm-none-eabi/13.3.1/../../../../arm-none-eabi/lib/thumb/v7-m/nofp/libstdc++_nano.a(new_op.o) (malloc)
/Applications/STM32CubeIDE.app/Contents/Eclipse/plugins/com.st.stm32cube.ide.mcu.externaltools.gnu-tools-for-stm32.13.3.rel1.macos64_1.0.0.202411102158/tools/bin/../lib/gcc/arm-none-eabi/13.3.1/../../../../arm-none-eabi/lib/thumb/v7-m/nofp/libc_nano.a(libc_a-mallocr.o)
                              /Applications/STM32CubeIDE.app/Contents/Eclipse/plugins/com.st.stm32cube.ide.mcu.externaltools.gnu-tools-for-stm32.13.3.rel1.macos64_1.0.0.202411102158/tools/bin/../lib/gcc/arm-none-eabi/13.3.1/../../../../arm-none-eabi/lib/thumb/v7-m/nofp/libc_nano.a(libc_a-malloc.o) (_malloc_r)
/Applications/STM32CubeIDE.app/Contents/Eclipse/plugins/com.st.stm32cube.ide.mcu.externaltools.gnu-tools-for-stm32.13.3.rel1.macos64_1.0.0.202411102158/tools/bin/../lib/gcc/arm-none-eabi/13.3.1/../../../../arm-none-eabi/lib/thumb/v7-m/nofp/libc_nano.a(libc_a-mlock.o)
                              /Applications/STM32CubeIDE.app/Contents/Eclipse/plugins/com.st.stm32cube.ide.mcu.externaltools.gnu-tools-for-stm32.13.3.rel1.macos64_1.0.0.202411102158/tools/bin/../lib/gcc/arm-none-eabi/13.3.1/../../../../arm-none-eabi/lib/thumb/v7-m/nofp/libc_nano.a(libc_a-mallocr.o) (__malloc_lock)
[...]
Memory Configuration

Name             Origin             Length             Attributes
RAM              0x20000000         0x00005000         xrw
FLASH            0x08000000         0x00020000         xr
*default*        0x00000000         0xffffffff

Linker script and memory map

LOAD /Applications/STM32CubeIDE.app/Contents/Eclipse/plugins/com.st.stm32cube.ide.mcu.externaltools.gnu-tools-for-stm32.13.3.rel1.macos64_1.0.0.202411102158/tools/bin/../lib/gcc/arm-none-eabi/13.3.1/thumb/v7-m/nofp/crti.o
LOAD /Applications/STM32CubeIDE.app/Contents/Eclipse/plugins/com.st.stm32cube.ide.mcu.externaltools.gnu-tools-for-stm32.13.3.rel1.macos64_1.0.0.202411102158/tools/bin/../lib/gcc/arm-none-eabi/13.3.1/thumb/v7-m/nofp/crtbegin.o
LOAD /Applications/STM32CubeIDE.app/Contents/Eclipse/plugins/com.st.stm32cube.ide.mcu.externaltools.gnu-tools-for-stm32.13.3.rel1.macos64_1.0.0.202411102158/tools/bin/../lib/gcc/arm-none-eabi/13.3.1/../../../../arm-none-eabi/lib/thumb/v7-m/nofp/crt0.o
LOAD ./Core/Src/L6474.o
LOAD ./Core/Src/Pwm.o
LOAD ./Core/Src/driver.o
LOAD ./Core/Src/main.o
LOAD ./Core/Src/stm32f1xx_hal_msp.o
LOAD ./Core/Src/stm32f1xx_it.o
LOAD ./Core/Src/syscalls.o
LOAD ./Core/Src/sysmem.o
LOAD ./Core/Src/system_stm32f1xx.o
LOAD ./Core/Startup/startup_stm32f103rbtx.o
LOAD ./Drivers/STM32F1xx_HAL_Driver/Src/stm32f1xx_hal.o
LOAD ./Drivers/STM32F1xx_HAL_Driver/Src/stm32f1xx_hal_cortex.o
LOAD ./Drivers/STM32F1xx_HAL_Driver/Src/stm32f1xx_hal_dma.o
LOAD ./Drivers/STM32F1xx_HAL_Driver/Src/stm32f1xx_hal_exti.o
LOAD ./Drivers/STM32F1xx_HAL_Driver/Src/stm32f1xx_hal_flash.o
LOAD ./Drivers/STM32F1xx_HAL_Driver/Src/stm32f1xx_hal_flash_ex.o
LOAD ./Drivers/STM32F1xx_HAL_Driver/Src/stm32f1xx_hal_gpio.o
LOAD ./Drivers/STM32F1xx_HAL_Driver/Src/stm32f1xx_hal_gpio_ex.o
LOAD ./Drivers/STM32F1xx_HAL_Driver/Src/stm32f1xx_hal_pwr.o
LOAD ./Drivers/STM32F1xx_HAL_Driver/Src/stm32f1xx_hal_rcc.o
LOAD ./Drivers/STM32F1xx_HAL_Driver/Src/stm32f1xx_hal_rcc_ex.o
LOAD ./Drivers/STM32F1xx_HAL_Driver/Src/stm32f1xx_hal_spi.o
LOAD ./Drivers/STM32F1xx_HAL_Driver/Src/stm32f1xx_hal_tim.o
LOAD ./Drivers/STM32F1xx_HAL_Driver/Src/stm32f1xx_hal_tim_ex.o
START GROUP
LOAD /Applications/STM32CubeIDE.app/Contents/Eclipse/plugins/com.st.stm32cube.ide.mcu.externaltools.gnu-tools-for-stm32.13.3.rel1.macos64_1.0.0.202411102158/tools/bin/../lib/gcc/arm-none-eabi/13.3.1/../../../../arm-none-eabi/lib/thumb/v7-m/nofp/libstdc++_nano.a
LOAD /Applications/STM32CubeIDE.app/Contents/Eclipse/plugins/com.st.stm32cube.ide.mcu.externaltools.gnu-tools-for-stm32.13.3.rel1.macos64_1.0.0.202411102158/tools/bin/../lib/gcc/arm-none-eabi/13.3.1/../../../../arm-none-eabi/lib/thumb/v7-m/nofp/libsupc++_nano.a
END GROUP
LOAD /Applications/STM32CubeIDE.app/Contents/Eclipse/plugins/com.st.stm32cube.ide.mcu.externaltools.gnu-tools-for-stm32.13.3.rel1.macos64_1.0.0.202411102158/tools/bin/../lib/gcc/arm-none-eabi/13.3.1/../../../../arm-none-eabi/lib/thumb/v7-m/nofp/libstdc++_nano.a
LOAD /Applications/STM32CubeIDE.app/Contents/Eclipse/plugins/com.st.stm32cube.ide.mcu.externaltools.gnu-tools-for-stm32.13.3.rel1.macos64_1.0.0.202411102158/tools/bin/../lib/gcc/arm-none-eabi/13.3.1/../../../../arm-none-eabi/lib/thumb/v7-m/nofp/libm.a
LOAD /Applications/STM32CubeIDE.app/Contents/Eclipse/plugins/com.st.stm32cube.ide.mcu.externaltools.gnu-tools-for-stm32.13.3.rel1.macos64_1.0.0.202411102158/tools/bin/../lib/gcc/arm-none-eabi/13.3.1/../../../../arm-none-eabi/lib/thumb/v7-m/nofp/libc_nano.a
START GROUP
LOAD /Applications/STM32CubeIDE.app/Contents/Eclipse/plugins/com.st.stm32cube.ide.mcu.externaltools.gnu-tools-for-stm32.13.3.rel1.macos64_1.0.0.202411102158/tools/bin/../lib/gcc/arm-none-eabi/13.3.1/thumb/v7-m/nofp/libgcc.a
LOAD /Applications/STM32CubeIDE.app/Contents/Eclipse/plugins/com.st.stm32cube.ide.mcu.externaltools.gnu-tools-for-stm32.13.3.rel1.macos64_1.0.0.202411102158/tools/bin/../lib/gcc/arm-none-eabi/13.3.1/../../../../arm-none-eabi/lib/thumb/v7-m/nofp/libc_nano.a
END GROUP
START GROUP
LOAD /Applications/STM32CubeIDE.app/Contents/Eclipse/plugins/com.st.stm32cube.ide.mcu.externaltools.gnu-tools-for-stm32.13.3.rel1.macos64_1.0.0.202411102158/tools/bin/../lib/gcc/arm-none-eabi/13.3.1/thumb/v7-m/nofp/libgcc.a
LOAD /Applications/STM32CubeIDE.app/Contents/Eclipse/plugins/com.st.stm32cube.ide.mcu.externaltools.gnu-tools-for-stm32.13.3.rel1.macos64_1.0.0.202411102158/tools/bin/../lib/gcc/arm-none-eabi/13.3.1/../../../../arm-none-eabi/lib/thumb/v7-m/nofp/libc_nano.a
LOAD /Applications/STM32CubeIDE.app/Contents/Eclipse/plugins/com.st.stm32cube.ide.mcu.externaltools.gnu-tools-for-stm32.13.3.rel1.macos64_1.0.0.202411102158/tools/bin/../lib/gcc/arm-none-eabi/13.3.1/../../../../arm-none-eabi/lib/thumb/v7-m/nofp/libnosys.a
END GROUP
START GROUP
LOAD /Applications/STM32CubeIDE.app/Contents/Eclipse/plugins/com.st.stm32cube.ide.mcu.externaltools.gnu-tools-for-stm32.13.3.rel1.macos64_1.0.0.202411102158/tools/bin/../lib/gcc/arm-none-eabi/13.3.1/thumb/v7-m/nofp/libgcc.a
LOAD /Applications/STM32CubeIDE.app/Contents/Eclipse/plugins/com.st.stm32cube.ide.mcu.externaltools.gnu-tools-for-stm32.13.3.rel1.macos64_1.0.0.202411102158/tools/bin/../lib/gcc/arm-none-eabi/13.3.1/../../../../arm-none-eabi/lib/thumb/v7-m/nofp/libc_nano.a
LOAD /Applications/STM32CubeIDE.app/Contents/Eclipse/plugins/com.st.stm32cube.ide.mcu.externaltools.gnu-tools-for-stm32.13.3.rel1.macos64_1.0.0.202411102158/tools/bin/../lib/gcc/arm-none-eabi/13.3.1/../../../../arm-none-eabi/lib/thumb/v7-m/nofp/libnosys.a
END GROUP
LOAD /Applications/STM32CubeIDE.app/Contents/Eclipse/plugins/com.st.stm32cube.ide.mcu.externaltools.gnu-tools-for-stm32.13.3.rel1.macos64_1.0.0.202411102158/tools/bin/../lib/gcc/arm-none-eabi/13.3.1/thumb/v7-m/nofp/crtend.o
LOAD /Applications/STM32CubeIDE.app/Contents/Eclipse/plugins/com.st.stm32cube.ide.mcu.externaltools.gnu-tools-for-stm32.13.3.rel1.macos64_1.0.0.202411102158/tools/bin/../lib/gcc/arm-none-eabi/13.3.1/thumb/v7-m/nofp/crtn.o
                0x20005000                        _estack = (ORIGIN (RAM) + LENGTH (RAM))
                0x00000200                        _Min_Heap_Size = 0x200
                0x00000400                        _Min_Stack_Size = 0x400

.isr_vector     0x08000000      0x10c
                0x08000000                        . = ALIGN (0x4)
 *(.isr_vector)
 .isr_vector    0x08000000      0x10c ./Core/Startup/startup_stm32f103rbtx.o
                0x08000000                g_pfnVectors
                0x0800010c                        . = ALIGN (0x4)

.text           0x0800010c     0x6968
                0x0800010c                        . = ALIGN (0x4)
 *(.text)
 .text          0x0800010c       0x40 /Applications/STM32CubeIDE.app/Contents/Eclipse/plugins/com.st.stm32cube.ide.mcu.externaltools.gnu-tools-for-stm32.13.3.rel1.macos64_1.0.0.202411102158/tools/bin/../lib/gcc/arm-none-eabi/13.3.1/thumb/v7-m/nofp/crtbegin.o
 .text          0x0800014c      0x378 /Applications/STM32CubeIDE.app/Contents/Eclipse/plugins/com.st.stm32cube.ide.mcu.externaltools.gnu-tools-for-stm32.13.3.rel1.macos64_1.0.0.202411102158/tools/bin/../lib/gcc/arm-none-eabi/13.3.1/thumb/v7-m/nofp/libgcc.a(_arm_addsubdf3.o)
                0x0800014c                __aeabi_drsub
                0x08000154                __subdf3
                0x08000154                __aeabi_dsub
                0x08000158                __aeabi_dadd
                0x08000158                __adddf3
                0x080003d0                __aeabi_ui2d
                0x080003d0                __floatunsidf
                0x080003f0                __floatsidf
                0x080003f0                __aeabi_i2d
                0x08000414                __extendsfdf2
                0x08000414                __aeabi_f2d
                0x08000458                __aeabi_ul2d
                0x08000458                __floatundidf
                0x08000468                __aeabi_l2d
                0x08000468                __floatdidf
 .text          0x080004c4       0xa0 /Applications/STM32CubeIDE.app/Contents/Eclipse/plugins/com.st.stm32cube.ide.mcu.externaltools.gnu-tools-for-stm32.13.3.rel1.macos64_1.0.0.202411102158/tools/bin/../lib/gcc/arm-none-eabi/13.3.1/thumb/v7-m/nofp/libgcc.a(_arm_truncdfsf2.o)
                0x080004c4                __aeabi_d2f
                0x080004c4                __truncdfsf2
 .text          0x08000564      0x21c /Applications/STM32CubeIDE.app/Contents/Eclipse/plugins/com.st.stm32cube.ide.mcu.externaltools.gnu-tools-for-stm32.13.3.rel1.macos64_1.0.0.202411102158/tools/bin/../lib/gcc/arm-none-eabi/13.3.1/thumb/v7-m/nofp/libgcc.a(_arm_addsubsf3.o)
                0x08000564                __aeabi_frsub
                0x0800056c                __aeabi_fsub
                0x0800056c                __subsf3
                0x08000570                __aeabi_fadd
                0x08000570                __addsf3
                0x080006d0                __aeabi_ui2f
                0x080006d0                __floatunsisf
                0x080006d8                __floatsisf
                0x080006d8                __aeabi_i2f
                0x080006f4                __aeabi_ul2f
                0x080006f4                __floatundisf
                0x08000704                __aeabi_l2f
                0x08000704                __floatdisf
 .text          0x08000780      0x2a0 /Applications/STM32CubeIDE.app/Contents/Eclipse/plugins/com.st.stm32cube.ide.mcu.externaltools.gnu-tools-for-stm32.13.3.rel1.macos64_1.0.0.202411102158/tools/bin/../lib/gcc/arm-none-eabi/13.3.1/thumb/v7-m/nofp/libgcc.a(_arm_muldivsf3.o)
                0x08000780                __mulsf3
                0x08000780                __aeabi_fmul
                0x080008e8                __divsf3
                0x080008e8                __aeabi_fdiv
 .text          0x08000a20       0x4c /Applications/STM32CubeIDE.app/Contents/Eclipse/plugins/com.st.stm32cube.ide.mcu.externaltools.gnu-tools-for-stm32.13.3.rel1.macos64_1.0.0.202411102158/tools/bin/../lib/gcc/arm-none-eabi/13.3.1/thumb/v7-m/nofp/libgcc.a(_arm_fixsfsi.o)
                0x08000a20                __fixsfsi
                0x08000a20                __aeabi_f2iz
 .text          0x08000a6c       0x40 /Applications/STM32CubeIDE.app/Contents/Eclipse/plugins/com.st.stm32cube.ide.mcu.externaltools.gnu-tools-for-stm32.13.3.rel1.macos64_1.0.0.202411102158/tools/bin/../lib/gcc/arm-none-eabi/13.3.1/thumb/v7-m/nofp/libgcc.a(_arm_fixunssfsi.o)
                0x08000a6c                __aeabi_f2uiz
                0x08000a6c                __fixunssfsi
 *(.text*)
 .text._ZN9ComponentD2Ev
                0x08000aac       0x20 ./Core/Src/L6474.o
                0x08000aac                Component::~Component()
                0x08000aac                Component::~Component()
 .text._ZN9ComponentD0Ev
                0x08000acc       0x20 ./Core/Src/L6474.o
                0x08000acc                Component::~Component()
 .text._ZN12StepperMotorD2Ev
                0x08000aec       0x24 ./Core/Src/L6474.o
                0x08000aec                StepperMotor::~StepperMotor()
                0x08000aec                StepperMotor::~StepperMotor()
 .text._ZN12StepperMotorD0Ev
                0x08000b10       0x20 ./Core/Src/L6474.o
                0x08000b10                StepperMotor::~StepperMotor()
 .text._ZN5L6474D2Ev
                0x08000b30       0x24 ./Core/Src/L6474.o
                0x08000b30                L6474::~L6474()
                0x08000b30                L6474::~L6474()
 .text._ZN5L6474D0Ev
                0x08000b54       0x20 ./Core/Src/L6474.o
                0x08000b54                L6474::~L6474()
 .text._ZN5L64744initEPv
                0x08000b74       0x1c ./Core/Src/L6474.o
                0x08000b74                L6474::init(void*)
 .text._ZN5L64747read_idEPh
                0x08000b90       0x1c ./Core/Src/L6474.o
                0x08000b90                L6474::read_id(unsigned char*)
 .text._ZN5L647410get_statusEv
                0x08000bac       0x18 ./Core/Src/L6474.o
                0x08000bac                L6474::get_status()
 .text._ZN5L647413get_parameterEj
                0x08000bc4       0x6a ./Core/Src/L6474.o
                0x08000bc4                L6474::get_parameter(unsigned int)
 .text._ZN5L647412get_positionEv
                0x08000c2e       0x18 ./Core/Src/L6474.o
                0x08000c2e                L6474::get_position()
 .text._ZN5L64748get_markEv
                0x08000c46       0x18 ./Core/Src/L6474.o
                0x08000c46                L6474::get_mark()
 .text._ZN5L64749get_speedEv
                0x08000c5e       0x18 ./Core/Src/L6474.o
                0x08000c5e                L6474::get_speed()
 .text._ZN5L647413get_max_speedEv
                0x08000c76       0x18 ./Core/Src/L6474.o
                0x08000c76                L6474::get_max_speed()
 .text._ZN5L647413get_min_speedEv
                0x08000c8e       0x18 ./Core/Src/L6474.o
                0x08000c8e                L6474::get_min_speed()
 .text._ZN5L647416get_accelerationEv
                0x08000ca6       0x18 ./Core/Src/L6474.o
                0x08000ca6                L6474::get_acceleration()
 .text._ZN5L647416get_decelerationEv
                0x08000cbe       0x18 ./Core/Src/L6474.o
                0x08000cbe                L6474::get_deceleration()
 .text._ZN5L647413get_directionEv
                0x08000cd6       0x22 ./Core/Src/L6474.o
                0x08000cd6                L6474::get_direction()
 .text._ZN5L647413set_parameterEjf
                0x08000cf8       0x5c ./Core/Src/L6474.o
                0x08000cf8                L6474::set_parameter(unsigned int, float)
 .text._ZN5L64748set_homeEv
                0x08000d54       0x16 ./Core/Src/L6474.o
                0x08000d54                L6474::set_home()
 .text._ZN5L64748set_markEv
                0x08000d6a       0x16 ./Core/Src/L6474.o
                0x08000d6a                L6474::set_mark()
 .text._ZN5L647413set_max_speedEj
                0x08000d80       0x20 ./Core/Src/L6474.o
                0x08000d80                L6474::set_max_speed(unsigned int)
 .text._ZN5L647413set_min_speedEj
                0x08000da0       0x20 ./Core/Src/L6474.o
                0x08000da0                L6474::set_min_speed(unsigned int)
 .text._ZN5L647416set_accelerationEj
                0x08000dc0       0x20 ./Core/Src/L6474.o
                0x08000dc0                L6474::set_acceleration(unsigned int)
 .text._ZN5L647416set_decelerationEj
                0x08000de0       0x20 ./Core/Src/L6474.o
                0x08000de0                L6474::set_deceleration(unsigned int)
 .text._ZN5L64745go_toEi
                0x08000e00       0x1a ./Core/Src/L6474.o
                0x08000e00                L6474::go_to(int)
 .text._ZN5L64747go_homeEv
                0x08000e1a       0x16 ./Core/Src/L6474.o
                0x08000e1a                L6474::go_home()
 .text._ZN5L64747go_markEv
                0x08000e30       0x16 ./Core/Src/L6474.o
                0x08000e30                L6474::go_mark()
 .text._ZN5L64743runEN12StepperMotor11direction_tE
                0x08000e46       0x28 ./Core/Src/L6474.o
                0x08000e46                L6474::run(StepperMotor::direction_t)
 .text._ZN5L64744moveEN12StepperMotor11direction_tEj
                0x08000e6e       0x2c ./Core/Src/L6474.o
                0x08000e6e                L6474::move(StepperMotor::direction_t, unsigned int)
 .text._ZN5L64749soft_stopEv
                0x08000e9a       0x16 ./Core/Src/L6474.o
                0x08000e9a                L6474::soft_stop()
 .text._ZN5L64749hard_stopEv
                0x08000eb0       0x16 ./Core/Src/L6474.o
                0x08000eb0                L6474::hard_stop()
 .text._ZN5L64748soft_hizEv
                0x08000ec6       0x1c ./Core/Src/L6474.o
                0x08000ec6                L6474::soft_hiz()
 .text._ZN5L64748hard_hizEv
                0x08000ee2       0x1c ./Core/Src/L6474.o
                0x08000ee2                L6474::hard_hiz()
 .text._ZN5L647417wait_while_activeEv
                0x08000efe       0x16 ./Core/Src/L6474.o
                0x08000efe                L6474::wait_while_active()
 .text._ZN5L647416get_device_stateEv
                0x08000f14       0x18 ./Core/Src/L6474.o
                0x08000f14                L6474::get_device_state()
 .text._ZN5L647420read_status_registerEv
                0x08000f2c       0x18 ./Core/Src/L6474.o
                0x08000f2c                L6474::read_status_register()
 .text._ZN5L647413set_step_modeEN12StepperMotor11step_mode_tE
                0x08000f44       0x36 ./Core/Src/L6474.o
                0x08000f44                L6474::set_step_mode(StepperMotor::step_mode_t)
 .text._ZN5L647420attach_error_handlerEPFvtE
                0x08000f7a       0x1a ./Core/Src/L6474.o
                0x08000f7a                L6474::attach_error_handler(void (*)(unsigned short))
 .text._ZN5L64746enableEv
                0x08000f94       0x16 ./Core/Src/L6474.o
                0x08000f94                L6474::enable()
 .text._ZN5L64747disableEv
                0x08000faa       0x16 ./Core/Src/L6474.o
                0x08000faa                L6474::disable()
 .text._ZN5L647414get_fw_versionEv
                0x08000fc0       0x18 ./Core/Src/L6474.o
                0x08000fc0                L6474::get_fw_version()
 .text._ZN5L647411L6474_DelayEm
                0x08000fd8       0x18 ./Core/Src/L6474.o
                0x08000fd8                L6474::L6474_Delay(unsigned long)
 .text._ZN5L647415L6474_EnableIrqEv
                0x08000ff0       0x16 ./Core/Src/L6474.o
                0x08000ff0                L6474::L6474_EnableIrq()
 .text._ZN5L647416L6474_DisableIrqEv
                0x08001006       0x16 ./Core/Src/L6474.o
                0x08001006                L6474::L6474_DisableIrq()
 .text._ZN5L647413L6474_PwmInitEv
                0x0800101c       0x12 ./Core/Src/L6474.o
                0x0800101c                L6474::L6474_PwmInit()
 *fill*         0x0800102e        0x2 
 .text._ZN5L647418L6474_ReleaseResetEv
                0x08001030       0x20 ./Core/Src/L6474.o
                0x08001030                L6474::L6474_ReleaseReset()
 .text._ZN5L647422L6474_SetDirectionGpioEh
                0x08001050       0x28 ./Core/Src/L6474.o
                0x08001050                L6474::L6474_SetDirectionGpio(unsigned char)
 .text._ZN5L647419L6474_SpiWriteBytesEPhS0_
                0x08001078       0x34 ./Core/Src/L6474.o
                0x08001078                L6474::L6474_SpiWriteBytes(unsigned char*, unsigned char*)
 .text._ZN9ComponentC2Ev
                0x080010ac       0x20 ./Core/Src/L6474.o
                0x080010ac                Component::Component()
                0x080010ac                Component::Component()
 .text._ZN12StepperMotorC2Ev
                0x080010cc       0x24 ./Core/Src/L6474.o
                0x080010cc                StepperMotor::StepperMotor()
                0x080010cc                StepperMotor::StepperMotor()
 .text._ZN5L6474C2Ev
                0x080010f0       0x80 ./Core/Src/L6474.o
                0x080010f0                L6474::L6474()
                0x080010f0                L6474::L6474()
 .text._ZN5L647415attach_flag_irqEPFvvE
                0x08001170       0x20 ./Core/Src/L6474.o
                0x08001170                L6474::attach_flag_irq(void (*)())
 .text._ZN5L647415enable_flag_irqEv
                0x08001190       0x1c ./Core/Src/L6474.o
                0x08001190                L6474::enable_flag_irq()
 .text._ZN5L647424L6474_AttachErrorHandlerEPFvtE
                0x080011ac       0x1a ./Core/Src/L6474.o
                0x080011ac                L6474::L6474_AttachErrorHandler(void (*)(unsigned short))
 .text._ZN5L647410L6474_InitEPv
                0x080011c6       0x4a ./Core/Src/L6474.o
                0x080011c6                L6474::L6474_Init(void*)
 .text._ZN5L647412L6474_ReadIDEPh
                0x08001210       0x20 ./Core/Src/L6474.o
                0x08001210                L6474::L6474_ReadID(unsigned char*)
 .text._ZN5L647421L6474_GetAccelerationEv
                0x08001230       0x1a ./Core/Src/L6474.o
                0x08001230                L6474::L6474_GetAcceleration()
 .text._ZN5L647421L6474_GetCurrentSpeedEv
                0x0800124a       0x1a ./Core/Src/L6474.o
                0x0800124a                L6474::L6474_GetCurrentSpeed()
 .text._ZN5L647421L6474_GetDecelerationEv
                0x08001264       0x1a ./Core/Src/L6474.o
                0x08001264                L6474::L6474_GetDeceleration()
 .text._ZN5L647420L6474_GetDeviceStateEv
                0x0800127e       0x1a ./Core/Src/L6474.o
                0x0800127e                L6474::L6474_GetDeviceState()
 .text._ZN5L647418L6474_GetFwVersionEv
                0x08001298       0x14 ./Core/Src/L6474.o
                0x08001298                L6474::L6474_GetFwVersion()
 .text._ZN5L647413L6474_GetMarkEv
                0x080012ac       0x24 ./Core/Src/L6474.o
                0x080012ac                L6474::L6474_GetMark()
 .text._ZN5L647417L6474_GetMaxSpeedEv
                0x080012d0       0x1a ./Core/Src/L6474.o
                0x080012d0                L6474::L6474_GetMaxSpeed()
 .text._ZN5L647417L6474_GetMinSpeedEv
                0x080012ea       0x1a ./Core/Src/L6474.o
                0x080012ea                L6474::L6474_GetMinSpeed()
 .text._ZN5L647417L6474_GetPositionEv
                0x08001304       0x24 ./Core/Src/L6474.o
                0x08001304                L6474::L6474_GetPosition()
 .text._ZN5L647412L6474_GoHomeEv
                0x08001328       0x18 ./Core/Src/L6474.o
                0x08001328                L6474::L6474_GoHome()
 .text._ZN5L647412L6474_GoMarkEv
                0x08001340       0x30 ./Core/Src/L6474.o
                0x08001340                L6474::L6474_GoMark()
 .text._ZN5L647410L6474_GoToEl
                0x08001370       0x9a ./Core/Src/L6474.o
                0x08001370                L6474::L6474_GoTo(long)
 .text._ZN5L647414L6474_HardStopEv
                0x0800140a       0x2e ./Core/Src/L6474.o
                0x0800140a                L6474::L6474_HardStop()
 .text._ZN5L647410L6474_MoveE10motorDir_tm
                0x08001438       0x76 ./Core/Src/L6474.o
                0x08001438                L6474::L6474_Move(motorDir_t, unsigned long)
 .text._ZN5L64749L6474_RunE10motorDir_t
                0x080014ae       0x48 ./Core/Src/L6474.o
                0x080014ae                L6474::L6474_Run(motorDir_t)
 .text._ZN5L647421L6474_SetAccelerationEt
                0x080014f6       0x50 ./Core/Src/L6474.o
                0x080014f6                L6474::L6474_SetAcceleration(unsigned short)
 .text._ZN5L647421L6474_SetDecelerationEt
                0x08001546       0x50 ./Core/Src/L6474.o
                0x08001546                L6474::L6474_SetDeceleration(unsigned short)
 .text._ZN5L647413L6474_SetHomeEv
                0x08001596       0x1a ./Core/Src/L6474.o
                0x08001596                L6474::L6474_SetHome()
 .text._ZN5L647413L6474_SetMarkEv
                0x080015b0       0x24 ./Core/Src/L6474.o
                0x080015b0                L6474::L6474_SetMark()
 .text._ZN5L647417L6474_SetMaxSpeedEt
                0x080015d4       0x68 ./Core/Src/L6474.o
                0x080015d4                L6474::L6474_SetMaxSpeed(unsigned short)
 .text._ZN5L647417L6474_SetMinSpeedEt
                0x0800163c       0x68 ./Core/Src/L6474.o
                0x0800163c                L6474::L6474_SetMinSpeed(unsigned short)
 .text._ZN5L647414L6474_SoftStopEv
                0x080016a4       0x3a ./Core/Src/L6474.o
                0x080016a4                L6474::L6474_SoftStop()
 .text._ZN5L647421L6474_WaitWhileActiveEv
                0x080016de       0x2a ./Core/Src/L6474.o
                0x080016de                L6474::L6474_WaitWhileActive()
 .text._ZN5L647416L6474_CmdDisableEv
                0x08001708       0x18 ./Core/Src/L6474.o
                0x08001708                L6474::L6474_CmdDisable()
 .text._ZN5L647415L6474_CmdEnableEv
                0x08001720       0x18 ./Core/Src/L6474.o
                0x08001720                L6474::L6474_CmdEnable()
 .text._ZN5L647417L6474_CmdGetParamE17L6474_Registers_t
                0x08001738      0x1e8 ./Core/Src/L6474.o
                0x08001738                L6474::L6474_CmdGetParam(L6474_Registers_t)
 .text._ZN5L647418L6474_CmdGetStatusEv
                0x08001920      0x110 ./Core/Src/L6474.o
                0x08001920                L6474::L6474_CmdGetStatus()
 .text._ZN5L647417L6474_CmdSetParamE17L6474_Registers_tm
                0x08001a30      0x1c8 ./Core/Src/L6474.o
                0x08001a30                L6474::L6474_CmdSetParam(L6474_Registers_t, unsigned long)
 .text._ZN5L647424L6474_ReadStatusRegisterEv
                0x08001bf8       0x1c ./Core/Src/L6474.o
                0x08001bf8                L6474::L6474_ReadStatusRegister()
 .text._ZN5L647420L6474_SelectStepModeE15motorStepMode_t
                0x08001c14       0x94 ./Core/Src/L6474.o
                0x08001c14                L6474::L6474_SelectStepMode(motorStepMode_t)
 .text._ZN5L647418L6474_GetDirectionEv
                0x08001ca8       0x1a ./Core/Src/L6474.o
                0x08001ca8                L6474::L6474_GetDirection()
 .text._ZN5L647418L6474_SetDirectionE10motorDir_t
                0x08001cc2       0x3c ./Core/Src/L6474.o
                0x08001cc2                L6474::L6474_SetDirection(motorDir_t)
 .text._ZN5L647416L6474_ApplySpeedEt
                0x08001cfe       0x40 ./Core/Src/L6474.o
                0x08001cfe                L6474::L6474_ApplySpeed(unsigned short)
 .text._ZN5L647425L6474_ComputeSpeedProfileEm
                0x08001d3e       0xe8 ./Core/Src/L6474.o
                0x08001d3e                L6474::L6474_ComputeSpeedProfile(unsigned long)
 .text._ZN5L647421L6474_ConvertPositionEm
                0x08001e26       0x40 ./Core/Src/L6474.o
                0x08001e26                L6474::L6474_ConvertPosition(unsigned long)
 .text._ZN5L647418L6474_ErrorHandlerEt
                0x08001e66       0x2c ./Core/Src/L6474.o
                0x08001e66                L6474::L6474_ErrorHandler(unsigned short)
 *fill*         0x08001e92        0x2 
 .text._ZN5L647417L6474_SendCommandEh
                0x08001e94       0xa4 ./Core/Src/L6474.o
                0x08001e94                L6474::L6474_SendCommand(unsigned char)
 .text._ZN5L647435L6474_SetRegisterToPredefinedValuesEv
                0x08001f38      0x1f4 ./Core/Src/L6474.o
                0x08001f38                L6474::L6474_SetRegisterToPredefinedValues()
 .text._ZN5L647439L6474_SetRegisterToInitializationValuesEP12L6474_init_t
                0x0800212c      0x13e ./Core/Src/L6474.o
                0x0800212c                L6474::L6474_SetRegisterToInitializationValues(L6474_init_t*)
 *fill*         0x0800226a        0x2 
 .text._ZN5L647416L6474_WriteBytesEPhS0_
                0x0800226c       0x50 ./Core/Src/L6474.o
                0x0800226c                L6474::L6474_WriteBytes(unsigned char*, unsigned char*)
 .text._ZN5L647419L6474_StartMovementEv
                0x080022bc       0x56 ./Core/Src/L6474.o
                0x080022bc                L6474::L6474_StartMovement()
 *fill*         0x08002312        0x2 
 .text._ZN5L647422L6474_StepClockHandlerEv
                0x08002314      0x35c ./Core/Src/L6474.o
                0x08002314                L6474::L6474_StepClockHandler()
 .text._ZN5L647425L6474_Tval_Current_to_ParEf
                0x08002670       0x38 ./Core/Src/L6474.o
                0x08002670                L6474::L6474_Tval_Current_to_Par(float)
 .text._ZN5L647425L6474_Par_to_Tval_CurrentEf
                0x080026a8       0x38 ./Core/Src/L6474.o
                0x080026a8                L6474::L6474_Par_to_Tval_Current(float)
 .text._ZN5L647422L6474_Tmin_Time_to_ParEf
                0x080026e0       0x34 ./Core/Src/L6474.o
                0x080026e0                L6474::L6474_Tmin_Time_to_Par(float)
 .text._ZN5L647422L6474_Par_to_Tmin_TimeEf
                0x08002714       0x36 ./Core/Src/L6474.o
                0x08002714                L6474::L6474_Par_to_Tmin_Time(float)
 *fill*         0x0800274a        0x2 
 .text._ZN5L64749ReadWriteEPhS0_t
                0x0800274c       0x58 ./Core/Src/L6474.o
                0x0800274c                L6474::ReadWrite(unsigned char*, unsigned char*, unsigned short)
 .text._ZZN5L647416L6474_PwmSetFreqEtENKUlPvE_clES0_
                0x080027a4       0x18 ./Core/Src/L6474.o
 .text._ZZN5L647416L6474_PwmSetFreqEtENUlPvE_4_FUNES0_
                0x080027bc       0x16 ./Core/Src/L6474.o
 *fill*         0x080027d2        0x2 
 .text._ZZN5L647416L6474_PwmSetFreqEtENKUlPvE_cvPFvS0_EEv
                0x080027d4       0x18 ./Core/Src/L6474.o
 .text._ZN5L647416L6474_PwmSetFreqEt
                0x080027ec       0x88 ./Core/Src/L6474.o
                0x080027ec                L6474::L6474_PwmSetFreq(unsigned short)
 .text._ZN5L647413L6474_PwmStopEv
                0x08002874       0x30 ./Core/Src/L6474.o
                0x08002874                L6474::L6474_PwmStop()
 .text._Z9prescalerf
                0x080028a4       0x40 ./Core/Src/Pwm.o
                0x080028a4                prescaler(float)
 .text._ZN3PwmC2Ev
                0x080028e4       0x88 ./Core/Src/Pwm.o
                0x080028e4                Pwm::Pwm()
                0x080028e4                Pwm::Pwm()
 .text._ZN3Pwm5writeEf
                0x0800296c       0x50 ./Core/Src/Pwm.o
                0x0800296c                Pwm::write(float)
 .text._ZN3Pwm6periodEf
                0x080029bc       0x44 ./Core/Src/Pwm.o
                0x080029bc                Pwm::period(float)
 .text.L6474_create
                0x08002a00       0x5c ./Core/Src/driver.o
                0x08002a00                L6474_create
 .text._Z16flag_irq_handlerv
                0x08002a5c       0x4c ./Core/Src/driver.o
                0x08002a5c                flag_irq_handler()
 .text.L6474_move
                0x08002aa8       0xe8 ./Core/Src/driver.o
                0x08002aa8                L6474_move
 .text.L6474_run
                0x08002b90       0x4c ./Core/Src/driver.o
                0x08002b90                L6474_run
 .text.main     0x08002bdc       0x64 ./Core/Src/main.o
                0x08002bdc                main
 .text.SystemClock_Config
                0x08002c40       0x80 ./Core/Src/main.o
                0x08002c40                SystemClock_Config
 .text.MX_SPI1_Init
                0x08002cc0       0x6c ./Core/Src/main.o
 .text.MX_TIM3_Init
                0x08002d2c       0xb4 ./Core/Src/main.o
 .text.MX_DMA_Init
                0x08002de0       0x4c ./Core/Src/main.o
 .text.MX_GPIO_Init
                0x08002e2c       0xf0 ./Core/Src/main.o
 .text.HAL_SPI_ErrorCallback
                0x08002f1c       0x1c ./Core/Src/main.o
                0x08002f1c                HAL_SPI_ErrorCallback
 .text.Error_Handler
                0x08002f38        0xc ./Core/Src/main.o
                0x08002f38                Error_Handler
 .text.HAL_MspInit
                0x08002f44       0x64 ./Core/Src/stm32f1xx_hal_msp.o
                0x08002f44                HAL_MspInit
 .text.HAL_SPI_MspInit
                0x08002fa8      0x154 ./Core/Src/stm32f1xx_hal_msp.o
                0x08002fa8                HAL_SPI_MspInit
 .text.HAL_TIM_PWM_MspInit
                0x080030fc       0x4c ./Core/Src/stm32f1xx_hal_msp.o
                0x080030fc                HAL_TIM_PWM_MspInit
 .text.HAL_TIM_MspPostInit
                0x08003148       0x8c ./Core/Src/stm32f1xx_hal_msp.o
                0x08003148                HAL_TIM_MspPostInit
 .text.NMI_Handler
                0x080031d4        0x8 ./Core/Src/stm32f1xx_it.o
                0x080031d4                NMI_Handler
 .text.HardFault_Handler
                0x080031dc        0x8 ./Core/Src/stm32f1xx_it.o
                0x080031dc                HardFault_Handler
 .text.MemManage_Handler
                0x080031e4        0x8 ./Core/Src/stm32f1xx_it.o
                0x080031e4                MemManage_Handler
 .text.BusFault_Handler
                0x080031ec        0x8 ./Core/Src/stm32f1xx_it.o
                0x080031ec                BusFault_Handler
 .text.UsageFault_Handler
                0x080031f4        0x8 ./Core/Src/stm32f1xx_it.o
                0x080031f4                UsageFault_Handler
 .text.SVC_Handler
                0x080031fc        0xc ./Core/Src/stm32f1xx_it.o
                0x080031fc                SVC_Handler
 .text.DebugMon_Handler
                0x08003208        0xc ./Core/Src/stm32f1xx_it.o
                0x08003208                DebugMon_Handler
 .text.PendSV_Handler
                0x08003214        0xc ./Core/Src/stm32f1xx_it.o
                0x08003214                PendSV_Handler
 .text.SysTick_Handler
                0x08003220        0xc ./Core/Src/stm32f1xx_it.o
                0x08003220                SysTick_Handler
 .text.DMA1_Channel2_IRQHandler
                0x0800322c       0x14 ./Core/Src/stm32f1xx_it.o
                0x0800322c                DMA1_Channel2_IRQHandler
 .text.DMA1_Channel3_IRQHandler
                0x08003240       0x14 ./Core/Src/stm32f1xx_it.o
                0x08003240                DMA1_Channel3_IRQHandler
 .text.TIM3_IRQHandler
                0x08003254       0x2c ./Core/Src/stm32f1xx_it.o
                0x08003254                TIM3_IRQHandler
 .text.SPI1_IRQHandler
                0x08003280       0x14 ./Core/Src/stm32f1xx_it.o
                0x08003280                SPI1_IRQHandler
 .text.EXTI15_10_IRQHandler
                0x08003294       0x2c ./Core/Src/stm32f1xx_it.o
                0x08003294                EXTI15_10_IRQHandler
 .text.ITM_SendChar
                0x080032c0       0x4c ./Core/Src/syscalls.o
                0x080032c0                ITM_SendChar
 .text._getpid  0x0800330c        0xe ./Core/Src/syscalls.o
                0x0800330c                _getpid
 .text._kill    0x0800331a       0x20 ./Core/Src/syscalls.o
                0x0800331a                _kill
 .text._exit    0x0800333a       0x16 ./Core/Src/syscalls.o
                0x0800333a                _exit
 .text._read    0x08003350       0x3a ./Core/Src/syscalls.o
                0x08003350                _read
 .text._write   0x0800338a       0x38 ./Core/Src/syscalls.o
                0x0800338a                _write
 .text._close   0x080033c2       0x16 ./Core/Src/syscalls.o
                0x080033c2                _close
 .text._fstat   0x080033d8       0x1e ./Core/Src/syscalls.o
                0x080033d8                _fstat
 .text._isatty  0x080033f6       0x14 ./Core/Src/syscalls.o
                0x080033f6                _isatty
 .text._lseek   0x0800340a       0x18 ./Core/Src/syscalls.o
                0x0800340a                _lseek
 *fill*         0x08003422        0x2 
 .text._sbrk    0x08003424       0x6c ./Core/Src/sysmem.o
                0x08003424                _sbrk
 .text.SystemInit
                0x08003490        0xc ./Core/Src/system_stm32f1xx.o
                0x08003490                SystemInit
 .text.Reset_Handler
                0x0800349c       0x48 ./Core/Startup/startup_stm32f103rbtx.o
                0x0800349c                Reset_Handler
 .text.Default_Handler
                0x080034e4        0x2 ./Core/Startup/startup_stm32f103rbtx.o
                0x080034e4                USBWakeUp_IRQHandler
                0x080034e4                EXTI2_IRQHandler
                0x080034e4                TIM1_CC_IRQHandler
                0x080034e4                PVD_IRQHandler
                0x080034e4                EXTI3_IRQHandler
                0x080034e4                EXTI0_IRQHandler
                0x080034e4                I2C2_EV_IRQHandler
                0x080034e4                ADC1_2_IRQHandler
                0x080034e4                TAMPER_IRQHandler
                0x080034e4                DMA1_Channel4_IRQHandler
                0x080034e4                USART3_IRQHandler
                0x080034e4                RTC_IRQHandler
                0x080034e4                DMA1_Channel7_IRQHandler
                0x080034e4                CAN1_RX1_IRQHandler
                0x080034e4                TIM4_IRQHandler
                0x080034e4                I2C1_EV_IRQHandler
                0x080034e4                DMA1_Channel6_IRQHandler
                0x080034e4                RCC_IRQHandler
                0x080034e4                TIM1_TRG_COM_IRQHandler
                0x080034e4                DMA1_Channel1_IRQHandler
                0x080034e4                Default_Handler
                0x080034e4                EXTI9_5_IRQHandler
                0x080034e4                SPI2_IRQHandler
                0x080034e4                DMA1_Channel5_IRQHandler
                0x080034e4                EXTI4_IRQHandler
                0x080034e4                USB_LP_CAN1_RX0_IRQHandler
                0x080034e4                USB_HP_CAN1_TX_IRQHandler
                0x080034e4                TIM1_UP_IRQHandler
                0x080034e4                WWDG_IRQHandler
                0x080034e4                TIM2_IRQHandler
                0x080034e4                TIM1_BRK_IRQHandler
                0x080034e4                EXTI1_IRQHandler
                0x080034e4                USART2_IRQHandler
                0x080034e4                I2C2_ER_IRQHandler
                0x080034e4                CAN1_SCE_IRQHandler
                0x080034e4                FLASH_IRQHandler
                0x080034e4                USART1_IRQHandler
                0x080034e4                I2C1_ER_IRQHandler
                0x080034e4                RTC_Alarm_IRQHandler
 *fill*         0x080034e6        0x2 
 .text.HAL_Init
                0x080034e8       0x2c ./Drivers/STM32F1xx_HAL_Driver/Src/stm32f1xx_hal.o
                0x080034e8                HAL_Init
 .text.HAL_InitTick
                0x08003514       0x60 ./Drivers/STM32F1xx_HAL_Driver/Src/stm32f1xx_hal.o
                0x08003514                HAL_InitTick
 .text.HAL_IncTick
                0x08003574       0x24 ./Drivers/STM32F1xx_HAL_Driver/Src/stm32f1xx_hal.o
                0x08003574                HAL_IncTick
 .text.HAL_GetTick
                0x08003598       0x14 ./Drivers/STM32F1xx_HAL_Driver/Src/stm32f1xx_hal.o
                0x08003598                HAL_GetTick
 .text.HAL_Delay
                0x080035ac       0x48 ./Drivers/STM32F1xx_HAL_Driver/Src/stm32f1xx_hal.o
                0x080035ac                HAL_Delay
 .text.__NVIC_SetPriorityGrouping
                0x080035f4       0x48 ./Drivers/STM32F1xx_HAL_Driver/Src/stm32f1xx_hal_cortex.o
 .text.__NVIC_GetPriorityGrouping
                0x0800363c       0x1c ./Drivers/STM32F1xx_HAL_Driver/Src/stm32f1xx_hal_cortex.o
 .text.__NVIC_EnableIRQ
                0x08003658       0x38 ./Drivers/STM32F1xx_HAL_Driver/Src/stm32f1xx_hal_cortex.o
 .text.__NVIC_SetPriority
                0x08003690       0x54 ./Drivers/STM32F1xx_HAL_Driver/Src/stm32f1xx_hal_cortex.o
 .text.NVIC_EncodePriority
                0x080036e4       0x64 ./Drivers/STM32F1xx_HAL_Driver/Src/stm32f1xx_hal_cortex.o
 .text.SysTick_Config
                0x08003748       0x44 ./Drivers/STM32F1xx_HAL_Driver/Src/stm32f1xx_hal_cortex.o
 .text.HAL_NVIC_SetPriorityGrouping
                0x0800378c       0x16 ./Drivers/STM32F1xx_HAL_Driver/Src/stm32f1xx_hal_cortex.o
                0x0800378c                HAL_NVIC_SetPriorityGrouping
 .text.HAL_NVIC_SetPriority
                0x080037a2       0x38 ./Drivers/STM32F1xx_HAL_Driver/Src/stm32f1xx_hal_cortex.o
                0x080037a2                HAL_NVIC_SetPriority
 .text.HAL_NVIC_EnableIRQ
                0x080037da       0x1c ./Drivers/STM32F1xx_HAL_Driver/Src/stm32f1xx_hal_cortex.o
                0x080037da                HAL_NVIC_EnableIRQ
 .text.HAL_SYSTICK_Config
                0x080037f6       0x18 ./Drivers/STM32F1xx_HAL_Driver/Src/stm32f1xx_hal_cortex.o
                0x080037f6                HAL_SYSTICK_Config
 *fill*         0x0800380e        0x2 
 .text.HAL_DMA_Init
                0x08003810       0xb4 ./Drivers/STM32F1xx_HAL_Driver/Src/stm32f1xx_hal_dma.o
                0x08003810                HAL_DMA_Init
 .text.HAL_DMA_Abort_IT
                0x080038c4       0xf0 ./Drivers/STM32F1xx_HAL_Driver/Src/stm32f1xx_hal_dma.o
                0x080038c4                HAL_DMA_Abort_IT
 .text.HAL_DMA_IRQHandler
                0x080039b4      0x20c ./Drivers/STM32F1xx_HAL_Driver/Src/stm32f1xx_hal_dma.o
                0x080039b4                HAL_DMA_IRQHandler
 .text.HAL_GPIO_Init
                0x08003bc0      0x308 ./Drivers/STM32F1xx_HAL_Driver/Src/stm32f1xx_hal_gpio.o
                0x08003bc0                HAL_GPIO_Init
 .text.HAL_GPIO_WritePin
                0x08003ec8       0x30 ./Drivers/STM32F1xx_HAL_Driver/Src/stm32f1xx_hal_gpio.o
                0x08003ec8                HAL_GPIO_WritePin
 .text.HAL_GPIO_EXTI_IRQHandler
                0x08003ef8       0x30 ./Drivers/STM32F1xx_HAL_Driver/Src/stm32f1xx_hal_gpio.o
                0x08003ef8                HAL_GPIO_EXTI_IRQHandler
 .text.HAL_GPIO_EXTI_Callback
                0x08003f28       0x14 ./Drivers/STM32F1xx_HAL_Driver/Src/stm32f1xx_hal_gpio.o
                0x08003f28                HAL_GPIO_EXTI_Callback
 .text.HAL_RCC_OscConfig
                0x08003f3c      0x504 ./Drivers/STM32F1xx_HAL_Driver/Src/stm32f1xx_hal_rcc.o
                0x08003f3c                HAL_RCC_OscConfig
 .text.HAL_RCC_ClockConfig
                0x08004440      0x1d4 ./Drivers/STM32F1xx_HAL_Driver/Src/stm32f1xx_hal_rcc.o
                0x08004440                HAL_RCC_ClockConfig
 .text.HAL_RCC_GetSysClockFreq
                0x08004614       0xa8 ./Drivers/STM32F1xx_HAL_Driver/Src/stm32f1xx_hal_rcc.o
                0x08004614                HAL_RCC_GetSysClockFreq
 .text.RCC_Delay
                0x080046bc       0x3c ./Drivers/STM32F1xx_HAL_Driver/Src/stm32f1xx_hal_rcc.o
 .text.HAL_SPI_Init
                0x080046f8      0x108 ./Drivers/STM32F1xx_HAL_Driver/Src/stm32f1xx_hal_spi.o
                0x080046f8                HAL_SPI_Init
 .text.HAL_SPI_TransmitReceive
                0x08004800      0x352 ./Drivers/STM32F1xx_HAL_Driver/Src/stm32f1xx_hal_spi.o
                0x08004800                HAL_SPI_TransmitReceive
 *fill*         0x08004b52        0x2 
 .text.HAL_SPI_IRQHandler
                0x08004b54      0x1cc ./Drivers/STM32F1xx_HAL_Driver/Src/stm32f1xx_hal_spi.o
                0x08004b54                HAL_SPI_IRQHandler
 .text.SPI_DMAAbortOnError
                0x08004d20       0x28 ./Drivers/STM32F1xx_HAL_Driver/Src/stm32f1xx_hal_spi.o
 .text.SPI_WaitFlagStateUntilTimeout
                0x08004d48      0x110 ./Drivers/STM32F1xx_HAL_Driver/Src/stm32f1xx_hal_spi.o
 .text.SPI_EndRxTxTransaction
                0x08004e58       0x62 ./Drivers/STM32F1xx_HAL_Driver/Src/stm32f1xx_hal_spi.o
 *fill*         0x08004eba        0x2 
 .text.HAL_TIM_Base_Start_IT
                0x08004ebc       0xa4 ./Drivers/STM32F1xx_HAL_Driver/Src/stm32f1xx_hal_tim.o
                0x08004ebc                HAL_TIM_Base_Start_IT
 .text.HAL_TIM_PWM_Init
                0x08004f60       0x9e ./Drivers/STM32F1xx_HAL_Driver/Src/stm32f1xx_hal_tim.o
                0x08004f60                HAL_TIM_PWM_Init
 *fill*         0x08004ffe        0x2 
 .text.HAL_TIM_PWM_Start
                0x08005000      0x144 ./Drivers/STM32F1xx_HAL_Driver/Src/stm32f1xx_hal_tim.o
                0x08005000                HAL_TIM_PWM_Start
 .text.HAL_TIM_IRQHandler
                0x08005144      0x1e0 ./Drivers/STM32F1xx_HAL_Driver/Src/stm32f1xx_hal_tim.o
                0x08005144                HAL_TIM_IRQHandler
 .text.HAL_TIM_PWM_ConfigChannel
                0x08005324      0x184 ./Drivers/STM32F1xx_HAL_Driver/Src/stm32f1xx_hal_tim.o
                0x08005324                HAL_TIM_PWM_ConfigChannel
 .text.HAL_TIM_PeriodElapsedCallback
                0x080054a8       0x12 ./Drivers/STM32F1xx_HAL_Driver/Src/stm32f1xx_hal_tim.o
                0x080054a8                HAL_TIM_PeriodElapsedCallback
 .text.HAL_TIM_OC_DelayElapsedCallback
                0x080054ba       0x12 ./Drivers/STM32F1xx_HAL_Driver/Src/stm32f1xx_hal_tim.o
                0x080054ba                HAL_TIM_OC_DelayElapsedCallback
 .text.HAL_TIM_IC_CaptureCallback
                0x080054cc       0x12 ./Drivers/STM32F1xx_HAL_Driver/Src/stm32f1xx_hal_tim.o
                0x080054cc                HAL_TIM_IC_CaptureCallback
 .text.HAL_TIM_PWM_PulseFinishedCallback
                0x080054de       0x12 ./Drivers/STM32F1xx_HAL_Driver/Src/stm32f1xx_hal_tim.o
                0x080054de                HAL_TIM_PWM_PulseFinishedCallback
 .text.HAL_TIM_TriggerCallback
                0x080054f0       0x12 ./Drivers/STM32F1xx_HAL_Driver/Src/stm32f1xx_hal_tim.o
                0x080054f0                HAL_TIM_TriggerCallback
 *fill*         0x08005502        0x2 
 .text.TIM_Base_SetConfig
                0x08005504       0xdc ./Drivers/STM32F1xx_HAL_Driver/Src/stm32f1xx_hal_tim.o
                0x08005504                TIM_Base_SetConfig
 .text.TIM_OC1_SetConfig
                0x080055e0       0xcc ./Drivers/STM32F1xx_HAL_Driver/Src/stm32f1xx_hal_tim.o
 .text.TIM_OC2_SetConfig
                0x080056ac       0xd4 ./Drivers/STM32F1xx_HAL_Driver/Src/stm32f1xx_hal_tim.o
                0x080056ac                TIM_OC2_SetConfig
 .text.TIM_OC3_SetConfig
                0x08005780       0xd4 ./Drivers/STM32F1xx_HAL_Driver/Src/stm32f1xx_hal_tim.o
 .text.TIM_OC4_SetConfig
                0x08005854       0x9c ./Drivers/STM32F1xx_HAL_Driver/Src/stm32f1xx_hal_tim.o
 .text.TIM_CCxChannelCmd
                0x080058f0       0x48 ./Drivers/STM32F1xx_HAL_Driver/Src/stm32f1xx_hal_tim.o
                0x080058f0                TIM_CCxChannelCmd
 .text.HAL_TIMEx_MasterConfigSynchronization
                0x08005938       0xbc ./Drivers/STM32F1xx_HAL_Driver/Src/stm32f1xx_hal_tim_ex.o
                0x08005938                HAL_TIMEx_MasterConfigSynchronization
 .text.HAL_TIMEx_CommutCallback
                0x080059f4       0x12 ./Drivers/STM32F1xx_HAL_Driver/Src/stm32f1xx_hal_tim_ex.o
                0x080059f4                HAL_TIMEx_CommutCallback
 .text.HAL_TIMEx_BreakCallback
                0x08005a06       0x12 ./Drivers/STM32F1xx_HAL_Driver/Src/stm32f1xx_hal_tim_ex.o
                0x08005a06                HAL_TIMEx_BreakCallback
 .text._ZdlPvj  0x08005a18        0x4 /Applications/STM32CubeIDE.app/Contents/Eclipse/plugins/com.st.stm32cube.ide.mcu.externaltools.gnu-tools-for-stm32.13.3.rel1.macos64_1.0.0.202411102158/tools/bin/../lib/gcc/arm-none-eabi/13.3.1/../../../../arm-none-eabi/lib/thumb/v7-m/nofp/libstdc++_nano.a(del_ops.o)
                0x08005a18                operator delete(void*, unsigned int)
 .text._Znwj    0x08005a1c       0x22 /Applications/STM32CubeIDE.app/Contents/Eclipse/plugins/com.st.stm32cube.ide.mcu.externaltools.gnu-tools-for-stm32.13.3.rel1.macos64_1.0.0.202411102158/tools/bin/../lib/gcc/arm-none-eabi/13.3.1/../../../../arm-none-eabi/lib/thumb/v7-m/nofp/libstdc++_nano.a(new_op.o)
                0x08005a1c                operator new(unsigned int)
 .text._ZdlPv   0x08005a3e        0x4 /Applications/STM32CubeIDE.app/Contents/Eclipse/plugins/com.st.stm32cube.ide.mcu.externaltools.gnu-tools-for-stm32.13.3.rel1.macos64_1.0.0.202411102158/tools/bin/../lib/gcc/arm-none-eabi/13.3.1/../../../../arm-none-eabi/lib/thumb/v7-m/nofp/libstdc++_nano.a(del_op.o)
                0x08005a3e                operator delete(void*)
 *fill*         0x08005a42        0x2 
 .text._ZSt15get_new_handlerv
                0x08005a44       0x10 /Applications/STM32CubeIDE.app/Contents/Eclipse/plugins/com.st.stm32cube.ide.mcu.externaltools.gnu-tools-for-stm32.13.3.rel1.macos64_1.0.0.202411102158/tools/bin/../lib/gcc/arm-none-eabi/13.3.1/../../../../arm-none-eabi/lib/thumb/v7-m/nofp/libstdc++_nano.a(new_handler.o)
                0x08005a44                std::get_new_handler()
 .text.abort    0x08005a54        0xe /Applications/STM32CubeIDE.app/Contents/Eclipse/plugins/com.st.stm32cube.ide.mcu.externaltools.gnu-tools-for-stm32.13.3.rel1.macos64_1.0.0.202411102158/tools/bin/../lib/gcc/arm-none-eabi/13.3.1/../../../../arm-none-eabi/lib/thumb/v7-m/nofp/libc_nano.a(libc_a-abort.o)
                0x08005a54                abort
 *fill*         0x08005a62        0x2 
 .text.exit     0x08005a64       0x24 /Applications/STM32CubeIDE.app/Contents/Eclipse/plugins/com.st.stm32cube.ide.mcu.externaltools.gnu-tools-for-stm32.13.3.rel1.macos64_1.0.0.202411102158/tools/bin/../lib/gcc/arm-none-eabi/13.3.1/../../../../arm-none-eabi/lib/thumb/v7-m/nofp/libc_nano.a(libc_a-exit.o)
                0x08005a64                exit
 .text.malloc   0x08005a88       0x10 /Applications/STM32CubeIDE.app/Contents/Eclipse/plugins/com.st.stm32cube.ide.mcu.externaltools.gnu-tools-for-stm32.13.3.rel1.macos64_1.0.0.202411102158/tools/bin/../lib/gcc/arm-none-eabi/13.3.1/../../../../arm-none-eabi/lib/thumb/v7-m/nofp/libc_nano.a(libc_a-malloc.o)
                0x08005a88                malloc
 .text.free     0x08005a98       0x10 /Applications/STM32CubeIDE.app/Contents/Eclipse/plugins/com.st.stm32cube.ide.mcu.externaltools.gnu-tools-for-stm32.13.3.rel1.macos64_1.0.0.202411102158/tools/bin/../lib/gcc/arm-none-eabi/13.3.1/../../../../arm-none-eabi/lib/thumb/v7-m/nofp/libc_nano.a(libc_a-malloc.o)
                0x08005a98                free
 .text.sbrk_aligned
                0x08005aa8       0x44 /Applications/STM32CubeIDE.app/Contents/Eclipse/plugins/com.st.stm32cube.ide.mcu.externaltools.gnu-tools-for-stm32.13.3.rel1.macos64_1.0.0.202411102158/tools/bin/../lib/gcc/arm-none-eabi/13.3.1/../../../../arm-none-eabi/lib/thumb/v7-m/nofp/libc_nano.a(libc_a-mallocr.o)
 .text._malloc_r
                0x08005aec      0x100 /Applications/STM32CubeIDE.app/Contents/Eclipse/plugins/com.st.stm32cube.ide.mcu.externaltools.gnu-tools-for-stm32.13.3.rel1.macos64_1.0.0.202411102158/tools/bin/../lib/gcc/arm-none-eabi/13.3.1/../../../../arm-none-eabi/lib/thumb/v7-m/nofp/libc_nano.a(libc_a-mallocr.o)
                0x08005aec                _malloc_r
 .text.__malloc_lock
                0x08005bec        0xc /Applications/STM32CubeIDE.app/Contents/Eclipse/plugins/com.st.stm32cube.ide.mcu.externaltools.gnu-tools-for-stm32.13.3.rel1.macos64_1.0.0.202411102158/tools/bin/../lib/gcc/arm-none-eabi/13.3.1/../../../../arm-none-eabi/lib/thumb/v7-m/nofp/libc_nano.a(libc_a-mlock.o)
                0x08005bec                __malloc_lock
 .text.__malloc_unlock
                0x08005bf8        0xc /Applications/STM32CubeIDE.app/Contents/Eclipse/plugins/com.st.stm32cube.ide.mcu.externaltools.gnu-tools-for-stm32.13.3.rel1.macos64_1.0.0.202411102158/tools/bin/../lib/gcc/arm-none-eabi/13.3.1/../../../../arm-none-eabi/lib/thumb/v7-m/nofp/libc_nano.a(libc_a-mlock.o)
                0x08005bf8                __malloc_unlock
 .text.std      0x08005c04       0x6c /Applications/STM32CubeIDE.app/Contents/Eclipse/plugins/com.st.stm32cube.ide.mcu.externaltools.gnu-tools-for-stm32.13.3.rel1.macos64_1.0.0.202411102158/tools/bin/../lib/gcc/arm-none-eabi/13.3.1/../../../../arm-none-eabi/lib/thumb/v7-m/nofp/libc_nano.a(libc_a-findfp.o)
 .text.stdio_exit_handler
                0x08005c70       0x18 /Applications/STM32CubeIDE.app/Contents/Eclipse/plugins/com.st.stm32cube.ide.mcu.externaltools.gnu-tools-for-stm32.13.3.rel1.macos64_1.0.0.202411102158/tools/bin/../lib/gcc/arm-none-eabi/13.3.1/../../../../arm-none-eabi/lib/thumb/v7-m/nofp/libc_nano.a(libc_a-findfp.o)
 .text.cleanup_stdio
                0x08005c88       0x40 /Applications/STM32CubeIDE.app/Contents/Eclipse/plugins/com.st.stm32cube.ide.mcu.externaltools.gnu-tools-for-stm32.13.3.rel1.macos64_1.0.0.202411102158/tools/bin/../lib/gcc/arm-none-eabi/13.3.1/../../../../arm-none-eabi/lib/thumb/v7-m/nofp/libc_nano.a(libc_a-findfp.o)
 .text.global_stdio_init.part.0
                0x08005cc8       0x3c /Applications/STM32CubeIDE.app/Contents/Eclipse/plugins/com.st.stm32cube.ide.mcu.externaltools.gnu-tools-for-stm32.13.3.rel1.macos64_1.0.0.202411102158/tools/bin/../lib/gcc/arm-none-eabi/13.3.1/../../../../arm-none-eabi/lib/thumb/v7-m/nofp/libc_nano.a(libc_a-findfp.o)
 .text.__sfp_lock_acquire
                0x08005d04        0xc /Applications/STM32CubeIDE.app/Contents/Eclipse/plugins/com.st.stm32cube.ide.mcu.externaltools.gnu-tools-for-stm32.13.3.rel1.macos64_1.0.0.202411102158/tools/bin/../lib/gcc/arm-none-eabi/13.3.1/../../../../arm-none-eabi/lib/thumb/v7-m/nofp/libc_nano.a(libc_a-findfp.o)
                0x08005d04                __sfp_lock_acquire
 .text.__sfp_lock_release
                0x08005d10        0xc /Applications/STM32CubeIDE.app/Contents/Eclipse/plugins/com.st.stm32cube.ide.mcu.externaltools.gnu-tools-for-stm32.13.3.rel1.macos64_1.0.0.202411102158/tools/bin/../lib/gcc/arm-none-eabi/13.3.1/../../../../arm-none-eabi/lib/thumb/v7-m/nofp/libc_nano.a(libc_a-findfp.o)
                0x08005d10                __sfp_lock_release
 .text.__sinit  0x08005d1c       0x30 /Applications/STM32CubeIDE.app/Contents/Eclipse/plugins/com.st.stm32cube.ide.mcu.externaltools.gnu-tools-for-stm32.13.3.rel1.macos64_1.0.0.202411102158/tools/bin/../lib/gcc/arm-none-eabi/13.3.1/../../../../arm-none-eabi/lib/thumb/v7-m/nofp/libc_nano.a(libc_a-findfp.o)
                0x08005d1c                __sinit
 .text._fwalk_sglue
                0x08005d4c       0x3c /Applications/STM32CubeIDE.app/Contents/Eclipse/plugins/com.st.stm32cube.ide.mcu.externaltools.gnu-tools-for-stm32.13.3.rel1.macos64_1.0.0.202411102158/tools/bin/../lib/gcc/arm-none-eabi/13.3.1/../../../../arm-none-eabi/lib/thumb/v7-m/nofp/libc_nano.a(libc_a-fwalk.o)
                0x08005d4c                _fwalk_sglue
 .text.printf   0x08005d88       0x24 /Applications/STM32CubeIDE.app/Contents/Eclipse/plugins/com.st.stm32cube.ide.mcu.externaltools.gnu-tools-for-stm32.13.3.rel1.macos64_1.0.0.202411102158/tools/bin/../lib/gcc/arm-none-eabi/13.3.1/../../../../arm-none-eabi/lib/thumb/v7-m/nofp/libc_nano.a(libc_a-printf.o)
                0x08005d88                printf
                0x08005d88                iprintf
 .text._puts_r  0x08005dac       0xaa /Applications/STM32CubeIDE.app/Contents/Eclipse/plugins/com.st.stm32cube.ide.mcu.externaltools.gnu-tools-for-stm32.13.3.rel1.macos64_1.0.0.202411102158/tools/bin/../lib/gcc/arm-none-eabi/13.3.1/../../../../arm-none-eabi/lib/thumb/v7-m/nofp/libc_nano.a(libc_a-puts.o)
                0x08005dac                _puts_r
 *fill*         0x08005e56        0x2 
 .text.puts     0x08005e58       0x10 /Applications/STM32CubeIDE.app/Contents/Eclipse/plugins/com.st.stm32cube.ide.mcu.externaltools.gnu-tools-for-stm32.13.3.rel1.macos64_1.0.0.202411102158/tools/bin/../lib/gcc/arm-none-eabi/13.3.1/../../../../arm-none-eabi/lib/thumb/v7-m/nofp/libc_nano.a(libc_a-puts.o)
                0x08005e58                puts
 .text.memset   0x08005e68       0x10 /Applications/STM32CubeIDE.app/Contents/Eclipse/plugins/com.st.stm32cube.ide.mcu.externaltools.gnu-tools-for-stm32.13.3.rel1.macos64_1.0.0.202411102158/tools/bin/../lib/gcc/arm-none-eabi/13.3.1/../../../../arm-none-eabi/lib/thumb/v7-m/nofp/libc_nano.a(libc_a-memset.o)
                0x08005e68                memset
 .text._raise_r
                0x08005e78       0x50 /Applications/STM32CubeIDE.app/Contents/Eclipse/plugins/com.st.stm32cube.ide.mcu.externaltools.gnu-tools-for-stm32.13.3.rel1.macos64_1.0.0.202411102158/tools/bin/../lib/gcc/arm-none-eabi/13.3.1/../../../../arm-none-eabi/lib/thumb/v7-m/nofp/libc_nano.a(libc_a-signal.o)
                0x08005e78                _raise_r
 .text.raise    0x08005ec8       0x10 /Applications/STM32CubeIDE.app/Contents/Eclipse/plugins/com.st.stm32cube.ide.mcu.externaltools.gnu-tools-for-stm32.13.3.rel1.macos64_1.0.0.202411102158/tools/bin/../lib/gcc/arm-none-eabi/13.3.1/../../../../arm-none-eabi/lib/thumb/v7-m/nofp/libc_nano.a(libc_a-signal.o)
                0x08005ec8                raise
 .text._kill_r  0x08005ed8       0x24 /Applications/STM32CubeIDE.app/Contents/Eclipse/plugins/com.st.stm32cube.ide.mcu.externaltools.gnu-tools-for-stm32.13.3.rel1.macos64_1.0.0.202411102158/tools/bin/../lib/gcc/arm-none-eabi/13.3.1/../../../../arm-none-eabi/lib/thumb/v7-m/nofp/libc_nano.a(libc_a-signalr.o)
                0x08005ed8                _kill_r
 .text._getpid_r
                0x08005efc        0x4 /Applications/STM32CubeIDE.app/Contents/Eclipse/plugins/com.st.stm32cube.ide.mcu.externaltools.gnu-tools-for-stm32.13.3.rel1.macos64_1.0.0.202411102158/tools/bin/../lib/gcc/arm-none-eabi/13.3.1/../../../../arm-none-eabi/lib/thumb/v7-m/nofp/libc_nano.a(libc_a-signalr.o)
                0x08005efc                _getpid_r
 .text._sbrk_r  0x08005f00       0x20 /Applications/STM32CubeIDE.app/Contents/Eclipse/plugins/com.st.stm32cube.ide.mcu.externaltools.gnu-tools-for-stm32.13.3.rel1.macos64_1.0.0.202411102158/tools/bin/../lib/gcc/arm-none-eabi/13.3.1/../../../../arm-none-eabi/lib/thumb/v7-m/nofp/libc_nano.a(libc_a-sbrkr.o)
                0x08005f00                _sbrk_r
 .text.__errno  0x08005f20        0xc /Applications/STM32CubeIDE.app/Contents/Eclipse/plugins/com.st.stm32cube.ide.mcu.externaltools.gnu-tools-for-stm32.13.3.rel1.macos64_1.0.0.202411102158/tools/bin/../lib/gcc/arm-none-eabi/13.3.1/../../../../arm-none-eabi/lib/thumb/v7-m/nofp/libc_nano.a(libc_a-errno.o)
                0x08005f20                __errno
 .text.__libc_init_array
                0x08005f2c       0x48 /Applications/STM32CubeIDE.app/Contents/Eclipse/plugins/com.st.stm32cube.ide.mcu.externaltools.gnu-tools-for-stm32.13.3.rel1.macos64_1.0.0.202411102158/tools/bin/../lib/gcc/arm-none-eabi/13.3.1/../../../../arm-none-eabi/lib/thumb/v7-m/nofp/libc_nano.a(libc_a-init.o)
                0x08005f2c                __libc_init_array
 .text.__retarget_lock_init_recursive
                0x08005f74        0x2 /Applications/STM32CubeIDE.app/Contents/Eclipse/plugins/com.st.stm32cube.ide.mcu.externaltools.gnu-tools-for-stm32.13.3.rel1.macos64_1.0.0.202411102158/tools/bin/../lib/gcc/arm-none-eabi/13.3.1/../../../../arm-none-eabi/lib/thumb/v7-m/nofp/libc_nano.a(libc_a-lock.o)
                0x08005f74                __retarget_lock_init_recursive
 .text.__retarget_lock_acquire_recursive
                0x08005f76        0x2 /Applications/STM32CubeIDE.app/Contents/Eclipse/plugins/com.st.stm32cube.ide.mcu.externaltools.gnu-tools-for-stm32.13.3.rel1.macos64_1.0.0.202411102158/tools/bin/../lib/gcc/arm-none-eabi/13.3.1/../../../../arm-none-eabi/lib/thumb/v7-m/nofp/libc_nano.a(libc_a-lock.o)
                0x08005f76                __retarget_lock_acquire_recursive
 .text.__retarget_lock_release_recursive
                0x08005f78        0x2 /Applications/STM32CubeIDE.app/Contents/Eclipse/plugins/com.st.stm32cube.ide.mcu.externaltools.gnu-tools-for-stm32.13.3.rel1.macos64_1.0.0.202411102158/tools/bin/../lib/gcc/arm-none-eabi/13.3.1/../../../../arm-none-eabi/lib/thumb/v7-m/nofp/libc_nano.a(libc_a-lock.o)
                0x08005f78                __retarget_lock_release_recursive
 *fill*         0x08005f7a        0x2 
 .text._free_r  0x08005f7c       0x90 /Applications/STM32CubeIDE.app/Contents/Eclipse/plugins/com.st.stm32cube.ide.mcu.externaltools.gnu-tools-for-stm32.13.3.rel1.macos64_1.0.0.202411102158/tools/bin/../lib/gcc/arm-none-eabi/13.3.1/../../../../arm-none-eabi/lib/thumb/v7-m/nofp/libc_nano.a(libc_a-freer.o)
                0x08005f7c                _free_r
 .text.__sfputc_r
                0x0800600c       0x2a /Applications/STM32CubeIDE.app/Contents/Eclipse/plugins/com.st.stm32cube.ide.mcu.externaltools.gnu-tools-for-stm32.13.3.rel1.macos64_1.0.0.202411102158/tools/bin/../lib/gcc/arm-none-eabi/13.3.1/../../../../arm-none-eabi/lib/thumb/v7-m/nofp/libc_nano.a(libc_a-nano-vfprintf.o)
 .text.__sfputs_r
                0x08006036       0x24 /Applications/STM32CubeIDE.app/Contents/Eclipse/plugins/com.st.stm32cube.ide.mcu.externaltools.gnu-tools-for-stm32.13.3.rel1.macos64_1.0.0.202411102158/tools/bin/../lib/gcc/arm-none-eabi/13.3.1/../../../../arm-none-eabi/lib/thumb/v7-m/nofp/libc_nano.a(libc_a-nano-vfprintf.o)
                0x08006036                __sfputs_r
 *fill*         0x0800605a        0x2 
 .text._vfprintf_r
                0x0800605c      0x230 /Applications/STM32CubeIDE.app/Contents/Eclipse/plugins/com.st.stm32cube.ide.mcu.externaltools.gnu-tools-for-stm32.13.3.rel1.macos64_1.0.0.202411102158/tools/bin/../lib/gcc/arm-none-eabi/13.3.1/../../../../arm-none-eabi/lib/thumb/v7-m/nofp/libc_nano.a(libc_a-nano-vfprintf.o)
                0x0800605c                _vfiprintf_r
                0x0800605c                _vfprintf_r
 .text._printf_common
                0x0800628c       0xe4 /Applications/STM32CubeIDE.app/Contents/Eclipse/plugins/com.st.stm32cube.ide.mcu.externaltools.gnu-tools-for-stm32.13.3.rel1.macos64_1.0.0.202411102158/tools/bin/../lib/gcc/arm-none-eabi/13.3.1/../../../../arm-none-eabi/lib/thumb/v7-m/nofp/libc_nano.a(libc_a-nano-vfprintf_i.o)
                0x0800628c                _printf_common
 .text._printf_i
                0x08006370      0x23c /Applications/STM32CubeIDE.app/Contents/Eclipse/plugins/com.st.stm32cube.ide.mcu.externaltools.gnu-tools-for-stm32.13.3.rel1.macos64_1.0.0.202411102158/tools/bin/../lib/gcc/arm-none-eabi/13.3.1/../../../../arm-none-eabi/lib/thumb/v7-m/nofp/libc_nano.a(libc_a-nano-vfprintf_i.o)
                0x08006370                _printf_i
 .text.__sflush_r
                0x080065ac      0x100 /Applications/STM32CubeIDE.app/Contents/Eclipse/plugins/com.st.stm32cube.ide.mcu.externaltools.gnu-tools-for-stm32.13.3.rel1.macos64_1.0.0.202411102158/tools/bin/../lib/gcc/arm-none-eabi/13.3.1/../../../../arm-none-eabi/lib/thumb/v7-m/nofp/libc_nano.a(libc_a-fflush.o)
                0x080065ac                __sflush_r
 .text._fflush_r
                0x080066ac       0x50 /Applications/STM32CubeIDE.app/Contents/Eclipse/plugins/com.st.stm32cube.ide.mcu.externaltools.gnu-tools-for-stm32.13.3.rel1.macos64_1.0.0.202411102158/tools/bin/../lib/gcc/arm-none-eabi/13.3.1/../../../../arm-none-eabi/lib/thumb/v7-m/nofp/libc_nano.a(libc_a-fflush.o)
                0x080066ac                _fflush_r
 .text.__sread  0x080066fc       0x22 /Applications/STM32CubeIDE.app/Contents/Eclipse/plugins/com.st.stm32cube.ide.mcu.externaltools.gnu-tools-for-stm32.13.3.rel1.macos64_1.0.0.202411102158/tools/bin/../lib/gcc/arm-none-eabi/13.3.1/../../../../arm-none-eabi/lib/thumb/v7-m/nofp/libc_nano.a(libc_a-stdio.o)
                0x080066fc                __sread
 .text.__swrite
                0x0800671e       0x38 /Applications/STM32CubeIDE.app/Contents/Eclipse/plugins/com.st.stm32cube.ide.mcu.externaltools.gnu-tools-for-stm32.13.3.rel1.macos64_1.0.0.202411102158/tools/bin/../lib/gcc/arm-none-eabi/13.3.1/../../../../arm-none-eabi/lib/thumb/v7-m/nofp/libc_nano.a(libc_a-stdio.o)
                0x0800671e                __swrite
 .text.__sseek  0x08006756       0x24 /Applications/STM32CubeIDE.app/Contents/Eclipse/plugins/com.st.stm32cube.ide.mcu.externaltools.gnu-tools-for-stm32.13.3.rel1.macos64_1.0.0.202411102158/tools/bin/../lib/gcc/arm-none-eabi/13.3.1/../../../../arm-none-eabi/lib/thumb/v7-m/nofp/libc_nano.a(libc_a-stdio.o)
                0x08006756                __sseek
 .text.__sclose
                0x0800677a        0x8 /Applications/STM32CubeIDE.app/Contents/Eclipse/plugins/com.st.stm32cube.ide.mcu.externaltools.gnu-tools-for-stm32.13.3.rel1.macos64_1.0.0.202411102158/tools/bin/../lib/gcc/arm-none-eabi/13.3.1/../../../../arm-none-eabi/lib/thumb/v7-m/nofp/libc_nano.a(libc_a-stdio.o)
                0x0800677a                __sclose
 .text.__swbuf_r
                0x08006782       0x7c /Applications/STM32CubeIDE.app/Contents/Eclipse/plugins/com.st.stm32cube.ide.mcu.externaltools.gnu-tools-for-stm32.13.3.rel1.macos64_1.0.0.202411102158/tools/bin/../lib/gcc/arm-none-eabi/13.3.1/../../../../arm-none-eabi/lib/thumb/v7-m/nofp/libc_nano.a(libc_a-wbuf.o)
                0x08006782                __swbuf_r
 *fill*         0x080067fe        0x2 
 .text.__swsetup_r
                0x08006800       0xac /Applications/STM32CubeIDE.app/Contents/Eclipse/plugins/com.st.stm32cube.ide.mcu.externaltools.gnu-tools-for-stm32.13.3.rel1.macos64_1.0.0.202411102158/tools/bin/../lib/gcc/arm-none-eabi/13.3.1/../../../../arm-none-eabi/lib/thumb/v7-m/nofp/libc_nano.a(libc_a-wsetup.o)
                0x08006800                __swsetup_r
 .text.__swhatbuf_r
                0x080068ac       0x4a /Applications/STM32CubeIDE.app/Contents/Eclipse/plugins/com.st.stm32cube.ide.mcu.externaltools.gnu-tools-for-stm32.13.3.rel1.macos64_1.0.0.202411102158/tools/bin/../lib/gcc/arm-none-eabi/13.3.1/../../../../arm-none-eabi/lib/thumb/v7-m/nofp/libc_nano.a(libc_a-makebuf.o)
                0x080068ac                __swhatbuf_r
 .text.__smakebuf_r
                0x080068f6       0x78 /Applications/STM32CubeIDE.app/Contents/Eclipse/plugins/com.st.stm32cube.ide.mcu.externaltools.gnu-tools-for-stm32.13.3.rel1.macos64_1.0.0.202411102158/tools/bin/../lib/gcc/arm-none-eabi/13.3.1/../../../../arm-none-eabi/lib/thumb/v7-m/nofp/libc_nano.a(libc_a-makebuf.o)
                0x080068f6                __smakebuf_r
 *fill*         0x0800696e        0x2 
 .text._isatty_r
                0x08006970       0x20 /Applications/STM32CubeIDE.app/Contents/Eclipse/plugins/com.st.stm32cube.ide.mcu.externaltools.gnu-tools-for-stm32.13.3.rel1.macos64_1.0.0.202411102158/tools/bin/../lib/gcc/arm-none-eabi/13.3.1/../../../../arm-none-eabi/lib/thumb/v7-m/nofp/libc_nano.a(libc_a-isattyr.o)
                0x08006970                _isatty_r
 .text._lseek_r
                0x08006990       0x24 /Applications/STM32CubeIDE.app/Contents/Eclipse/plugins/com.st.stm32cube.ide.mcu.externaltools.gnu-tools-for-stm32.13.3.rel1.macos64_1.0.0.202411102158/tools/bin/../lib/gcc/arm-none-eabi/13.3.1/../../../../arm-none-eabi/lib/thumb/v7-m/nofp/libc_nano.a(libc_a-lseekr.o)
                0x08006990                _lseek_r
 .text._read_r  0x080069b4       0x24 /Applications/STM32CubeIDE.app/Contents/Eclipse/plugins/com.st.stm32cube.ide.mcu.externaltools.gnu-tools-for-stm32.13.3.rel1.macos64_1.0.0.202411102158/tools/bin/../lib/gcc/arm-none-eabi/13.3.1/../../../../arm-none-eabi/lib/thumb/v7-m/nofp/libc_nano.a(libc_a-readr.o)
                0x080069b4                _read_r
 .text._write_r
                0x080069d8       0x24 /Applications/STM32CubeIDE.app/Contents/Eclipse/plugins/com.st.stm32cube.ide.mcu.externaltools.gnu-tools-for-stm32.13.3.rel1.macos64_1.0.0.202411102158/tools/bin/../lib/gcc/arm-none-eabi/13.3.1/../../../../arm-none-eabi/lib/thumb/v7-m/nofp/libc_nano.a(libc_a-writer.o)
                0x080069d8                _write_r
 .text._close_r
                0x080069fc       0x20 /Applications/STM32CubeIDE.app/Contents/Eclipse/plugins/com.st.stm32cube.ide.mcu.externaltools.gnu-tools-for-stm32.13.3.rel1.macos64_1.0.0.202411102158/tools/bin/../lib/gcc/arm-none-eabi/13.3.1/../../../../arm-none-eabi/lib/thumb/v7-m/nofp/libc_nano.a(libc_a-closer.o)
                0x080069fc                _close_r
 .text._fstat_r
                0x08006a1c       0x24 /Applications/STM32CubeIDE.app/Contents/Eclipse/plugins/com.st.stm32cube.ide.mcu.externaltools.gnu-tools-for-stm32.13.3.rel1.macos64_1.0.0.202411102158/tools/bin/../lib/gcc/arm-none-eabi/13.3.1/../../../../arm-none-eabi/lib/thumb/v7-m/nofp/libc_nano.a(libc_a-fstatr.o)
                0x08006a1c                _fstat_r
 .text.memchr   0x08006a40       0x1c /Applications/STM32CubeIDE.app/Contents/Eclipse/plugins/com.st.stm32cube.ide.mcu.externaltools.gnu-tools-for-stm32.13.3.rel1.macos64_1.0.0.202411102158/tools/bin/../lib/gcc/arm-none-eabi/13.3.1/../../../../arm-none-eabi/lib/thumb/v7-m/nofp/libc_nano.a(libc_a-memchr-stub.o)
                0x08006a40                memchr
 *(.glue_7)
 .glue_7        0x08006a5c        0x0 linker stubs
 *(.glue_7t)
 .glue_7t       0x08006a5c        0x0 linker stubs
 *(.eh_frame)
 .eh_frame      0x08006a5c        0x0 /Applications/STM32CubeIDE.app/Contents/Eclipse/plugins/com.st.stm32cube.ide.mcu.externaltools.gnu-tools-for-stm32.13.3.rel1.macos64_1.0.0.202411102158/tools/bin/../lib/gcc/arm-none-eabi/13.3.1/thumb/v7-m/nofp/crtbegin.o
 *(.init)
 .init          0x08006a5c        0x4 /Applications/STM32CubeIDE.app/Contents/Eclipse/plugins/com.st.stm32cube.ide.mcu.externaltools.gnu-tools-for-stm32.13.3.rel1.macos64_1.0.0.202411102158/tools/bin/../lib/gcc/arm-none-eabi/13.3.1/thumb/v7-m/nofp/crti.o
                0x08006a5c                _init
 .init          0x08006a60        0x8 /Applications/STM32CubeIDE.app/Contents/Eclipse/plugins/com.st.stm32cube.ide.mcu.externaltools.gnu-tools-for-stm32.13.3.rel1.macos64_1.0.0.202411102158/tools/bin/../lib/gcc/arm-none-eabi/13.3.1/thumb/v7-m/nofp/crtn.o
 *(.fini)
 .fini          0x08006a68        0x4 /Applications/STM32CubeIDE.app/Contents/Eclipse/plugins/com.st.stm32cube.ide.mcu.externaltools.gnu-tools-for-stm32.13.3.rel1.macos64_1.0.0.202411102158/tools/bin/../lib/gcc/arm-none-eabi/13.3.1/thumb/v7-m/nofp/crti.o
                0x08006a68                _fini
 .fini          0x08006a6c        0x8 /Applications/STM32CubeIDE.app/Contents/Eclipse/plugins/com.st.stm32cube.ide.mcu.externaltools.gnu-tools-for-stm32.13.3.rel1.macos64_1.0.0.202411102158/tools/bin/../lib/gcc/arm-none-eabi/13.3.1/thumb/v7-m/nofp/crtn.o
                0x08006a74                        . = ALIGN (0x4)
                0x08006a74                        _etext = .

.vfp11_veneer   0x08006a74        0x0
 .vfp11_veneer  0x08006a74        0x0 linker stubs

.v4_bx          0x08006a74        0x0
 .v4_bx         0x08006a74        0x0 linker stubs

.iplt           0x08006a74        0x0
 .iplt          0x08006a74        0x0 /Applications/STM32CubeIDE.app/Contents/Eclipse/plugins/com.st.stm32cube.ide.mcu.externaltools.gnu-tools-for-stm32.13.3.rel1.macos64_1.0.0.202411102158/tools/bin/../lib/gcc/arm-none-eabi/13.3.1/thumb/v7-m/nofp/crtbegin.o

.rodata         0x08006a74      0x2a4
                0x08006a74                        . = ALIGN (0x4)
 *(.rodata)
 .rodata        0x08006a74       0x6f ./Core/Src/L6474.o
 *fill*         0x08006ae3        0x1 
 .rodata        0x08006ae4       0x9f ./Core/Src/driver.o
 *fill*         0x08006b83        0x1 
 .rodata        0x08006b84        0x4 ./Core/Src/main.o
 *(.rodata*)
 .rodata._ZTV5L6474
                0x08006b88       0xa0 ./Core/Src/L6474.o
                0x08006b88                vtable for L6474
 .rodata._ZTV12StepperMotor
                0x08006c28       0x80 ./Core/Src/L6474.o
                0x08006c28                vtable for StepperMotor
 .rodata._ZTV9Component
                0x08006ca8       0x18 ./Core/Src/L6474.o
                0x08006ca8                vtable for Component
 .rodata.AHBPrescTable
                0x08006cc0       0x10 ./Core/Src/system_stm32f1xx.o
                0x08006cc0                AHBPrescTable
 .rodata.aPLLMULFactorTable.1
                0x08006cd0       0x10 ./Drivers/STM32F1xx_HAL_Driver/Src/stm32f1xx_hal_rcc.o
 .rodata.aPredivFactorTable.0
                0x08006ce0        0x2 ./Drivers/STM32F1xx_HAL_Driver/Src/stm32f1xx_hal_rcc.o
 .rodata._vfprintf_r.str1.1
                0x08006ce2       0x33 /Applications/STM32CubeIDE.app/Contents/Eclipse/plugins/com.st.stm32cube.ide.mcu.externaltools.gnu-tools-for-stm32.13.3.rel1.macos64_1.0.0.202411102158/tools/bin/../lib/gcc/arm-none-eabi/13.3.1/../../../../arm-none-eabi/lib/thumb/v7-m/nofp/libc_nano.a(libc_a-nano-vfprintf.o)
                                 0x11 (size before relaxing)
 .rodata._printf_i.str1.1
                0x08006d15       0x22 /Applications/STM32CubeIDE.app/Contents/Eclipse/plugins/com.st.stm32cube.ide.mcu.externaltools.gnu-tools-for-stm32.13.3.rel1.macos64_1.0.0.202411102158/tools/bin/../lib/gcc/arm-none-eabi/13.3.1/../../../../arm-none-eabi/lib/thumb/v7-m/nofp/libc_nano.a(libc_a-nano-vfprintf_i.o)
                0x08006d38                        . = ALIGN (0x4)
 *fill*         0x08006d15        0x3 

.ARM.extab      0x08006d18        0x0
                0x08006d18                        . = ALIGN (0x4)
 *(.ARM.extab* .gnu.linkonce.armextab.*)
                0x08006d18                        . = ALIGN (0x4)

.ARM            0x08006d18        0x0
                0x08006d18                        . = ALIGN (0x4)
                0x08006d18                        __exidx_start = .
 *(.ARM.exidx*)
                0x08006d18                        __exidx_end = .
                0x08006d18                        . = ALIGN (0x4)

.preinit_array  0x08006d18        0x0
                0x08006d18                        . = ALIGN (0x4)
                0x08006d18                        PROVIDE (__preinit_array_start = .)
 *(.preinit_array*)
                0x08006d18                        PROVIDE (__preinit_array_end = .)
                0x08006d18                        . = ALIGN (0x4)

.init_array     0x08006d18        0x4
                0x08006d18                        . = ALIGN (0x4)
                0x08006d18                        PROVIDE (__init_array_start = .)
 *(SORT_BY_NAME(.init_array.*))
 *(.init_array*)
 .init_array    0x08006d18        0x4 /Applications/STM32CubeIDE.app/Contents/Eclipse/plugins/com.st.stm32cube.ide.mcu.externaltools.gnu-tools-for-stm32.13.3.rel1.macos64_1.0.0.202411102158/tools/bin/../lib/gcc/arm-none-eabi/13.3.1/thumb/v7-m/nofp/crtbegin.o
                0x08006d1c                        PROVIDE (__init_array_end = .)
                0x08006d1c                        . = ALIGN (0x4)

.fini_array     0x08006d1c        0x4
                0x08006d1c                        . = ALIGN (0x4)
                [!provide]                        PROVIDE (__fini_array_start = .)
 *(SORT_BY_NAME(.fini_array.*))
 *(.fini_array*)
 .fini_array    0x08006d1c        0x4 /Applications/STM32CubeIDE.app/Contents/Eclipse/plugins/com.st.stm32cube.ide.mcu.externaltools.gnu-tools-for-stm32.13.3.rel1.macos64_1.0.0.202411102158/tools/bin/../lib/gcc/arm-none-eabi/13.3.1/thumb/v7-m/nofp/crtbegin.o
                [!provide]                        PROVIDE (__fini_array_end = .)
                0x08006d20                        . = ALIGN (0x4)
                0x08006d20                        _sidata = LOADADDR (.data)

.rel.dyn        0x08006d20        0x0
 .rel.iplt      0x08006d20        0x0 /Applications/STM32CubeIDE.app/Contents/Eclipse/plugins/com.st.stm32cube.ide.mcu.externaltools.gnu-tools-for-stm32.13.3.rel1.macos64_1.0.0.202411102158/tools/bin/../lib/gcc/arm-none-eabi/13.3.1/thumb/v7-m/nofp/crtbegin.o

.data           0x20000000       0x9c load address 0x08006d20
                0x20000000                        . = ALIGN (0x4)
                0x20000000                        _sdata = .
 *(.data)
 *(.data*)
 .data.init     0x20000000       0x30 ./Core/Src/driver.o
                0x20000000                init
 .data.wTransferState
                0x20000030        0x4 ./Core/Src/main.o
                0x20000030                wTransferState
 .data.SystemCoreClock
                0x20000034        0x4 ./Core/Src/system_stm32f1xx.o
                0x20000034                SystemCoreClock
 .data.uwTickPrio
                0x20000038        0x4 ./Drivers/STM32F1xx_HAL_Driver/Src/stm32f1xx_hal.o
                0x20000038                uwTickPrio
 .data.uwTickFreq
                0x2000003c        0x1 ./Drivers/STM32F1xx_HAL_Driver/Src/stm32f1xx_hal.o
                0x2000003c                uwTickFreq
 *fill*         0x2000003d        0x3 
 .data.__sglue  0x20000040        0xc /Applications/STM32CubeIDE.app/Contents/Eclipse/plugins/com.st.stm32cube.ide.mcu.externaltools.gnu-tools-for-stm32.13.3.rel1.macos64_1.0.0.202411102158/tools/bin/../lib/gcc/arm-none-eabi/13.3.1/../../../../arm-none-eabi/lib/thumb/v7-m/nofp/libc_nano.a(libc_a-findfp.o)
                0x20000040                __sglue
 .data._impure_ptr
                0x2000004c        0x4 /Applications/STM32CubeIDE.app/Contents/Eclipse/plugins/com.st.stm32cube.ide.mcu.externaltools.gnu-tools-for-stm32.13.3.rel1.macos64_1.0.0.202411102158/tools/bin/../lib/gcc/arm-none-eabi/13.3.1/../../../../arm-none-eabi/lib/thumb/v7-m/nofp/libc_nano.a(libc_a-impure.o)
                0x2000004c                _impure_ptr
 .data._impure_data
                0x20000050       0x4c /Applications/STM32CubeIDE.app/Contents/Eclipse/plugins/com.st.stm32cube.ide.mcu.externaltools.gnu-tools-for-stm32.13.3.rel1.macos64_1.0.0.202411102158/tools/bin/../lib/gcc/arm-none-eabi/13.3.1/../../../../arm-none-eabi/lib/thumb/v7-m/nofp/libc_nano.a(libc_a-impure.o)
                0x20000050                _impure_data
 *(.RamFunc)
 *(.RamFunc*)
                0x2000009c                        . = ALIGN (0x4)
                0x2000009c                        _edata = .

.igot.plt       0x2000009c        0x0 load address 0x08006dbc
 .igot.plt      0x2000009c        0x0 /Applications/STM32CubeIDE.app/Contents/Eclipse/plugins/com.st.stm32cube.ide.mcu.externaltools.gnu-tools-for-stm32.13.3.rel1.macos64_1.0.0.202411102158/tools/bin/../lib/gcc/arm-none-eabi/13.3.1/thumb/v7-m/nofp/crtbegin.o
                0x2000009c                        . = ALIGN (0x4)

.bss            0x2000009c      0x2d4 load address 0x08006dbc
                0x2000009c                        _sbss = .
                0x2000009c                        __bss_start__ = _sbss
 *(.bss)
 .bss           0x2000009c       0x1c /Applications/STM32CubeIDE.app/Contents/Eclipse/plugins/com.st.stm32cube.ide.mcu.externaltools.gnu-tools-for-stm32.13.3.rel1.macos64_1.0.0.202411102158/tools/bin/../lib/gcc/arm-none-eabi/13.3.1/thumb/v7-m/nofp/crtbegin.o
 *(.bss*)
 .bss._ZN5L647417number_of_devicesE
                0x200000b8        0x1 ./Core/Src/L6474.o
                0x200000b8                L6474::number_of_devices
 .bss._ZN5L647420spi_preemtion_by_isrE
                0x200000b9        0x1 ./Core/Src/L6474.o
                0x200000b9                L6474::spi_preemtion_by_isr
 .bss._ZN5L64748isr_flagE
                0x200000ba        0x1 ./Core/Src/L6474.o
                0x200000ba                L6474::isr_flag
 *fill*         0x200000bb        0x1 
 .bss._ZN5L647413spi_tx_burstsE
                0x200000bc        0xc ./Core/Src/L6474.o
                0x200000bc                L6474::spi_tx_bursts
 .bss._ZN5L647413spi_rx_burstsE
                0x200000c8        0xc ./Core/Src/L6474.o
                0x200000c8                L6474::spi_rx_bursts
 .bss.motor     0x200000d4        0x4 ./Core/Src/driver.o
                0x200000d4                motor
 .bss.position  0x200000d8        0x4 ./Core/Src/driver.o
                0x200000d8                position
 .bss.diff      0x200000dc        0x4 ./Core/Src/driver.o
                0x200000dc                diff
 .bss.hspi1     0x200000e0       0x58 ./Core/Src/main.o
                0x200000e0                hspi1
 .bss.hdma_spi1_rx
                0x20000138       0x44 ./Core/Src/main.o
                0x20000138                hdma_spi1_rx
 .bss.hdma_spi1_tx
                0x2000017c       0x44 ./Core/Src/main.o
                0x2000017c                hdma_spi1_tx
 .bss.htim3     0x200001c0       0x48 ./Core/Src/main.o
                0x200001c0                htim3
 .bss.irqHandlers
                0x20000208       0x10 ./Core/Src/stm32f1xx_it.o
                0x20000208                irqHandlers
 .bss.__sbrk_heap_end
                0x20000218        0x4 ./Core/Src/sysmem.o
 .bss.uwTick    0x2000021c        0x4 ./Drivers/STM32F1xx_HAL_Driver/Src/stm32f1xx_hal.o
                0x2000021c                uwTick
 .bss._ZN12_GLOBAL__N_113__new_handlerE
                0x20000220        0x4 /Applications/STM32CubeIDE.app/Contents/Eclipse/plugins/com.st.stm32cube.ide.mcu.externaltools.gnu-tools-for-stm32.13.3.rel1.macos64_1.0.0.202411102158/tools/bin/../lib/gcc/arm-none-eabi/13.3.1/../../../../arm-none-eabi/lib/thumb/v7-m/nofp/libstdc++_nano.a(new_handler.o)
 .bss.__malloc_sbrk_start
                0x20000224        0x4 /Applications/STM32CubeIDE.app/Contents/Eclipse/plugins/com.st.stm32cube.ide.mcu.externaltools.gnu-tools-for-stm32.13.3.rel1.macos64_1.0.0.202411102158/tools/bin/../lib/gcc/arm-none-eabi/13.3.1/../../../../arm-none-eabi/lib/thumb/v7-m/nofp/libc_nano.a(libc_a-mallocr.o)
                0x20000224                __malloc_sbrk_start
 .bss.__malloc_free_list
                0x20000228        0x4 /Applications/STM32CubeIDE.app/Contents/Eclipse/plugins/com.st.stm32cube.ide.mcu.externaltools.gnu-tools-for-stm32.13.3.rel1.macos64_1.0.0.202411102158/tools/bin/../lib/gcc/arm-none-eabi/13.3.1/../../../../arm-none-eabi/lib/thumb/v7-m/nofp/libc_nano.a(libc_a-mallocr.o)
                0x20000228                __malloc_free_list
 .bss.__sf      0x2000022c      0x138 /Applications/STM32CubeIDE.app/Contents/Eclipse/plugins/com.st.stm32cube.ide.mcu.externaltools.gnu-tools-for-stm32.13.3.rel1.macos64_1.0.0.202411102158/tools/bin/../lib/gcc/arm-none-eabi/13.3.1/../../../../arm-none-eabi/lib/thumb/v7-m/nofp/libc_nano.a(libc_a-findfp.o)
                0x2000022c                __sf
 .bss.__stdio_exit_handler
                0x20000364        0x4 /Applications/STM32CubeIDE.app/Contents/Eclipse/plugins/com.st.stm32cube.ide.mcu.externaltools.gnu-tools-for-stm32.13.3.rel1.macos64_1.0.0.202411102158/tools/bin/../lib/gcc/arm-none-eabi/13.3.1/../../../../arm-none-eabi/lib/thumb/v7-m/nofp/libc_nano.a(libc_a-findfp.o)
                0x20000364                __stdio_exit_handler
 .bss.__lock___malloc_recursive_mutex
                0x20000368        0x1 /Applications/STM32CubeIDE.app/Contents/Eclipse/plugins/com.st.stm32cube.ide.mcu.externaltools.gnu-tools-for-stm32.13.3.rel1.macos64_1.0.0.202411102158/tools/bin/../lib/gcc/arm-none-eabi/13.3.1/../../../../arm-none-eabi/lib/thumb/v7-m/nofp/libc_nano.a(libc_a-lock.o)
                0x20000368                __lock___malloc_recursive_mutex
 .bss.__lock___sfp_recursive_mutex
                0x20000369        0x1 /Applications/STM32CubeIDE.app/Contents/Eclipse/plugins/com.st.stm32cube.ide.mcu.externaltools.gnu-tools-for-stm32.13.3.rel1.macos64_1.0.0.202411102158/tools/bin/../lib/gcc/arm-none-eabi/13.3.1/../../../../arm-none-eabi/lib/thumb/v7-m/nofp/libc_nano.a(libc_a-lock.o)
                0x20000369                __lock___sfp_recursive_mutex
 *fill*         0x2000036a        0x2 
 .bss.errno     0x2000036c        0x4 /Applications/STM32CubeIDE.app/Contents/Eclipse/plugins/com.st.stm32cube.ide.mcu.externaltools.gnu-tools-for-stm32.13.3.rel1.macos64_1.0.0.202411102158/tools/bin/../lib/gcc/arm-none-eabi/13.3.1/../../../../arm-none-eabi/lib/thumb/v7-m/nofp/libc_nano.a(libc_a-reent.o)
                0x2000036c                errno
 *(COMMON)
                0x20000370                        . = ALIGN (0x4)
                0x20000370                        _ebss = .
                0x20000370                        __bss_end__ = _ebss

._user_heap_stack
                0x20000370      0x600 load address 0x08006dbc
                0x20000370                        . = ALIGN (0x8)
                [!provide]                        PROVIDE (end = .)
                0x20000370                        PROVIDE (_end = .)
                0x20000570                        . = (. + _Min_Heap_Size)
 *fill*         0x20000370      0x200 
                0x20000970                        . = (. + _Min_Stack_Size)
 *fill*         0x20000570      0x400 
                0x20000970                        . = ALIGN (0x8)

/DISCARD/
 libc.a(*)
 libm.a(*)
 libgcc.a(*)

.ARM.attributes
                0x00000000       0x29
 *(.ARM.attributes)
 .ARM.attributes
                0x00000000       0x1d /Applications/STM32CubeIDE.app/Contents/Eclipse/plugins/com.st.stm32cube.ide.mcu.externaltools.gnu-tools-for-stm32.13.3.rel1.macos64_1.0.0.202411102158/tools/bin/../lib/gcc/arm-none-eabi/13.3.1/thumb/v7-m/nofp/crti.o
 .ARM.attributes
                0x0000001d       0x2d /Applications/STM32CubeIDE.app/Contents/Eclipse/plugins/com.st.stm32cube.ide.mcu.externaltools.gnu-tools-for-stm32.13.3.rel1.macos64_1.0.0.202411102158/tools/bin/../lib/gcc/arm-none-eabi/13.3.1/thumb/v7-m/nofp/crtbegin.o
 .ARM.attributes
                0x0000004a       0x2d ./Core/Src/L6474.o
 .ARM.attributes
                0x00000077       0x2d ./Core/Src/Pwm.o
 .ARM.attributes
                0x000000a4       0x2d ./Core/Src/driver.o
 .ARM.attributes
                0x000000d1       0x2d ./Core/Src/main.o
 .ARM.attributes
                0x000000fe       0x2d ./Core/Src/stm32f1xx_hal_msp.o
 .ARM.attributes
                0x0000012b       0x2d ./Core/Src/stm32f1xx_it.o
 .ARM.attributes
                0x00000158       0x2d ./Core/Src/syscalls.o
 .ARM.attributes
                0x00000185       0x2d ./Core/Src/sysmem.o
 .ARM.attributes
                0x000001b2       0x2d ./Core/Src/system_stm32f1xx.o
 .ARM.attributes
                0x000001df       0x21 ./Core/Startup/startup_stm32f103rbtx.o
 .ARM.attributes
                0x00000200       0x2d ./Drivers/STM32F1xx_HAL_Driver/Src/stm32f1xx_hal.o
 .ARM.attributes
                0x0000022d       0x2d ./Drivers/STM32F1xx_HAL_Driver/Src/stm32f1xx_hal_cortex.o
 .ARM.attributes
                0x0000025a       0x2d ./Drivers/STM32F1xx_HAL_Driver/Src/stm32f1xx_hal_dma.o
 .ARM.attributes
                0x00000287       0x2d ./Drivers/STM32F1xx_HAL_Driver/Src/stm32f1xx_hal_gpio.o
 .ARM.attributes
                0x000002b4       0x2d ./Drivers/STM32F1xx_HAL_Driver/Src/stm32f1xx_hal_rcc.o
 .ARM.attributes
                0x000002e1       0x2d ./Drivers/STM32F1xx_HAL_Driver/Src/stm32f1xx_hal_spi.o
 .ARM.attributes
                0x0000030e       0x2d ./Drivers/STM32F1xx_HAL_Driver/Src/stm32f1xx_hal_tim.o
 .ARM.attributes
                0x0000033b       0x2d ./Drivers/STM32F1xx_HAL_Driver/Src/stm32f1xx_hal_tim_ex.o
 .ARM.attributes
                0x00000368       0x2d /Applications/STM32CubeIDE.app/Contents/Eclipse/plugins/com.st.stm32cube.ide.mcu.externaltools.gnu-tools-for-stm32.13.3.rel1.macos64_1.0.0.202411102158/tools/bin/../lib/gcc/arm-none-eabi/13.3.1/../../../../arm-none-eabi/lib/thumb/v7-m/nofp/libstdc++_nano.a(del_ops.o)
 .ARM.attributes
                0x00000395       0x2d /Applications/STM32CubeIDE.app/Contents/Eclipse/plugins/com.st.stm32cube.ide.mcu.externaltools.gnu-tools-for-stm32.13.3.rel1.macos64_1.0.0.202411102158/tools/bin/../lib/gcc/arm-none-eabi/13.3.1/../../../../arm-none-eabi/lib/thumb/v7-m/nofp/libstdc++_nano.a(new_op.o)
 .ARM.attributes
                0x000003c2       0x2d /Applications/STM32CubeIDE.app/Contents/Eclipse/plugins/com.st.stm32cube.ide.mcu.externaltools.gnu-tools-for-stm32.13.3.rel1.macos64_1.0.0.202411102158/tools/bin/../lib/gcc/arm-none-eabi/13.3.1/../../../../arm-none-eabi/lib/thumb/v7-m/nofp/libstdc++_nano.a(del_op.o)
 .ARM.attributes
                0x000003ef       0x2d /Applications/STM32CubeIDE.app/Contents/Eclipse/plugins/com.st.stm32cube.ide.mcu.externaltools.gnu-tools-for-stm32.13.3.rel1.macos64_1.0.0.202411102158/tools/bin/../lib/gcc/arm-none-eabi/13.3.1/../../../../arm-none-eabi/lib/thumb/v7-m/nofp/libstdc++_nano.a(new_handler.o)
 .ARM.attributes
                0x0000041c       0x2d /Applications/STM32CubeIDE.app/Contents/Eclipse/plugins/com.st.stm32cube.ide.mcu.externaltools.gnu-tools-for-stm32.13.3.rel1.macos64_1.0.0.202411102158/tools/bin/../lib/gcc/arm-none-eabi/13.3.1/../../../../arm-none-eabi/lib/thumb/v7-m/nofp/libc_nano.a(libc_a-abort.o)
 .ARM.attributes
                0x00000449       0x2d /Applications/STM32CubeIDE.app/Contents/Eclipse/plugins/com.st.stm32cube.ide.mcu.externaltools.gnu-tools-for-stm32.13.3.rel1.macos64_1.0.0.202411102158/tools/bin/../lib/gcc/arm-none-eabi/13.3.1/../../../../arm-none-eabi/lib/thumb/v7-m/nofp/libc_nano.a(libc_a-exit.o)
 .ARM.attributes
                0x00000476       0x2d /Applications/STM32CubeIDE.app/Contents/Eclipse/plugins/com.st.stm32cube.ide.mcu.externaltools.gnu-tools-for-stm32.13.3.rel1.macos64_1.0.0.202411102158/tools/bin/../lib/gcc/arm-none-eabi/13.3.1/../../../../arm-none-eabi/lib/thumb/v7-m/nofp/libc_nano.a(libc_a-malloc.o)
 .ARM.attributes
                0x000004a3       0x2d /Applications/STM32CubeIDE.app/Contents/Eclipse/plugins/com.st.stm32cube.ide.mcu.externaltools.gnu-tools-for-stm32.13.3.rel1.macos64_1.0.0.202411102158/tools/bin/../lib/gcc/arm-none-eabi/13.3.1/../../../../arm-none-eabi/lib/thumb/v7-m/nofp/libc_nano.a(libc_a-mallocr.o)
 .ARM.attributes
                0x000004d0       0x2d /Applications/STM32CubeIDE.app/Contents/Eclipse/plugins/com.st.stm32cube.ide.mcu.externaltools.gnu-tools-for-stm32.13.3.rel1.macos64_1.0.0.202411102158/tools/bin/../lib/gcc/arm-none-eabi/13.3.1/../../../../arm-none-eabi/lib/thumb/v7-m/nofp/libc_nano.a(libc_a-mlock.o)
 .ARM.attributes
                0x000004fd       0x2d /Applications/STM32CubeIDE.app/Contents/Eclipse/plugins/com.st.stm32cube.ide.mcu.externaltools.gnu-tools-for-stm32.13.3.rel1.macos64_1.0.0.202411102158/tools/bin/../lib/gcc/arm-none-eabi/13.3.1/../../../../arm-none-eabi/lib/thumb/v7-m/nofp/libc_nano.a(libc_a-findfp.o)
 .ARM.attributes
                0x0000052a       0x2d /Applications/STM32CubeIDE.app/Contents/Eclipse/plugins/com.st.stm32cube.ide.mcu.externaltools.gnu-tools-for-stm32.13.3.rel1.macos64_1.0.0.202411102158/tools/bin/../lib/gcc/arm-none-eabi/13.3.1/../../../../arm-none-eabi/lib/thumb/v7-m/nofp/libc_nano.a(libc_a-fwalk.o)
 .ARM.attributes
                0x00000557       0x2d /Applications/STM32CubeIDE.app/Contents/Eclipse/plugins/com.st.stm32cube.ide.mcu.externaltools.gnu-tools-for-stm32.13.3.rel1.macos64_1.0.0.202411102158/tools/bin/../lib/gcc/arm-none-eabi/13.3.1/../../../../arm-none-eabi/lib/thumb/v7-m/nofp/libc_nano.a(libc_a-printf.o)
 .ARM.attributes
                0x00000584       0x2d /Applications/STM32CubeIDE.app/Contents/Eclipse/plugins/com.st.stm32cube.ide.mcu.externaltools.gnu-tools-for-stm32.13.3.rel1.macos64_1.0.0.202411102158/tools/bin/../lib/gcc/arm-none-eabi/13.3.1/../../../../arm-none-eabi/lib/thumb/v7-m/nofp/libc_nano.a(libc_a-puts.o)
 .ARM.attributes
                0x000005b1       0x2d /Applications/STM32CubeIDE.app/Contents/Eclipse/plugins/com.st.stm32cube.ide.mcu.externaltools.gnu-tools-for-stm32.13.3.rel1.macos64_1.0.0.202411102158/tools/bin/../lib/gcc/arm-none-eabi/13.3.1/../../../../arm-none-eabi/lib/thumb/v7-m/nofp/libc_nano.a(libc_a-memset.o)
 .ARM.attributes
                0x000005de       0x2d /Applications/STM32CubeIDE.app/Contents/Eclipse/plugins/com.st.stm32cube.ide.mcu.externaltools.gnu-tools-for-stm32.13.3.rel1.macos64_1.0.0.202411102158/tools/bin/../lib/gcc/arm-none-eabi/13.3.1/../../../../arm-none-eabi/lib/thumb/v7-m/nofp/libc_nano.a(libc_a-signal.o)
 .ARM.attributes
                0x0000060b       0x2d /Applications/STM32CubeIDE.app/Contents/Eclipse/plugins/com.st.stm32cube.ide.mcu.externaltools.gnu-tools-for-stm32.13.3.rel1.macos64_1.0.0.202411102158/tools/bin/../lib/gcc/arm-none-eabi/13.3.1/../../../../arm-none-eabi/lib/thumb/v7-m/nofp/libc_nano.a(libc_a-signalr.o)
 .ARM.attributes
                0x00000638       0x2d /Applications/STM32CubeIDE.app/Contents/Eclipse/plugins/com.st.stm32cube.ide.mcu.externaltools.gnu-tools-for-stm32.13.3.rel1.macos64_1.0.0.202411102158/tools/bin/../lib/gcc/arm-none-eabi/13.3.1/../../../../arm-none-eabi/lib/thumb/v7-m/nofp/libc_nano.a(libc_a-sbrkr.o)
 .ARM.attributes
                0x00000665       0x2d /Applications/STM32CubeIDE.app/Contents/Eclipse/plugins/com.st.stm32cube.ide.mcu.externaltools.gnu-tools-for-stm32.13.3.rel1.macos64_1.0.0.202411102158/tools/bin/../lib/gcc/arm-none-eabi/13.3.1/../../../../arm-none-eabi/lib/thumb/v7-m/nofp/libc_nano.a(libc_a-errno.o)
 .ARM.attributes
                0x00000692       0x2d /Applications/STM32CubeIDE.app/Contents/Eclipse/plugins/com.st.stm32cube.ide.mcu.externaltools.gnu-tools-for-stm32.13.3.rel1.macos64_1.0.0.202411102158/tools/bin/../lib/gcc/arm-none-eabi/13.3.1/../../../../arm-none-eabi/lib/thumb/v7-m/nofp/libc_nano.a(libc_a-init.o)
 .ARM.attributes
                0x000006bf       0x2d /Applications/STM32CubeIDE.app/Contents/Eclipse/plugins/com.st.stm32cube.ide.mcu.externaltools.gnu-tools-for-stm32.13.3.rel1.macos64_1.0.0.202411102158/tools/bin/../lib/gcc/arm-none-eabi/13.3.1/../../../../arm-none-eabi/lib/thumb/v7-m/nofp/libc_nano.a(libc_a-lock.o)
 .ARM.attributes
                0x000006ec       0x2d /Applications/STM32CubeIDE.app/Contents/Eclipse/plugins/com.st.stm32cube.ide.mcu.externaltools.gnu-tools-for-stm32.13.3.rel1.macos64_1.0.0.202411102158/tools/bin/../lib/gcc/arm-none-eabi/13.3.1/../../../../arm-none-eabi/lib/thumb/v7-m/nofp/libc_nano.a(libc_a-reent.o)
 .ARM.attributes
                0x00000719       0x2d /Applications/STM32CubeIDE.app/Contents/Eclipse/plugins/com.st.stm32cube.ide.mcu.externaltools.gnu-tools-for-stm32.13.3.rel1.macos64_1.0.0.202411102158/tools/bin/../lib/gcc/arm-none-eabi/13.3.1/../../../../arm-none-eabi/lib/thumb/v7-m/nofp/libc_nano.a(libc_a-impure.o)
 .ARM.attributes
                0x00000746       0x2d /Applications/STM32CubeIDE.app/Contents/Eclipse/plugins/com.st.stm32cube.ide.mcu.externaltools.gnu-tools-for-stm32.13.3.rel1.macos64_1.0.0.202411102158/tools/bin/../lib/gcc/arm-none-eabi/13.3.1/../../../../arm-none-eabi/lib/thumb/v7-m/nofp/libc_nano.a(libc_a-freer.o)
 .ARM.attributes
                0x00000773       0x2d /Applications/STM32CubeIDE.app/Contents/Eclipse/plugins/com.st.stm32cube.ide.mcu.externaltools.gnu-tools-for-stm32.13.3.rel1.macos64_1.0.0.202411102158/tools/bin/../lib/gcc/arm-none-eabi/13.3.1/../../../../arm-none-eabi/lib/thumb/v7-m/nofp/libc_nano.a(libc_a-nano-vfprintf.o)
 .ARM.attributes
                0x000007a0       0x2d /Applications/STM32CubeIDE.app/Contents/Eclipse/plugins/com.st.stm32cube.ide.mcu.externaltools.gnu-tools-for-stm32.13.3.rel1.macos64_1.0.0.202411102158/tools/bin/../lib/gcc/arm-none-eabi/13.3.1/../../../../arm-none-eabi/lib/thumb/v7-m/nofp/libc_nano.a(libc_a-nano-vfprintf_i.o)
 .ARM.attributes
                0x000007cd       0x2d /Applications/STM32CubeIDE.app/Contents/Eclipse/plugins/com.st.stm32cube.ide.mcu.externaltools.gnu-tools-for-stm32.13.3.rel1.macos64_1.0.0.202411102158/tools/bin/../lib/gcc/arm-none-eabi/13.3.1/../../../../arm-none-eabi/lib/thumb/v7-m/nofp/libc_nano.a(libc_a-fflush.o)
 .ARM.attributes
                0x000007fa       0x2d /Applications/STM32CubeIDE.app/Contents/Eclipse/plugins/com.st.stm32cube.ide.mcu.externaltools.gnu-tools-for-stm32.13.3.rel1.macos64_1.0.0.202411102158/tools/bin/../lib/gcc/arm-none-eabi/13.3.1/../../../../arm-none-eabi/lib/thumb/v7-m/nofp/libc_nano.a(libc_a-stdio.o)