../Core/Src/driver.cpp:57:6:void flag_irq_handler()	16	static
../Core/Src/driver.cpp:75:17:void L6474_create()	16	static
../Core/Src/driver.cpp:96:17:void L6474_move()	8	static
../Core/Src/driver.cpp:122:17:void L6474_run()	32	static
../Core/Src/driver.cpp:158:6:void CS_Low()	8	static
../Core/Src/driver.cpp:163:6:void CS_High()	8	static
../Core/Src/driver.cpp:168:6:void RESET_Low()	8	static
../Core/Src/driver.cpp:173:6:void RESET_High()	8	static
../Core/Src/driver.cpp:217:6:void main_tick()	4	static
../Core/Src/driver.cpp:223:10:uint16_t get_udp_data_len(uint8_t*)	24	static
../Core/Src/driver.cpp:236:10:uint16_t packetloop_icmp_udp(uint8_t*, uint16_t)	16	static
../Core/Src/driver.cpp:277:10:uint16_t http200ok()	8	static
../Core/Src/driver.cpp:281:10:uint16_t print_webpage(uint8_t*)	24	static
../Core/Src/driver.cpp:291:17:void ENC28J60_test()	24	static
