../Core/Src/main.c:80:5:main	8	static
../Core/Src/main.c:185:6:SystemClock_Config	72	static
../Core/Src/main.c:222:13:MX_SPI1_Init	8	static
../Core/Src/main.c:260:13:MX_TIM3_Init	48	static
../Core/Src/main.c:309:13:MX_USART2_UART_Init	8	static
../Core/Src/main.c:340:13:MX_DMA_Init	16	static
../Core/Src/main.c:361:13:MX_GPIO_Init	40	static
../Core/Src/main.c:413:6:HAL_SPI_TxRxCpltCallback	16	static
../Core/Src/main.c:417:6:HAL_SPI_ErrorCallback	16	static
../Core/Src/main.c:421:5:_write	24	static
../Core/Src/main.c:427:5:_read	32	static
../Core/Src/main.c:450:6:Error_Handler	4	static,ignoring_inline_asm
